[2022-10-30T11:51:00.874+0300][0.022s][info][gc] Using G1
[2022-10-30T11:51:00.874+0300][0.023s][debug][gc] ConcGCThreads: 2 offset 12
[2022-10-30T11:51:00.874+0300][0.023s][debug][gc] ParallelGCThreads: 6
[2022-10-30T11:51:00.874+0300][0.023s][debug][gc] Initialize mark stack with 4096 chunks, maximum 524288
[2022-10-30T11:51:01.061+0300][0,210s][info ][gc] GC(0) Pause Young (Normal) (G1 Evacuation Pause) 45M->38M(512M) 17,976ms
[2022-10-30T11:51:01.086+0300][0,234s][info ][gc] GC(1) Pause Young (Normal) (G1 Evacuation Pause) 59M->60M(512M) 16,136ms
[2022-10-30T11:51:01.103+0300][0,252s][info ][gc] GC(2) Pause Young (Normal) (G1 Evacuation Pause) 81M->82M(512M) 8,849ms
[2022-10-30T11:51:01.122+0300][0,270s][info ][gc] GC(3) Pause Young (Normal) (G1 Evacuation Pause) 103M->104M(512M) 10,057ms
[2022-10-30T11:51:01.149+0300][0,298s][info ][gc] GC(4) Pause Young (Normal) (G1 Evacuation Pause) 136M->137M(512M) 12,685ms
[2022-10-30T11:51:01.203+0300][0,351s][info ][gc] GC(5) Pause Young (Normal) (G1 Evacuation Pause) 196M->198M(512M) 18,710ms
[2022-10-30T11:51:01.245+0300][0,393s][info ][gc] GC(6) Pause Young (Normal) (G1 Evacuation Pause) 246M->248M(512M) 22,294ms
[2022-10-30T11:51:01.280+0300][0,428s][info ][gc] GC(7) Pause Young (Concurrent Start) (G1 Humongous Allocation) 280M->281M(512M) 12,514ms
[2022-10-30T11:51:01.280+0300][0,428s][info ][gc] GC(8) Concurrent Mark Cycle
[2022-10-30T11:51:01.294+0300][0,443s][debug][gc] GC(8) Reclaimed 225 empty regions
[2022-10-30T11:51:01.294+0300][0,443s][info ][gc] GC(8) Pause Remark 301M->76M(512M) 4,352ms
[2022-10-30T11:51:01.309+0300][0,458s][info ][gc] GC(8) Pause Cleanup 113M->113M(512M) 0,077ms
[2022-10-30T11:51:01.311+0300][0,460s][info ][gc] GC(8) Concurrent Mark Cycle 31,504ms
[2022-10-30T11:51:01.338+0300][0,486s][info ][gc] GC(9) Pause Young (Prepare Mixed) (G1 Evacuation Pause) 130M->122M(512M) 21,032ms
[2022-10-30T11:51:01.353+0300][0,501s][info ][gc] GC(10) Pause Young (Mixed) (G1 Evacuation Pause) 139M->139M(512M) 8,441ms
[2022-10-30T11:51:01.466+0300][0,614s][info ][gc] GC(11) Pause Young (Normal) (G1 Evacuation Pause) 258M->259M(512M) 51,632ms
[2022-10-30T11:51:01.524+0300][0,672s][info ][gc] GC(12) Pause Young (Concurrent Start) (G1 Humongous Allocation) 319M->320M(512M) 24,417ms
[2022-10-30T11:51:01.524+0300][0,673s][info ][gc] GC(13) Concurrent Mark Cycle
[2022-10-30T11:51:01.545+0300][0,694s][debug][gc] GC(13) Reclaimed 228 empty regions
[2022-10-30T11:51:01.545+0300][0,694s][info ][gc] GC(13) Pause Remark 364M->136M(512M) 0,843ms
[2022-10-30T11:51:01.576+0300][0,725s][info ][gc] GC(14) Pause Young (Normal) (G1 Evacuation Pause) 154M->146M(512M) 19,213ms
[2022-10-30T11:51:01.593+0300][0,742s][info ][gc] GC(13) Pause Cleanup 191M->191M(512M) 0,096ms
[2022-10-30T11:51:01.597+0300][0,746s][info ][gc] GC(13) Concurrent Mark Cycle 73,564ms
[2022-10-30T11:51:01.668+0300][0,816s][info ][gc] GC(15) Pause Young (Prepare Mixed) (G1 Evacuation Pause) 262M->264M(512M) 39,949ms
[2022-10-30T11:51:01.680+0300][0,829s][info ][gc] GC(16) Pause Young (Mixed) (G1 Evacuation Pause) 276M->276M(512M) 8,001ms
[2022-10-30T11:51:01.724+0300][0,873s][info ][gc] GC(17) Pause Young (Concurrent Start) (G1 Evacuation Pause) 332M->333M(512M) 22,402ms
[2022-10-30T11:51:01.724+0300][0,873s][info ][gc] GC(18) Concurrent Mark Cycle
[2022-10-30T11:51:01.790+0300][0,938s][info ][gc] GC(19) Pause Young (Normal) (G1 Evacuation Pause) 391M->393M(512M) 25,578ms
[2022-10-30T11:51:01.806+0300][0,955s][debug][gc] GC(18) Reclaimed 181 empty regions
[2022-10-30T11:51:01.806+0300][0,955s][info ][gc] GC(18) Pause Remark 406M->225M(512M) 7,605ms
[2022-10-30T11:51:01.823+0300][0,971s][info ][gc] GC(20) Pause Young (Normal) (G1 Evacuation Pause) 231M->232M(512M) 6,811ms
[2022-10-30T11:51:01.871+0300][1,020s][info ][gc] GC(21) Pause Young (Normal) (G1 Evacuation Pause) 301M->303M(512M) 22,474ms
[2022-10-30T11:51:01.884+0300][1,032s][info ][gc] GC(18) Pause Cleanup 316M->316M(512M) 0,102ms
[2022-10-30T11:51:01.884+0300][1,033s][info ][gc] GC(18) Concurrent Mark Cycle 159,684ms
[2022-10-30T11:51:01.916+0300][1,065s][info ][gc] GC(22) Pause Young (Prepare Mixed) (G1 Evacuation Pause) 370M->371M(512M) 14,744ms
[2022-10-30T11:51:01.929+0300][1,078s][info ][gc] GC(23) Pause Young (Mixed) (G1 Evacuation Pause) 388M->377M(512M) 6,932ms
[2022-10-30T11:51:01.947+0300][1,096s][info ][gc] GC(24) Pause Young (Concurrent Start) (G1 Evacuation Pause) 401M->402M(512M) 8,340ms
[2022-10-30T11:51:01.947+0300][1,096s][info ][gc] GC(25) Concurrent Mark Cycle
[2022-10-30T11:51:01.962+0300][1,111s][info ][gc] GC(26) Pause Young (Normal) (G1 Evacuation Pause) 423M->425M(512M) 6,684ms
[2022-10-30T11:51:01.991+0300][1,140s][info ][gc] GC(27) Pause Young (Normal) (G1 Evacuation Pause) 466M->468M(512M) 8,211ms
[2022-10-30T11:51:02.005+0300][1,154s][info ][gc] GC(28) Pause Young (Normal) (G1 Preventive Collection) 485M->486M(512M) 6,640ms
[2022-10-30T11:51:02.017+0300][1,166s][info ][gc] GC(29) Pause Young (Normal) (G1 Preventive Collection) 495M->496M(512M) 6,359ms
[2022-10-30T11:51:02.022+0300][1,171s][info ][gc] GC(30) Pause Young (Normal) (G1 Preventive Collection) 500M->501M(512M) 2,774ms
[2022-10-30T11:51:02.029+0300][1,177s][info ][gc] GC(31) Pause Young (Normal) (G1 Preventive Collection) 503M->504M(512M) 2,566ms
[2022-10-30T11:51:02.031+0300][1,180s][debug][gc] GC(25) Reclaimed 280 empty regions
[2022-10-30T11:51:02.031+0300][1,180s][info ][gc] GC(25) Pause Remark 504M->224M(512M) 0,521ms
[2022-10-30T11:51:02.049+0300][1,198s][info ][gc] GC(32) Pause Young (Normal) (G1 Evacuation Pause) 246M->246M(512M) 8,858ms
[2022-10-30T11:51:02.113+0300][1,262s][info ][gc] GC(33) Pause Young (Normal) (G1 Evacuation Pause) 331M->332M(512M) 23,512ms
[2022-10-30T11:51:02.121+0300][1,269s][info ][gc] GC(25) Pause Cleanup 351M->351M(512M) 0,094ms
[2022-10-30T11:51:02.121+0300][1,270s][info ][gc] GC(25) Concurrent Mark Cycle 173,943ms
[2022-10-30T11:51:02.143+0300][1,292s][info ][gc] GC(34) Pause Young (Prepare Mixed) (G1 Evacuation Pause) 370M->371M(512M) 15,071ms
[2022-10-30T11:51:02.159+0300][1,307s][info ][gc] GC(35) Pause Young (Mixed) (G1 Evacuation Pause) 390M->387M(512M) 7,853ms
[2022-10-30T11:51:02.175+0300][1,323s][info ][gc] GC(36) Pause Young (Concurrent Start) (G1 Evacuation Pause) 408M->409M(512M) 7,868ms
[2022-10-30T11:51:02.175+0300][1,323s][info ][gc] GC(37) Concurrent Mark Cycle
[2022-10-30T11:51:02.191+0300][1,339s][info ][gc] GC(38) Pause Young (Normal) (G1 Evacuation Pause) 430M->431M(512M) 7,768ms
[2022-10-30T11:51:02.217+0300][1,365s][info ][gc] GC(39) Pause Young (Normal) (G1 Evacuation Pause) 472M->473M(512M) 6,802ms
[2022-10-30T11:51:02.228+0300][1,377s][info ][gc] GC(40) Pause Young (Normal) (G1 Preventive Collection) 488M->490M(512M) 5,933ms
[2022-10-30T11:51:02.237+0300][1,386s][info ][gc] GC(41) Pause Young (Normal) (G1 Preventive Collection) 497M->498M(512M) 5,595ms
[2022-10-30T11:51:02.240+0300][1,389s][info ][gc] GC(42) Pause Young (Normal) (G1 Preventive Collection) 501M->502M(512M) 1,996ms
[2022-10-30T11:51:02.243+0300][1,392s][info ][gc] GC(43) Pause Young (Normal) (G1 Preventive Collection) 504M->504M(512M) 1,767ms
[2022-10-30T11:51:02.248+0300][1,397s][info ][gc] GC(44) Pause Young (Normal) (G1 Preventive Collection) 505M->505M(512M) 5,003ms
[2022-10-30T11:51:02.251+0300][1,399s][info ][gc] GC(45) Pause Young (Normal) (G1 Preventive Collection) 506M->506M(512M) 1,806ms
[2022-10-30T11:51:02.253+0300][1,401s][info ][gc] GC(46) Pause Young (Normal) (G1 Preventive Collection) 507M->507M(512M) 1,270ms
[2022-10-30T11:51:02.259+0300][1,407s][info ][gc] GC(47) Pause Young (Normal) (G1 Preventive Collection) (Evacuation Failure) 508M->509M(512M) 5,660ms
[2022-10-30T11:51:02.268+0300][1,417s][info ][gc] GC(48) Pause Young (Normal) (G1 Evacuation Pause) (Evacuation Failure) 510M->510M(512M) 9,321ms
[2022-10-30T11:51:02.269+0300][1,417s][debug][gc] GC(49) Clear Next Bitmap 0,153ms
[2022-10-30T11:51:02.291+0300][1,440s][info ][gc] GC(49) Pause Full (G1 Compaction Pause) 510M->64M(512M) 22,528ms
[2022-10-30T11:51:02.293+0300][1,442s][info ][gc] GC(37) Concurrent Mark Cycle 118,597ms
[2022-10-30T11:51:02.380+0300][1,528s][info ][gc] GC(50) Pause Young (Normal) (G1 Evacuation Pause) 206M->206M(512M) 31,221ms
[2022-10-30T11:51:02.439+0300][1,588s][info ][gc] GC(51) Pause Young (Concurrent Start) (G1 Humongous Allocation) 272M->273M(512M) 24,495ms
[2022-10-30T11:51:02.439+0300][1,588s][info ][gc] GC(52) Concurrent Mark Cycle
[2022-10-30T11:51:02.460+0300][1,609s][debug][gc] GC(52) Reclaimed 177 empty regions
[2022-10-30T11:51:02.460+0300][1,609s][info ][gc] GC(52) Pause Remark 341M->165M(512M) 0,722ms
[2022-10-30T11:51:02.479+0300][1,628s][info ][gc] GC(53) Pause Young (Normal) (G1 Evacuation Pause) 174M->163M(512M) 15,832ms
[2022-10-30T11:51:02.504+0300][1,652s][info ][gc] GC(52) Pause Cleanup 222M->222M(512M) 0,128ms
[2022-10-30T11:51:02.504+0300][1,653s][info ][gc] GC(52) Concurrent Mark Cycle 64,478ms
[2022-10-30T11:51:02.552+0300][1,701s][info ][gc] GC(54) Pause Young (Prepare Mixed) (G1 Evacuation Pause) 274M->276M(512M) 26,068ms
[2022-10-30T11:51:02.563+0300][1,712s][info ][gc] GC(55) Pause Young (Mixed) (G1 Evacuation Pause) 288M->289M(512M) 6,475ms
[2022-10-30T11:51:02.597+0300][1,746s][info ][gc] GC(56) Pause Young (Concurrent Start) (G1 Evacuation Pause) 340M->341M(512M) 14,352ms
[2022-10-30T11:51:02.597+0300][1,746s][info ][gc] GC(57) Concurrent Mark Cycle
[2022-10-30T11:51:02.634+0300][1,782s][info ][gc] GC(58) Pause Young (Normal) (G1 Evacuation Pause) 396M->397M(512M) 11,942ms
[2022-10-30T11:51:02.650+0300][1,798s][info ][gc] GC(59) Pause Young (Normal) (G1 Evacuation Pause) 416M->418M(512M) 8,506ms
[2022-10-30T11:51:02.665+0300][1,814s][info ][gc] GC(60) Pause Young (Normal) (G1 Evacuation Pause) 439M->440M(512M) 7,033ms
[2022-10-30T11:51:02.673+0300][1,822s][debug][gc] GC(57) Reclaimed 187 empty regions
[2022-10-30T11:51:02.673+0300][1,822s][info ][gc] GC(57) Pause Remark 457M->270M(512M) 1,136ms
[2022-10-30T11:51:02.682+0300][1,831s][info ][gc] GC(61) Pause Young (Normal) (G1 Evacuation Pause) 274M->275M(512M) 7,217ms
[2022-10-30T11:51:02.735+0300][1,884s][info ][gc] GC(62) Pause Young (Normal) (G1 Evacuation Pause) 351M->353M(512M) 18,616ms
[2022-10-30T11:51:02.757+0300][1,906s][info ][gc] GC(63) Pause Young (Normal) (G1 Evacuation Pause) 384M->385M(512M) 10,059ms
[2022-10-30T11:51:02.773+0300][1,922s][info ][gc] GC(64) Pause Young (Normal) (G1 Evacuation Pause) 406M->408M(512M) 7,332ms
[2022-10-30T11:51:02.775+0300][1,924s][info ][gc] GC(57) Pause Cleanup 413M->413M(512M) 0,112ms
[2022-10-30T11:51:02.775+0300][1,924s][info ][gc] GC(57) Concurrent Mark Cycle 178,602ms
[2022-10-30T11:51:02.788+0300][1,937s][info ][gc] GC(65) Pause Young (Prepare Mixed) (G1 Evacuation Pause) 429M->430M(512M) 6,981ms
[2022-10-30T11:51:02.804+0300][1,953s][info ][gc] GC(66) Pause Young (Mixed) (G1 Evacuation Pause) 451M->443M(512M) 7,736ms
[2022-10-30T11:51:02.818+0300][1,967s][info ][gc] GC(67) Pause Young (Concurrent Start) (G1 Humongous Allocation) 446M->448M(512M) 2,494ms
[2022-10-30T11:51:02.818+0300][1,967s][info ][gc] GC(68) Concurrent Mark Cycle
[2022-10-30T11:51:02.823+0300][1,972s][debug][gc] GC(68) Reclaimed 422 empty regions
[2022-10-30T11:51:02.823+0300][1,972s][info ][gc] GC(68) Pause Remark 475M->53M(512M) 0,672ms
[2022-10-30T11:51:02.835+0300][1,983s][info ][gc] GC(69) Pause Young (Normal) (G1 Evacuation Pause) 67M->64M(512M) 6,304ms
[2022-10-30T11:51:02.837+0300][1,985s][info ][gc] GC(68) Pause Cleanup 68M->68M(512M) 0,082ms
[2022-10-30T11:51:02.837+0300][1,986s][info ][gc] GC(68) Concurrent Mark Cycle 19,027ms
[2022-10-30T11:51:02.929+0300][2,078s][info ][gc] GC(70) Pause Young (Prepare Mixed) (G1 Evacuation Pause) 207M->208M(512M) 36,004ms
[2022-10-30T11:51:02.939+0300][2,088s][info ][gc] GC(71) Pause Young (Mixed) (G1 Evacuation Pause) 217M->217M(512M) 6,601ms
[2022-10-30T11:51:02.988+0300][2,136s][info ][gc] GC(72) Pause Young (Normal) (G1 Evacuation Pause) 291M->292M(512M) 20,616ms
[2022-10-30T11:51:03.003+0300][2,151s][info ][gc] GC(73) Pause Young (Concurrent Start) (G1 Humongous Allocation) 295M->297M(512M) 3,568ms
[2022-10-30T11:51:03.003+0300][2,151s][info ][gc] GC(74) Concurrent Mark Cycle
[2022-10-30T11:51:03.008+0300][2,157s][debug][gc] GC(74) Reclaimed 264 empty regions
[2022-10-30T11:51:03.008+0300][2,157s][info ][gc] GC(74) Pause Remark 326M->62M(512M) 0,592ms
[2022-10-30T11:51:03.017+0300][2,166s][info ][gc] GC(74) Pause Cleanup 86M->86M(512M) 0,086ms
[2022-10-30T11:51:03.018+0300][2,166s][info ][gc] GC(74) Concurrent Mark Cycle 15,060ms
[2022-10-30T11:51:03.038+0300][2,186s][info ][gc] GC(75) Pause Young (Prepare Mixed) (G1 Evacuation Pause) 102M->101M(512M) 13,914ms
[2022-10-30T11:51:03.052+0300][2,201s][info ][gc] GC(76) Pause Young (Mixed) (G1 Evacuation Pause) 119M->118M(512M) 7,555ms
[2022-10-30T11:51:03.131+0300][2,280s][info ][gc] GC(77) Pause Young (Normal) (G1 Evacuation Pause) 244M->245M(512M) 28,372ms
[2022-10-30T11:51:03.183+0300][2,332s][info ][gc] GC(78) Pause Young (Concurrent Start) (G1 Humongous Allocation) 301M->303M(512M) 19,760ms
[2022-10-30T11:51:03.183+0300][2,332s][info ][gc] GC(79) Concurrent Mark Cycle
[2022-10-30T11:51:03.201+0300][2,349s][debug][gc] GC(79) Reclaimed 212 empty regions
[2022-10-30T11:51:03.201+0300][2,349s][info ][gc] GC(79) Pause Remark 363M->151M(512M) 1,203ms
[2022-10-30T11:51:03.218+0300][2,366s][info ][gc] GC(80) Pause Young (Normal) (G1 Evacuation Pause) 158M->149M(512M) 13,970ms
[2022-10-30T11:51:03.237+0300][2,386s][info ][gc] GC(79) Pause Cleanup 200M->200M(512M) 0,071ms
[2022-10-30T11:51:03.238+0300][2,387s][info ][gc] GC(79) Concurrent Mark Cycle 54,728ms
[2022-10-30T11:51:03.293+0300][2,442s][info ][gc] GC(81) Pause Young (Prepare Mixed) (G1 Evacuation Pause) 265M->266M(512M) 27,449ms
[2022-10-30T11:51:03.305+0300][2,453s][info ][gc] GC(82) Pause Young (Mixed) (G1 Evacuation Pause) 278M->277M(512M) 7,022ms
[2022-10-30T11:51:03.343+0300][2,492s][info ][gc] GC(83) Pause Young (Concurrent Start) (G1 Evacuation Pause) 332M->334M(512M) 17,514ms
[2022-10-30T11:51:03.343+0300][2,492s][info ][gc] GC(84) Concurrent Mark Cycle
[2022-10-30T11:51:03.385+0300][2,533s][info ][gc] GC(85) Pause Young (Normal) (G1 Evacuation Pause) 392M->392M(512M) 15,470ms
[2022-10-30T11:51:03.399+0300][2,548s][info ][gc] GC(86) Pause Young (Normal) (G1 Evacuation Pause) 411M->413M(512M) 7,069ms
[2022-10-30T11:51:03.415+0300][2,564s][info ][gc] GC(87) Pause Young (Normal) (G1 Evacuation Pause) 434M->435M(512M) 7,743ms
[2022-10-30T11:51:03.419+0300][2,568s][debug][gc] GC(84) Reclaimed 178 empty regions
[2022-10-30T11:51:03.419+0300][2,568s][info ][gc] GC(84) Pause Remark 443M->265M(512M) 0,476ms
[2022-10-30T11:51:03.433+0300][2,581s][info ][gc] GC(88) Pause Young (Normal) (G1 Evacuation Pause) 278M->279M(512M) 8,466ms
[2022-10-30T11:51:03.484+0300][2,632s][info ][gc] GC(89) Pause Young (Normal) (G1 Evacuation Pause) 354M->356M(512M) 19,117ms
[2022-10-30T11:51:03.506+0300][2,655s][info ][gc] GC(90) Pause Young (Normal) (G1 Evacuation Pause) 387M->389M(512M) 10,385ms
[2022-10-30T11:51:03.522+0300][2,671s][info ][gc] GC(91) Pause Young (Normal) (G1 Evacuation Pause) 409M->410M(512M) 8,321ms
[2022-10-30T11:51:03.525+0300][2,673s][info ][gc] GC(84) Pause Cleanup 416M->416M(512M) 0,128ms
[2022-10-30T11:51:03.525+0300][2,674s][info ][gc] GC(84) Concurrent Mark Cycle 181,584ms
[2022-10-30T11:51:03.537+0300][2,686s][info ][gc] GC(92) Pause Young (Prepare Mixed) (G1 Evacuation Pause) 431M->433M(512M) 6,804ms
[2022-10-30T11:51:03.556+0300][2,704s][info ][gc] GC(93) Pause Young (Mixed) (G1 Evacuation Pause) 454M->444M(512M) 10,183ms
[2022-10-30T11:51:03.570+0300][2,718s][info ][gc] GC(94) Pause Young (Concurrent Start) (G1 Humongous Allocation) 446M->448M(512M) 2,727ms
[2022-10-30T11:51:03.570+0300][2,718s][info ][gc] GC(95) Concurrent Mark Cycle
[2022-10-30T11:51:03.575+0300][2,723s][debug][gc] GC(95) Reclaimed 425 empty regions
[2022-10-30T11:51:03.575+0300][2,724s][info ][gc] GC(95) Pause Remark 476M->51M(512M) 1,111ms
[2022-10-30T11:51:03.589+0300][2,738s][info ][gc] GC(96) Pause Young (Normal) (G1 Evacuation Pause) 65M->63M(512M) 8,359ms
[2022-10-30T11:51:03.591+0300][2,740s][info ][gc] GC(95) Pause Cleanup 68M->68M(512M) 0,067ms
[2022-10-30T11:51:03.591+0300][2,740s][info ][gc] GC(95) Concurrent Mark Cycle 21,478ms
[2022-10-30T11:51:03.679+0300][2,828s][info ][gc] GC(97) Pause Young (Prepare Mixed) (G1 Evacuation Pause) 206M->208M(512M) 32,061ms
[2022-10-30T11:51:03.689+0300][2,837s][info ][gc] GC(98) Pause Young (Mixed) (G1 Evacuation Pause) 217M->218M(512M) 6,369ms
[2022-10-30T11:51:03.737+0300][2,886s][info ][gc] GC(99) Pause Young (Normal) (G1 Evacuation Pause) 292M->294M(512M) 20,123ms
[2022-10-30T11:51:03.751+0300][2,900s][info ][gc] GC(100) Pause Young (Concurrent Start) (G1 Humongous Allocation) 296M->296M(512M) 3,715ms
[2022-10-30T11:51:03.751+0300][2,900s][info ][gc] GC(101) Concurrent Mark Cycle
[2022-10-30T11:51:03.758+0300][2,906s][debug][gc] GC(101) Reclaimed 268 empty regions
[2022-10-30T11:51:03.758+0300][2,906s][info ][gc] GC(101) Pause Remark 326M->58M(512M) 1,219ms
[2022-10-30T11:51:03.767+0300][2,916s][info ][gc] GC(101) Pause Cleanup 82M->82M(512M) 0,094ms
[2022-10-30T11:51:03.768+0300][2,916s][info ][gc] GC(101) Concurrent Mark Cycle 16,020ms
[2022-10-30T11:51:03.788+0300][2,937s][info ][gc] GC(102) Pause Young (Prepare Mixed) (G1 Evacuation Pause) 98M->98M(512M) 14,768ms
[2022-10-30T11:51:03.804+0300][2,953s][info ][gc] GC(103) Pause Young (Mixed) (G1 Evacuation Pause) 116M->116M(512M) 9,268ms
[2022-10-30T11:51:03.885+0300][3,034s][info ][gc] GC(104) Pause Young (Normal) (G1 Evacuation Pause) 243M->245M(512M) 29,058ms
[2022-10-30T11:51:03.935+0300][3,083s][info ][gc] GC(105) Pause Young (Concurrent Start) (G1 Humongous Allocation) 299M->300M(512M) 18,361ms
[2022-10-30T11:51:03.935+0300][3,083s][info ][gc] GC(106) Concurrent Mark Cycle
[2022-10-30T11:51:03.950+0300][3,099s][debug][gc] GC(106) Reclaimed 215 empty regions
[2022-10-30T11:51:03.950+0300][3,099s][info ][gc] GC(106) Pause Remark 356M->141M(512M) 0,625ms
[2022-10-30T11:51:03.973+0300][3,122s][info ][gc] GC(107) Pause Young (Normal) (G1 Evacuation Pause) 153M->144M(512M) 17,902ms
[2022-10-30T11:51:03.990+0300][3,139s][info ][gc] GC(106) Pause Cleanup 183M->183M(512M) 0,095ms
[2022-10-30T11:51:03.990+0300][3,139s][info ][gc] GC(106) Concurrent Mark Cycle 55,670ms
[2022-10-30T11:51:04.052+0300][3,200s][info ][gc] GC(108) Pause Young (Prepare Mixed) (G1 Evacuation Pause) 261M->263M(512M) 28,063ms
[2022-10-30T11:51:04.063+0300][3,211s][info ][gc] GC(109) Pause Young (Mixed) (G1 Evacuation Pause) 274M->274M(512M) 6,841ms
[2022-10-30T11:51:04.099+0300][3,248s][info ][gc] GC(110) Pause Young (Concurrent Start) (G1 Evacuation Pause) 330M->331M(512M) 15,263ms
[2022-10-30T11:51:04.099+0300][3,248s][info ][gc] GC(111) Concurrent Mark Cycle
[2022-10-30T11:51:04.139+0300][3,288s][info ][gc] GC(112) Pause Young (Normal) (G1 Evacuation Pause) 390M->391M(512M) 13,569ms
[2022-10-30T11:51:04.154+0300][3,303s][info ][gc] GC(113) Pause Young (Normal) (G1 Evacuation Pause) 411M->413M(512M) 6,997ms
[2022-10-30T11:51:04.169+0300][3,318s][info ][gc] GC(114) Pause Young (Normal) (G1 Evacuation Pause) 434M->436M(512M) 7,054ms
[2022-10-30T11:51:04.173+0300][3,322s][debug][gc] GC(111) Reclaimed 174 empty regions
[2022-10-30T11:51:04.173+0300][3,322s][info ][gc] GC(111) Pause Remark 444M->270M(512M) 0,954ms
[2022-10-30T11:51:04.187+0300][3,335s][info ][gc] GC(115) Pause Young (Normal) (G1 Evacuation Pause) 283M->284M(512M) 7,872ms
[2022-10-30T11:51:04.237+0300][3,386s][info ][gc] GC(116) Pause Young (Normal) (G1 Evacuation Pause) 357M->359M(512M) 18,773ms
[2022-10-30T11:51:04.259+0300][3,408s][info ][gc] GC(117) Pause Young (Normal) (G1 Evacuation Pause) 389M->390M(512M) 10,560ms
[2022-10-30T11:51:04.275+0300][3,424s][info ][gc] GC(118) Pause Young (Normal) (G1 Evacuation Pause) 410M->412M(512M) 7,727ms
[2022-10-30T11:51:04.278+0300][3,426s][info ][gc] GC(111) Pause Cleanup 419M->419M(512M) 0,109ms
[2022-10-30T11:51:04.278+0300][3,427s][info ][gc] GC(111) Concurrent Mark Cycle 178,676ms
[2022-10-30T11:51:04.291+0300][3,439s][info ][gc] GC(119) Pause Young (Prepare Mixed) (G1 Evacuation Pause) 433M->434M(512M) 7,500ms
[2022-10-30T11:51:04.305+0300][3,454s][info ][gc] GC(120) Pause Young (Mixed) (G1 Evacuation Pause) 455M->446M(512M) 6,570ms
[2022-10-30T11:51:04.318+0300][3,467s][info ][gc] GC(121) Pause Young (Concurrent Start) (G1 Humongous Allocation) 447M->448M(512M) 2,019ms
[2022-10-30T11:51:04.318+0300][3,467s][info ][gc] GC(122) Concurrent Mark Cycle
[2022-10-30T11:51:04.322+0300][3,471s][debug][gc] GC(122) Reclaimed 429 empty regions
[2022-10-30T11:51:04.322+0300][3,471s][info ][gc] GC(122) Pause Remark 474M->45M(512M) 0,805ms
[2022-10-30T11:51:04.338+0300][3,486s][info ][gc] GC(123) Pause Young (Normal) (G1 Evacuation Pause) 62M->62M(512M) 8,432ms
[2022-10-30T11:51:04.338+0300][3,487s][info ][gc] GC(122) Pause Cleanup 63M->63M(512M) 0,059ms
[2022-10-30T11:51:04.339+0300][3,487s][info ][gc] GC(122) Concurrent Mark Cycle 20,577ms
[2022-10-30T11:51:04.430+0300][3,579s][info ][gc] GC(124) Pause Young (Prepare Mixed) (G1 Evacuation Pause) 206M->207M(512M) 34,417ms
[2022-10-30T11:51:04.442+0300][3,591s][info ][gc] GC(125) Pause Young (Mixed) (G1 Evacuation Pause) 216M->216M(512M) 7,973ms
[2022-10-30T11:51:04.500+0300][3,649s][info ][gc] GC(126) Pause Young (Concurrent Start) (G1 Humongous Allocation) 290M->291M(512M) 20,319ms
[2022-10-30T11:51:04.500+0300][3,649s][info ][gc] GC(127) Concurrent Mark Cycle
[2022-10-30T11:51:04.517+0300][3,666s][debug][gc] GC(127) Reclaimed 198 empty regions
[2022-10-30T11:51:04.517+0300][3,666s][info ][gc] GC(127) Pause Remark 351M->153M(512M) 0,504ms
[2022-10-30T11:51:04.538+0300][3,687s][info ][gc] GC(128) Pause Young (Normal) (G1 Evacuation Pause) 164M->155M(512M) 16,221ms
[2022-10-30T11:51:04.557+0300][3,705s][info ][gc] GC(127) Pause Cleanup 199M->199M(512M) 0,064ms
[2022-10-30T11:51:04.557+0300][3,706s][info ][gc] GC(127) Concurrent Mark Cycle 56,695ms
[2022-10-30T11:51:04.613+0300][3,762s][info ][gc] GC(129) Pause Young (Prepare Mixed) (G1 Evacuation Pause) 269M->270M(512M) 26,432ms
[2022-10-30T11:51:04.625+0300][3,774s][info ][gc] GC(130) Pause Young (Mixed) (G1 Evacuation Pause) 282M->283M(512M) 7,196ms
[2022-10-30T11:51:04.662+0300][3,811s][info ][gc] GC(131) Pause Young (Concurrent Start) (G1 Evacuation Pause) 337M->338M(512M) 16,297ms
[2022-10-30T11:51:04.662+0300][3,811s][info ][gc] GC(132) Concurrent Mark Cycle
[2022-10-30T11:51:04.700+0300][3,849s][info ][gc] GC(133) Pause Young (Normal) (G1 Evacuation Pause) 394M->396M(512M) 13,101ms
[2022-10-30T11:51:04.715+0300][3,864s][info ][gc] GC(134) Pause Young (Normal) (G1 Evacuation Pause) 415M->415M(512M) 7,395ms
[2022-10-30T11:51:04.730+0300][3,879s][info ][gc] GC(135) Pause Young (Normal) (G1 Evacuation Pause) 436M->438M(512M) 7,333ms
[2022-10-30T11:51:04.737+0300][3,886s][debug][gc] GC(132) Reclaimed 188 empty regions
[2022-10-30T11:51:04.737+0300][3,886s][info ][gc] GC(132) Pause Remark 453M->265M(512M) 0,875ms
[2022-10-30T11:51:04.748+0300][3,897s][info ][gc] GC(136) Pause Young (Normal) (G1 Evacuation Pause) 271M->273M(512M) 8,023ms
[2022-10-30T11:51:04.802+0300][3,950s][info ][gc] GC(137) Pause Young (Normal) (G1 Evacuation Pause) 350M->351M(512M) 19,688ms
[2022-10-30T11:51:04.826+0300][3,975s][info ][gc] GC(138) Pause Young (Normal) (G1 Evacuation Pause) 383M->384M(512M) 11,907ms
[2022-10-30T11:51:04.835+0300][3,983s][info ][gc] GC(132) Pause Cleanup 406M->406M(512M) 0,100ms
[2022-10-30T11:51:04.843+0300][3,992s][info ][gc] GC(139) Pause Young (Prepare Mixed) (G1 Evacuation Pause) 406M->407M(512M) 8,117ms
[2022-10-30T11:51:04.844+0300][3,992s][info ][gc] GC(132) Concurrent Mark Cycle 181,540ms
[2022-10-30T11:51:04.859+0300][4,008s][info ][gc] GC(140) Pause Young (Mixed) (G1 Evacuation Pause) 428M->424M(512M) 7,714ms
[2022-10-30T11:51:04.884+0300][4,033s][info ][gc] GC(141) Pause Young (Concurrent Start) (G1 Humongous Allocation) 443M->444M(512M) 7,342ms
[2022-10-30T11:51:04.884+0300][4,033s][info ][gc] GC(142) Concurrent Mark Cycle
[2022-10-30T11:51:04.891+0300][4,040s][debug][gc] GC(142) Reclaimed 409 empty regions
[2022-10-30T11:51:04.891+0300][4,040s][info ][gc] GC(142) Pause Remark 479M->70M(512M) 0,615ms
[2022-10-30T11:51:04.902+0300][4,051s][info ][gc] GC(143) Pause Young (Normal) (G1 Evacuation Pause) 76M->73M(512M) 7,929ms
[2022-10-30T11:51:04.911+0300][4,060s][info ][gc] GC(142) Pause Cleanup 96M->96M(512M) 0,068ms
[2022-10-30T11:51:04.911+0300][4,060s][info ][gc] GC(142) Concurrent Mark Cycle 27,555ms
[2022-10-30T11:51:04.993+0300][4,142s][info ][gc] GC(144) Pause Young (Prepare Mixed) (G1 Evacuation Pause) 213M->214M(512M) 33,718ms
[2022-10-30T11:51:05.004+0300][4,153s][info ][gc] GC(145) Pause Young (Mixed) (G1 Evacuation Pause) 223M->224M(512M) 7,854ms
[2022-10-30T11:51:05.059+0300][4,208s][info ][gc] GC(146) Pause Young (Normal) (G1 Evacuation Pause) 296M->297M(512M) 27,466ms
[2022-10-30T11:51:05.079+0300][4,228s][info ][gc] GC(147) Pause Young (Concurrent Start) (G1 Humongous Allocation) 305M->307M(512M) 7,277ms
[2022-10-30T11:51:05.079+0300][4,228s][info ][gc] GC(148) Concurrent Mark Cycle
[2022-10-30T11:51:05.087+0300][4,235s][debug][gc] GC(148) Reclaimed 276 empty regions
[2022-10-30T11:51:05.087+0300][4,235s][info ][gc] GC(148) Pause Remark 340M->64M(512M) 1,050ms
[2022-10-30T11:51:05.099+0300][4,247s][info ][gc] GC(148) Pause Cleanup 94M->94M(512M) 0,087ms
[2022-10-30T11:51:05.099+0300][4,248s][info ][gc] GC(148) Concurrent Mark Cycle 19,748ms
[2022-10-30T11:51:05.120+0300][4,269s][info ][gc] GC(149) Pause Young (Prepare Mixed) (G1 Evacuation Pause) 97M->90M(512M) 19,899ms
[2022-10-30T11:51:05.137+0300][4,286s][info ][gc] GC(150) Pause Young (Mixed) (G1 Evacuation Pause) 108M->108M(512M) 10,112ms
[2022-10-30T11:51:05.222+0300][4,371s][info ][gc] GC(151) Pause Young (Normal) (G1 Evacuation Pause) 237M->238M(512M) 32,063ms
[2022-10-30T11:51:05.274+0300][4,423s][info ][gc] GC(152) Pause Young (Concurrent Start) (G1 Humongous Allocation) 294M->295M(512M) 20,391ms
[2022-10-30T11:51:05.274+0300][4,423s][info ][gc] GC(153) Concurrent Mark Cycle
[2022-10-30T11:51:05.290+0300][4,439s][debug][gc] GC(153) Reclaimed 208 empty regions
[2022-10-30T11:51:05.290+0300][4,439s][info ][gc] GC(153) Pause Remark 353M->145M(512M) 0,531ms
[2022-10-30T11:51:05.310+0300][4,459s][info ][gc] GC(154) Pause Young (Normal) (G1 Evacuation Pause) 157M->147M(512M) 14,727ms
[2022-10-30T11:51:05.328+0300][4,477s][info ][gc] GC(153) Pause Cleanup 194M->194M(512M) 0,107ms
[2022-10-30T11:51:05.328+0300][4,477s][info ][gc] GC(153) Concurrent Mark Cycle 54,384ms
[2022-10-30T11:51:05.387+0300][4,535s][info ][gc] GC(155) Pause Young (Prepare Mixed) (G1 Evacuation Pause) 263M->265M(512M) 28,568ms
[2022-10-30T11:51:05.401+0300][4,549s][info ][gc] GC(156) Pause Young (Mixed) (G1 Evacuation Pause) 277M->277M(512M) 9,444ms
[2022-10-30T11:51:05.441+0300][4,589s][info ][gc] GC(157) Pause Young (Concurrent Start) (G1 Evacuation Pause) 332M->334M(512M) 18,985ms
[2022-10-30T11:51:05.441+0300][4,589s][info ][gc] GC(158) Concurrent Mark Cycle
[2022-10-30T11:51:05.480+0300][4,629s][info ][gc] GC(159) Pause Young (Normal) (G1 Evacuation Pause) 392M->393M(512M) 13,675ms
[2022-10-30T11:51:05.498+0300][4,647s][info ][gc] GC(160) Pause Young (Normal) (G1 Evacuation Pause) 412M->414M(512M) 10,424ms
[2022-10-30T11:51:05.517+0300][4,665s][info ][gc] GC(161) Pause Young (Normal) (G1 Evacuation Pause) 435M->436M(512M) 7,796ms
[2022-10-30T11:51:05.520+0300][4,669s][debug][gc] GC(158) Reclaimed 179 empty regions
[2022-10-30T11:51:05.520+0300][4,669s][info ][gc] GC(158) Pause Remark 443M->264M(512M) 0,824ms
[2022-10-30T11:51:05.535+0300][4,683s][info ][gc] GC(162) Pause Young (Normal) (G1 Evacuation Pause) 278M->279M(512M) 8,292ms
[2022-10-30T11:51:05.590+0300][4,738s][info ][gc] GC(163) Pause Young (Normal) (G1 Evacuation Pause) 354M->356M(512M) 22,508ms
[2022-10-30T11:51:05.613+0300][4,762s][info ][gc] GC(164) Pause Young (Normal) (G1 Evacuation Pause) 387M->388M(512M) 11,186ms
[2022-10-30T11:51:05.629+0300][4,778s][info ][gc] GC(165) Pause Young (Normal) (G1 Evacuation Pause) 409M->410M(512M) 8,004ms
[2022-10-30T11:51:05.631+0300][4,780s][info ][gc] GC(158) Pause Cleanup 414M->414M(512M) 0,115ms
[2022-10-30T11:51:05.631+0300][4,780s][info ][gc] GC(158) Concurrent Mark Cycle 190,779ms
[2022-10-30T11:51:05.646+0300][4,794s][info ][gc] GC(166) Pause Young (Prepare Mixed) (G1 Evacuation Pause) 431M->432M(512M) 8,038ms
[2022-10-30T11:51:05.675+0300][4,824s][info ][gc] GC(167) Pause Young (Mixed) (G1 Evacuation Pause) 473M->467M(512M) 10,269ms
[2022-10-30T11:51:05.688+0300][4,837s][info ][gc] GC(168) Pause Young (Concurrent Start) (G1 Preventive Collection) 485M->486M(512M) 6,390ms
[2022-10-30T11:51:05.688+0300][4,837s][info ][gc] GC(169) Concurrent Mark Cycle
[2022-10-30T11:51:05.697+0300][4,846s][info ][gc] GC(170) Pause Young (Normal) (G1 Preventive Collection) 495M->497M(512M) 4,952ms
[2022-10-30T11:51:05.702+0300][4,851s][info ][gc] GC(171) Pause Young (Normal) (G1 Preventive Collection) 501M->502M(512M) 3,760ms
[2022-10-30T11:51:05.709+0300][4,858s][info ][gc] GC(172) Pause Young (Normal) (G1 Preventive Collection) 503M->504M(512M) 1,975ms
[2022-10-30T11:51:05.712+0300][4,860s][info ][gc] GC(173) Pause Young (Normal) (G1 Preventive Collection) 506M->506M(512M) 1,323ms
[2022-10-30T11:51:05.717+0300][4,866s][info ][gc] GC(174) Pause Young (Normal) (G1 Preventive Collection) (Evacuation Failure) 507M->509M(512M) 4,890ms
[2022-10-30T11:51:05.725+0300][4,874s][info ][gc] GC(175) Pause Young (Normal) (G1 Evacuation Pause) (Evacuation Failure) 510M->510M(512M) 7,618ms
[2022-10-30T11:51:05.725+0300][4,874s][debug][gc] GC(176) Clear Next Bitmap 0,238ms
[2022-10-30T11:51:05.744+0300][4,893s][info ][gc] GC(176) Pause Full (G1 Compaction Pause) 510M->60M(512M) 19,412ms
[2022-10-30T11:51:05.745+0300][4,893s][info ][gc] GC(169) Concurrent Mark Cycle 56,069ms
[2022-10-30T11:51:05.836+0300][4,985s][info ][gc] GC(177) Pause Young (Normal) (G1 Evacuation Pause) 204M->204M(512M) 33,924ms
[2022-10-30T11:51:05.893+0300][5,042s][info ][gc] GC(178) Pause Young (Concurrent Start) (G1 Humongous Allocation) 272M->273M(512M) 20,972ms
[2022-10-30T11:51:05.893+0300][5,042s][info ][gc] GC(179) Concurrent Mark Cycle
[2022-10-30T11:51:05.913+0300][5,061s][debug][gc] GC(179) Reclaimed 182 empty regions
[2022-10-30T11:51:05.913+0300][5,061s][info ][gc] GC(179) Pause Remark 338M->158M(512M) 0,597ms
[2022-10-30T11:51:05.937+0300][5,086s][info ][gc] GC(180) Pause Young (Normal) (G1 Evacuation Pause) 169M->159M(512M) 19,524ms
[2022-10-30T11:51:05.960+0300][5,109s][info ][gc] GC(179) Pause Cleanup 218M->218M(512M) 0,143ms
[2022-10-30T11:51:05.961+0300][5,109s][info ][gc] GC(179) Concurrent Mark Cycle 67,314ms
[2022-10-30T11:51:05.990+0300][5,139s][info ][gc] GC(181) Pause Young (Concurrent Start) (G1 Humongous Allocation) 218M->219M(512M) 19,856ms
[2022-10-30T11:51:05.990+0300][5,139s][info ][gc] GC(182) Concurrent Mark Cycle
[2022-10-30T11:51:06.006+0300][5,155s][debug][gc] GC(182) Reclaimed 142 empty regions
[2022-10-30T11:51:06.006+0300][5,155s][info ][gc] GC(182) Pause Remark 275M->133M(512M) 0,674ms
[2022-10-30T11:51:06.043+0300][5,192s][info ][gc] GC(183) Pause Young (Normal) (G1 Evacuation Pause) 171M->159M(512M) 21,710ms
[2022-10-30T11:51:06.050+0300][5,198s][info ][gc] GC(182) Pause Cleanup 176M->176M(512M) 0,092ms
[2022-10-30T11:51:06.050+0300][5,199s][info ][gc] GC(182) Concurrent Mark Cycle 60,035ms
[2022-10-30T11:51:06.083+0300][5,231s][info ][gc] GC(184) Pause Young (Concurrent Start) (G1 Humongous Allocation) 200M->201M(512M) 13,494ms
[2022-10-30T11:51:06.083+0300][5,231s][info ][gc] GC(185) Concurrent Mark Cycle
[2022-10-30T11:51:06.095+0300][5,244s][debug][gc] GC(185) Reclaimed 140 empty regions
[2022-10-30T11:51:06.095+0300][5,244s][info ][gc] GC(185) Pause Remark 249M->109M(512M) 0,802ms
[2022-10-30T11:51:06.114+0300][5,263s][info ][gc] GC(185) Pause Cleanup 158M->158M(512M) 0,091ms
[2022-10-30T11:51:06.114+0300][5,263s][info ][gc] GC(185) Concurrent Mark Cycle 31,707ms
[2022-10-30T11:51:06.136+0300][5,285s][info ][gc] GC(186) Pause Young (Prepare Mixed) (G1 Evacuation Pause) 160M->148M(512M) 21,256ms
[2022-10-30T11:51:06.152+0300][5,301s][info ][gc] GC(187) Pause Young (Mixed) (G1 Evacuation Pause) 161M->162M(512M) 10,392ms
[2022-10-30T11:51:06.180+0300][5,329s][info ][gc] GC(188) Pause Young (Concurrent Start) (G1 Humongous Allocation) 184M->185M(512M) 9,223ms
[2022-10-30T11:51:06.180+0300][5,329s][info ][gc] GC(189) Concurrent Mark Cycle
[2022-10-30T11:51:06.189+0300][5,338s][debug][gc] GC(189) Reclaimed 150 empty regions
[2022-10-30T11:51:06.189+0300][5,338s][info ][gc] GC(189) Pause Remark 221M->71M(512M) 0,937ms
[2022-10-30T11:51:06.200+0300][5,349s][info ][gc] GC(189) Pause Cleanup 100M->100M(512M) 0,061ms
[2022-10-30T11:51:06.200+0300][5,349s][info ][gc] GC(189) Concurrent Mark Cycle 20,076ms
[2022-10-30T11:51:06.240+0300][5,389s][info ][gc] GC(190) Pause Young (Normal) (G1 Evacuation Pause) 139M->129M(512M) 24,995ms
[2022-10-30T11:51:06.275+0300][5,424s][info ][gc] GC(191) Pause Young (Concurrent Start) (G1 Humongous Allocation) 160M->161M(512M) 12,839ms
[2022-10-30T11:51:06.275+0300][5,424s][info ][gc] GC(192) Concurrent Mark Cycle
[2022-10-30T11:51:06.286+0300][5,434s][debug][gc] GC(192) Reclaimed 109 empty regions
[2022-10-30T11:51:06.286+0300][5,435s][info ][gc] GC(192) Pause Remark 205M->96M(512M) 0,394ms
[2022-10-30T11:51:06.301+0300][5,449s][info ][gc] GC(192) Pause Cleanup 135M->135M(512M) 0,050ms
[2022-10-30T11:51:06.301+0300][5,450s][info ][gc] GC(192) Concurrent Mark Cycle 26,043ms
[2022-10-30T11:51:06.339+0300][5,488s][info ][gc] GC(193) Pause Young (Normal) (G1 Evacuation Pause) 164M->150M(512M) 27,077ms
[2022-10-30T11:51:06.370+0300][5,519s][info ][gc] GC(194) Pause Young (Concurrent Start) (G1 Humongous Allocation) 173M->174M(512M) 11,834ms
[2022-10-30T11:51:06.370+0300][5,519s][info ][gc] GC(195) Concurrent Mark Cycle
[2022-10-30T11:51:06.386+0300][5,535s][debug][gc] GC(195) Reclaimed 128 empty regions
[2022-10-30T11:51:06.386+0300][5,535s][info ][gc] GC(195) Pause Remark 220M->92M(512M) 5,181ms
[2022-10-30T11:51:06.402+0300][5,551s][info ][gc] GC(195) Pause Cleanup 133M->133M(512M) 0,089ms
[2022-10-30T11:51:06.402+0300][5,551s][info ][gc] GC(195) Concurrent Mark Cycle 32,404ms
[2022-10-30T11:51:06.440+0300][5,588s][info ][gc] GC(196) Pause Young (Prepare Mixed) (G1 Evacuation Pause) 154M->141M(512M) 29,267ms
[2022-10-30T11:51:06.451+0300][5,600s][info ][gc] GC(197) Pause Young (Mixed) (G1 Evacuation Pause) 153M->153M(512M) 6,974ms
[2022-10-30T11:51:06.524+0300][5,673s][info ][gc] GC(198) Pause Young (Normal) (G1 Evacuation Pause) 267M->269M(512M) 25,799ms
[2022-10-30T11:51:06.563+0300][5,712s][info ][gc] GC(199) Pause Young (Concurrent Start) (G1 Humongous Allocation) 304M->306M(512M) 15,935ms
[2022-10-30T11:51:06.563+0300][5,712s][info ][gc] GC(200) Concurrent Mark Cycle
[2022-10-30T11:51:06.582+0300][5,730s][debug][gc] GC(200) Reclaimed 248 empty regions
[2022-10-30T11:51:06.582+0300][5,730s][info ][gc] GC(200) Pause Remark 361M->113M(512M) 3,526ms
[2022-10-30T11:51:06.608+0300][5,757s][info ][gc] GC(201) Pause Young (Normal) (G1 Evacuation Pause) 124M->116M(512M) 21,756ms
[2022-10-30T11:51:06.621+0300][5,770s][info ][gc] GC(200) Pause Cleanup 146M->146M(512M) 0,089ms
[2022-10-30T11:51:06.621+0300][5,770s][info ][gc] GC(200) Concurrent Mark Cycle 57,945ms
[2022-10-30T11:51:06.666+0300][5,815s][info ][gc] GC(202) Pause Young (Concurrent Start) (G1 Humongous Allocation) 185M->185M(512M) 19,826ms
[2022-10-30T11:51:06.666+0300][5,815s][info ][gc] GC(203) Concurrent Mark Cycle
[2022-10-30T11:51:06.683+0300][5,832s][debug][gc] GC(203) Reclaimed 101 empty regions
[2022-10-30T11:51:06.683+0300][5,832s][info ][gc] GC(203) Pause Remark 245M->144M(512M) 0,822ms
[2022-10-30T11:51:06.725+0300][5,874s][info ][gc] GC(204) Pause Young (Normal) (G1 Evacuation Pause) 188M->175M(512M) 24,810ms
[2022-10-30T11:51:06.731+0300][5,880s][info ][gc] GC(203) Pause Cleanup 191M->191M(512M) 0,100ms
[2022-10-30T11:51:06.732+0300][5,881s][info ][gc] GC(203) Concurrent Mark Cycle 65,894ms
[2022-10-30T11:51:06.760+0300][5,909s][info ][gc] GC(205) Pause Young (Concurrent Start) (G1 Humongous Allocation) 206M->207M(512M) 12,858ms
[2022-10-30T11:51:06.760+0300][5,909s][info ][gc] GC(206) Concurrent Mark Cycle
[2022-10-30T11:51:06.773+0300][5,922s][debug][gc] GC(206) Reclaimed 154 empty regions
[2022-10-30T11:51:06.773+0300][5,922s][info ][gc] GC(206) Pause Remark 251M->97M(512M) 2,297ms
[2022-10-30T11:51:06.790+0300][5,938s][info ][gc] GC(206) Pause Cleanup 140M->140M(512M) 0,068ms
[2022-10-30T11:51:06.790+0300][5,939s][info ][gc] GC(206) Concurrent Mark Cycle 29,665ms
[2022-10-30T11:51:06.819+0300][5,967s][info ][gc] GC(207) Pause Young (Normal) (G1 Evacuation Pause) 151M->139M(512M) 24,592ms
[2022-10-30T11:51:06.858+0300][6,006s][info ][gc] GC(208) Pause Young (Concurrent Start) (G1 Humongous Allocation) 176M->177M(512M) 14,672ms
[2022-10-30T11:51:06.858+0300][6,006s][info ][gc] GC(209) Concurrent Mark Cycle
[2022-10-30T11:51:06.870+0300][6,018s][debug][gc] GC(209) Reclaimed 119 empty regions
[2022-10-30T11:51:06.870+0300][6,018s][info ][gc] GC(209) Pause Remark 224M->105M(512M) 0,418ms
[2022-10-30T11:51:06.887+0300][6,036s][info ][gc] GC(209) Pause Cleanup 150M->150M(512M) 0,062ms
[2022-10-30T11:51:06.887+0300][6,036s][info ][gc] GC(209) Concurrent Mark Cycle 29,759ms
[2022-10-30T11:51:06.915+0300][6,064s][info ][gc] GC(210) Pause Young (Normal) (G1 Evacuation Pause) 165M->153M(512M) 22,391ms
[2022-10-30T11:51:06.947+0300][6,096s][info ][gc] GC(211) Pause Young (Concurrent Start) (G1 Humongous Allocation) 181M->181M(512M) 11,215ms
[2022-10-30T11:51:06.947+0300][6,096s][info ][gc] GC(212) Concurrent Mark Cycle
[2022-10-30T11:51:06.959+0300][6,107s][debug][gc] GC(212) Reclaimed 132 empty regions
[2022-10-30T11:51:06.959+0300][6,107s][info ][gc] GC(212) Pause Remark 225M->93M(512M) 0,947ms
[2022-10-30T11:51:06.974+0300][6,122s][info ][gc] GC(212) Pause Cleanup 132M->132M(512M) 0,065ms
[2022-10-30T11:51:06.974+0300][6,123s][info ][gc] GC(212) Concurrent Mark Cycle 26,856ms
[2022-10-30T11:51:07.008+0300][6,157s][info ][gc] GC(213) Pause Young (Normal) (G1 Evacuation Pause) 155M->143M(512M) 25,190ms
[2022-10-30T11:51:07.042+0300][6,191s][info ][gc] GC(214) Pause Young (Concurrent Start) (G1 Humongous Allocation) 172M->173M(512M) 13,038ms
[2022-10-30T11:51:07.042+0300][6,191s][info ][gc] GC(215) Concurrent Mark Cycle
[2022-10-30T11:51:07.054+0300][6,203s][debug][gc] GC(215) Reclaimed 122 empty regions
[2022-10-30T11:51:07.054+0300][6,203s][info ][gc] GC(215) Pause Remark 216M->94M(512M) 1,548ms
[2022-10-30T11:51:07.069+0300][6,218s][info ][gc] GC(215) Pause Cleanup 133M->133M(512M) 0,059ms
[2022-10-30T11:51:07.070+0300][6,219s][info ][gc] GC(215) Concurrent Mark Cycle 27,333ms
[2022-10-30T11:51:07.102+0300][6,251s][info ][gc] GC(216) Pause Young (Normal) (G1 Evacuation Pause) 159M->146M(512M) 22,515ms
[2022-10-30T11:51:07.134+0300][6,282s][info ][gc] GC(217) Pause Young (Concurrent Start) (G1 Humongous Allocation) 173M->173M(512M) 11,398ms
[2022-10-30T11:51:07.134+0300][6,282s][info ][gc] GC(218) Concurrent Mark Cycle
[2022-10-30T11:51:07.144+0300][6,293s][debug][gc] GC(218) Reclaimed 125 empty regions
[2022-10-30T11:51:07.144+0300][6,293s][info ][gc] GC(218) Pause Remark 215M->90M(512M) 0,461ms
[2022-10-30T11:51:07.158+0300][6,307s][info ][gc] GC(218) Pause Cleanup 128M->128M(512M) 0,064ms
[2022-10-30T11:51:07.159+0300][6,308s][info ][gc] GC(218) Concurrent Mark Cycle 25,135ms
[2022-10-30T11:51:07.197+0300][6,346s][info ][gc] GC(219) Pause Young (Normal) (G1 Evacuation Pause) 156M->143M(512M) 27,298ms
[2022-10-30T11:51:07.228+0300][6,377s][info ][gc] GC(220) Pause Young (Concurrent Start) (G1 Humongous Allocation) 170M->171M(512M) 11,164ms
[2022-10-30T11:51:07.229+0300][6,377s][info ][gc] GC(221) Concurrent Mark Cycle
[2022-10-30T11:51:07.239+0300][6,388s][debug][gc] GC(221) Reclaimed 122 empty regions
[2022-10-30T11:51:07.239+0300][6,388s][info ][gc] GC(221) Pause Remark 213M->91M(512M) 0,565ms
[2022-10-30T11:51:07.254+0300][6,402s][info ][gc] GC(221) Pause Cleanup 129M->129M(512M) 0,060ms
[2022-10-30T11:51:07.254+0300][6,403s][info ][gc] GC(221) Concurrent Mark Cycle 25,381ms
[2022-10-30T11:51:07.292+0300][6,441s][info ][gc] GC(222) Pause Young (Prepare Mixed) (G1 Evacuation Pause) 158M->146M(512M) 27,066ms
[2022-10-30T11:51:07.304+0300][6,453s][info ][gc] GC(223) Pause Young (Mixed) (G1 Evacuation Pause) 158M->158M(512M) 7,808ms
[2022-10-30T11:51:07.377+0300][6,526s][info ][gc] GC(224) Pause Young (Normal) (G1 Evacuation Pause) 271M->273M(512M) 26,252ms
[2022-10-30T11:51:07.415+0300][6,563s][info ][gc] GC(225) Pause Young (Concurrent Start) (G1 Humongous Allocation) 308M->309M(512M) 13,859ms
[2022-10-30T11:51:07.415+0300][6,563s][info ][gc] GC(226) Concurrent Mark Cycle
[2022-10-30T11:51:07.428+0300][6,577s][debug][gc] GC(226) Reclaimed 252 empty regions
[2022-10-30T11:51:07.428+0300][6,577s][info ][gc] GC(226) Pause Remark 357M->105M(512M) 0,565ms
[2022-10-30T11:51:07.454+0300][6,603s][info ][gc] GC(227) Pause Young (Normal) (G1 Evacuation Pause) 122M->115M(512M) 19,395ms
[2022-10-30T11:51:07.465+0300][6,613s][info ][gc] GC(226) Pause Cleanup 141M->141M(512M) 0,125ms
[2022-10-30T11:51:07.465+0300][6,614s][info ][gc] GC(226) Concurrent Mark Cycle 50,478ms
[2022-10-30T11:51:07.511+0300][6,660s][info ][gc] GC(228) Pause Young (Concurrent Start) (G1 Humongous Allocation) 185M->185M(512M) 20,025ms
[2022-10-30T11:51:07.511+0300][6,660s][info ][gc] GC(229) Concurrent Mark Cycle
[2022-10-30T11:51:07.529+0300][6,677s][debug][gc] GC(229) Reclaimed 100 empty regions
[2022-10-30T11:51:07.529+0300][6,677s][info ][gc] GC(229) Pause Remark 246M->146M(512M) 0,633ms
[2022-10-30T11:51:07.570+0300][6,719s][info ][gc] GC(230) Pause Young (Normal) (G1 Evacuation Pause) 189M->175M(512M) 24,722ms
[2022-10-30T11:51:07.578+0300][6,727s][info ][gc] GC(229) Pause Cleanup 196M->196M(512M) 0,090ms
[2022-10-30T11:51:07.579+0300][6,727s][info ][gc] GC(229) Concurrent Mark Cycle 67,240ms
[2022-10-30T11:51:07.607+0300][6,756s][info ][gc] GC(231) Pause Young (Concurrent Start) (G1 Humongous Allocation) 206M->207M(512M) 14,837ms
[2022-10-30T11:51:07.607+0300][6,756s][info ][gc] GC(232) Concurrent Mark Cycle
[2022-10-30T11:51:07.618+0300][6,767s][debug][gc] GC(232) Reclaimed 154 empty regions
[2022-10-30T11:51:07.618+0300][6,767s][info ][gc] GC(232) Pause Remark 252M->98M(512M) 0,487ms
[2022-10-30T11:51:07.634+0300][6,783s][info ][gc] GC(232) Pause Cleanup 140M->140M(512M) 0,063ms
[2022-10-30T11:51:07.635+0300][6,784s][info ][gc] GC(232) Concurrent Mark Cycle 27,666ms
[2022-10-30T11:51:07.664+0300][6,813s][info ][gc] GC(233) Pause Young (Prepare Mixed) (G1 Evacuation Pause) 150M->139M(512M) 25,195ms
[2022-10-30T11:51:07.676+0300][6,825s][info ][gc] GC(234) Pause Young (Mixed) (G1 Evacuation Pause) 152M->153M(512M) 7,310ms
[2022-10-30T11:51:07.752+0300][6,901s][info ][gc] GC(235) Pause Young (Normal) (G1 Evacuation Pause) 267M->268M(512M) 29,202ms
[2022-10-30T11:51:07.795+0300][6,944s][info ][gc] GC(236) Pause Young (Concurrent Start) (G1 Humongous Allocation) 313M->315M(512M) 15,124ms
[2022-10-30T11:51:07.795+0300][6,944s][info ][gc] GC(237) Concurrent Mark Cycle
[2022-10-30T11:51:07.810+0300][6,958s][debug][gc] GC(237) Reclaimed 245 empty regions
[2022-10-30T11:51:07.810+0300][6,958s][info ][gc] GC(237) Pause Remark 366M->121M(512M) 1,282ms
[2022-10-30T11:51:07.828+0300][6,977s][info ][gc] GC(238) Pause Young (Normal) (G1 Evacuation Pause) 134M->126M(512M) 13,127ms
[2022-10-30T11:51:07.843+0300][6,991s][info ][gc] GC(237) Pause Cleanup 161M->161M(512M) 0,093ms
[2022-10-30T11:51:07.843+0300][6,992s][info ][gc] GC(237) Concurrent Mark Cycle 47,873ms
[2022-10-30T11:51:07.909+0300][7,058s][info ][gc] GC(239) Pause Young (Prepare Mixed) (G1 Evacuation Pause) 249M->250M(512M) 29,629ms
[2022-10-30T11:51:07.923+0300][7,072s][info ][gc] GC(240) Pause Young (Mixed) (G1 Evacuation Pause) 261M->262M(512M) 9,394ms
[2022-10-30T11:51:07.962+0300][7,111s][info ][gc] GC(241) Pause Young (Concurrent Start) (G1 Evacuation Pause) 322M->323M(512M) 16,448ms
[2022-10-30T11:51:07.962+0300][7,111s][info ][gc] GC(242) Concurrent Mark Cycle
[2022-10-30T11:51:08.003+0300][7,151s][info ][gc] GC(243) Pause Young (Normal) (G1 Evacuation Pause) 384M->386M(512M) 13,514ms
[2022-10-30T11:51:08.020+0300][7,169s][info ][gc] GC(244) Pause Young (Normal) (G1 Evacuation Pause) 407M->408M(512M) 9,439ms
[2022-10-30T11:51:08.038+0300][7,187s][info ][gc] GC(245) Pause Young (Normal) (G1 Evacuation Pause) 429M->431M(512M) 9,226ms
[2022-10-30T11:51:08.048+0300][7,197s][debug][gc] GC(242) Reclaimed 165 empty regions
[2022-10-30T11:51:08.048+0300][7,197s][info ][gc] GC(242) Pause Remark 448M->283M(512M) 3,650ms
[2022-10-30T11:51:08.059+0300][7,208s][info ][gc] GC(246) Pause Young (Normal) (G1 Evacuation Pause) 287M->288M(512M) 9,125ms
[2022-10-30T11:51:08.112+0300][7,261s][info ][gc] GC(247) Pause Young (Normal) (G1 Evacuation Pause) 360M->361M(512M) 21,490ms
[2022-10-30T11:51:08.140+0300][7,289s][info ][gc] GC(248) Pause Young (Normal) (G1 Evacuation Pause) 390M->391M(512M) 16,441ms
[2022-10-30T11:51:08.159+0300][7,308s][info ][gc] GC(249) Pause Young (Normal) (G1 Evacuation Pause) 411M->413M(512M) 10,895ms
[2022-10-30T11:51:08.194+0300][7,342s][info ][gc] GC(250) Pause Young (Normal) (G1 Evacuation Pause) 434M->435M(512M) 16,170ms
[2022-10-30T11:51:08.194+0300][7,343s][info ][gc] GC(242) Pause Cleanup 435M->435M(512M) 0,109ms
[2022-10-30T11:51:08.195+0300][7,343s][info ][gc] GC(242) Concurrent Mark Cycle 232,474ms
[2022-10-30T11:51:08.225+0300][7,374s][info ][gc] GC(251) Pause Young (Prepare Mixed) (G1 Evacuation Pause) 476M->477M(512M) 10,276ms
[2022-10-30T11:51:08.238+0300][7,387s][info ][gc] GC(252) Pause Young (Mixed) (G1 Preventive Collection) 489M->484M(512M) 7,407ms
[2022-10-30T11:51:08.247+0300][7,396s][info ][gc] GC(253) Pause Young (Concurrent Start) (G1 Preventive Collection) 494M->495M(512M) 5,332ms
[2022-10-30T11:51:08.247+0300][7,396s][info ][gc] GC(254) Concurrent Mark Cycle
[2022-10-30T11:51:08.254+0300][7,403s][info ][gc] GC(255) Pause Young (Normal) (G1 Preventive Collection) 500M->501M(512M) 5,262ms
[2022-10-30T11:51:08.261+0300][7,410s][info ][gc] GC(256) Pause Young (Normal) (G1 Preventive Collection) 503M->504M(512M) 2,896ms
[2022-10-30T11:51:08.263+0300][7,412s][info ][gc] GC(257) Pause Young (Normal) (G1 Preventive Collection) 505M->505M(512M) 1,362ms
[2022-10-30T11:51:08.267+0300][7,416s][info ][gc] GC(258) Pause Young (Normal) (G1 Preventive Collection) (Evacuation Failure) 506M->507M(512M) 2,310ms
[2022-10-30T11:51:08.271+0300][7,420s][info ][gc] GC(259) Pause Young (Normal) (G1 Preventive Collection) (Evacuation Failure) 508M->509M(512M) 1,408ms
[2022-10-30T11:51:08.283+0300][7,432s][info ][gc] GC(260) Pause Young (Normal) (G1 Evacuation Pause) (Evacuation Failure) 510M->510M(512M) 11,629ms
[2022-10-30T11:51:08.284+0300][7,433s][debug][gc] GC(261) Clear Next Bitmap 0,261ms
[2022-10-30T11:51:08.305+0300][7,454s][info ][gc] GC(261) Pause Full (G1 Compaction Pause) 510M->61M(512M) 21,561ms
[2022-10-30T11:51:08.305+0300][7,454s][info ][gc] GC(254) Concurrent Mark Cycle 57,959ms
[2022-10-30T11:51:08.406+0300][7,554s][info ][gc] GC(262) Pause Young (Normal) (G1 Evacuation Pause) 205M->205M(512M) 41,606ms
[2022-10-30T11:51:08.462+0300][7,611s][info ][gc] GC(263) Pause Young (Concurrent Start) (G1 Humongous Allocation) 272M->273M(512M) 21,158ms
[2022-10-30T11:51:08.462+0300][7,611s][info ][gc] GC(264) Concurrent Mark Cycle
[2022-10-30T11:51:08.482+0300][7,630s][debug][gc] GC(264) Reclaimed 183 empty regions
[2022-10-30T11:51:08.482+0300][7,630s][info ][gc] GC(264) Pause Remark 335M->154M(512M) 1,691ms
[2022-10-30T11:51:08.503+0300][7,652s][info ][gc] GC(265) Pause Young (Normal) (G1 Evacuation Pause) 167M->157M(512M) 15,930ms
[2022-10-30T11:51:08.524+0300][7,673s][info ][gc] GC(264) Pause Cleanup 205M->205M(512M) 0,087ms
[2022-10-30T11:51:08.524+0300][7,673s][info ][gc] GC(264) Concurrent Mark Cycle 61,750ms
[2022-10-30T11:51:08.557+0300][7,706s][info ][gc] GC(266) Pause Young (Concurrent Start) (G1 Humongous Allocation) 216M->216M(512M) 18,977ms
[2022-10-30T11:51:08.557+0300][7,706s][info ][gc] GC(267) Concurrent Mark Cycle
[2022-10-30T11:51:08.574+0300][7,723s][debug][gc] GC(267) Reclaimed 140 empty regions
[2022-10-30T11:51:08.574+0300][7,723s][info ][gc] GC(267) Pause Remark 272M->132M(512M) 1,765ms
[2022-10-30T11:51:08.617+0300][7,766s][info ][gc] GC(268) Pause Young (Normal) (G1 Evacuation Pause) 171M->160M(512M) 27,834ms
[2022-10-30T11:51:08.623+0300][7,772s][info ][gc] GC(267) Pause Cleanup 164M->164M(512M) 0,067ms
[2022-10-30T11:51:08.623+0300][7,772s][info ][gc] GC(267) Concurrent Mark Cycle 66,237ms
[2022-10-30T11:51:08.662+0300][7,811s][info ][gc] GC(269) Pause Young (Concurrent Start) (G1 Humongous Allocation) 200M->201M(512M) 15,526ms
[2022-10-30T11:51:08.662+0300][7,811s][info ][gc] GC(270) Concurrent Mark Cycle
[2022-10-30T11:51:08.675+0300][7,824s][debug][gc] GC(270) Reclaimed 141 empty regions
[2022-10-30T11:51:08.675+0300][7,824s][info ][gc] GC(270) Pause Remark 250M->109M(512M) 0,564ms
[2022-10-30T11:51:08.694+0300][7,843s][info ][gc] GC(270) Pause Cleanup 158M->158M(512M) 0,058ms
[2022-10-30T11:51:08.694+0300][7,843s][info ][gc] GC(270) Concurrent Mark Cycle 31,687ms
[2022-10-30T11:51:08.721+0300][7,870s][info ][gc] GC(271) Pause Young (Normal) (G1 Evacuation Pause) 160M->149M(512M) 26,269ms
[2022-10-30T11:51:08.759+0300][7,908s][info ][gc] GC(272) Pause Young (Concurrent Start) (G1 Humongous Allocation) 184M->185M(512M) 14,183ms
[2022-10-30T11:51:08.759+0300][7,908s][info ][gc] GC(273) Concurrent Mark Cycle
[2022-10-30T11:51:08.771+0300][7,920s][debug][gc] GC(273) Reclaimed 129 empty regions
[2022-10-30T11:51:08.771+0300][7,920s][info ][gc] GC(273) Pause Remark 231M->102M(512M) 0,968ms
[2022-10-30T11:51:08.788+0300][7,937s][info ][gc] GC(273) Pause Cleanup 146M->146M(512M) 0,061ms
[2022-10-30T11:51:08.788+0300][7,937s][info ][gc] GC(273) Concurrent Mark Cycle 29,387ms
[2022-10-30T11:51:08.816+0300][7,965s][info ][gc] GC(274) Pause Young (Normal) (G1 Evacuation Pause) 161M->148M(512M) 22,335ms
[2022-10-30T11:51:08.849+0300][7,998s][info ][gc] GC(275) Pause Young (Concurrent Start) (G1 Humongous Allocation) 178M->179M(512M) 11,277ms
[2022-10-30T11:51:08.849+0300][7,998s][info ][gc] GC(276) Concurrent Mark Cycle
[2022-10-30T11:51:08.860+0300][8,008s][debug][gc] GC(276) Reclaimed 127 empty regions
[2022-10-30T11:51:08.860+0300][8,008s][info ][gc] GC(276) Pause Remark 223M->96M(512M) 0,550ms
[2022-10-30T11:51:08.875+0300][8,024s][info ][gc] GC(276) Pause Cleanup 137M->137M(512M) 0,073ms
[2022-10-30T11:51:08.876+0300][8,025s][info ][gc] GC(276) Concurrent Mark Cycle 26,980ms
[2022-10-30T11:51:08.910+0300][8,059s][info ][gc] GC(277) Pause Young (Normal) (G1 Evacuation Pause) 159M->146M(512M) 26,189ms
[2022-10-30T11:51:08.942+0300][8,091s][info ][gc] GC(278) Pause Young (Concurrent Start) (G1 Humongous Allocation) 174M->175M(512M) 11,161ms
[2022-10-30T11:51:08.942+0300][8,091s][info ][gc] GC(279) Concurrent Mark Cycle
[2022-10-30T11:51:08.953+0300][8,102s][debug][gc] GC(279) Reclaimed 124 empty regions
[2022-10-30T11:51:08.953+0300][8,102s][info ][gc] GC(279) Pause Remark 217M->93M(512M) 0,789ms
[2022-10-30T11:51:08.968+0300][8,117s][info ][gc] GC(279) Pause Cleanup 132M->132M(512M) 0,083ms
[2022-10-30T11:51:08.968+0300][8,117s][info ][gc] GC(279) Concurrent Mark Cycle 25,836ms
[2022-10-30T11:51:09.004+0300][8,153s][info ][gc] GC(280) Pause Young (Prepare Mixed) (G1 Evacuation Pause) 159M->146M(512M) 26,029ms
[2022-10-30T11:51:09.017+0300][8,165s][info ][gc] GC(281) Pause Young (Mixed) (G1 Evacuation Pause) 158M->158M(512M) 7,576ms
[2022-10-30T11:51:09.094+0300][8,243s][info ][gc] GC(282) Pause Young (Normal) (G1 Evacuation Pause) 271M->272M(512M) 31,191ms
[2022-10-30T11:51:09.132+0300][8,281s][info ][gc] GC(283) Pause Young (Concurrent Start) (G1 Humongous Allocation) 309M->310M(512M) 13,227ms
[2022-10-30T11:51:09.132+0300][8,281s][info ][gc] GC(284) Concurrent Mark Cycle
[2022-10-30T11:51:09.145+0300][8,293s][debug][gc] GC(284) Reclaimed 251 empty regions
[2022-10-30T11:51:09.145+0300][8,293s][info ][gc] GC(284) Pause Remark 359M->108M(512M) 0,637ms
[2022-10-30T11:51:09.166+0300][8,315s][info ][gc] GC(285) Pause Young (Normal) (G1 Evacuation Pause) 124M->117M(512M) 14,656ms
[2022-10-30T11:51:09.177+0300][8,325s][info ][gc] GC(284) Pause Cleanup 145M->145M(512M) 0,138ms
[2022-10-30T11:51:09.177+0300][8,326s][info ][gc] GC(284) Concurrent Mark Cycle 45,160ms
[2022-10-30T11:51:09.246+0300][8,395s][info ][gc] GC(286) Pause Young (Normal) (G1 Evacuation Pause) 243M->244M(512M) 28,840ms
[2022-10-30T11:51:09.297+0300][8,445s][info ][gc] GC(287) Pause Young (Concurrent Start) (G1 Evacuation Pause) 310M->311M(512M) 25,554ms
[2022-10-30T11:51:09.297+0300][8,445s][info ][gc] GC(288) Concurrent Mark Cycle
[2022-10-30T11:51:09.346+0300][8,495s][info ][gc] GC(289) Pause Young (Normal) (G1 Evacuation Pause) 376M->378M(512M) 21,007ms
[2022-10-30T11:51:09.367+0300][8,516s][info ][gc] GC(290) Pause Young (Normal) (G1 Evacuation Pause) 402M->403M(512M) 11,313ms
[2022-10-30T11:51:09.385+0300][8,533s][info ][gc] GC(291) Pause Young (Normal) (G1 Evacuation Pause) 424M->425M(512M) 9,234ms
[2022-10-30T11:51:09.388+0300][8,537s][debug][gc] GC(288) Reclaimed 153 empty regions
[2022-10-30T11:51:09.388+0300][8,537s][info ][gc] GC(288) Pause Remark 432M->279M(512M) 0,496ms
[2022-10-30T11:51:09.403+0300][8,551s][info ][gc] GC(292) Pause Young (Normal) (G1 Evacuation Pause) 293M->294M(512M) 8,416ms
[2022-10-30T11:51:09.454+0300][8,602s][info ][gc] GC(293) Pause Young (Normal) (G1 Evacuation Pause) 364M->366M(512M) 18,107ms
[2022-10-30T11:51:09.476+0300][8,625s][info ][gc] GC(294) Pause Young (Normal) (G1 Evacuation Pause) 394M->395M(512M) 11,462ms
[2022-10-30T11:51:09.492+0300][8,641s][info ][gc] GC(295) Pause Young (Normal) (G1 Evacuation Pause) 415M->417M(512M) 7,760ms
[2022-10-30T11:51:09.499+0300][8,647s][info ][gc] GC(288) Pause Cleanup 433M->433M(512M) 0,130ms
[2022-10-30T11:51:09.499+0300][8,648s][info ][gc] GC(288) Concurrent Mark Cycle 202,513ms
[2022-10-30T11:51:09.509+0300][8,658s][info ][gc] GC(296) Pause Young (Prepare Mixed) (G1 Evacuation Pause) 438M->439M(512M) 8,382ms
[2022-10-30T11:51:09.538+0300][8,687s][info ][gc] GC(297) Pause Young (Mixed) (G1 Preventive Collection) 480M->477M(512M) 9,587ms
[2022-10-30T11:51:09.549+0300][8,698s][info ][gc] GC(298) Pause Young (Concurrent Start) (G1 Preventive Collection) 490M->492M(512M) 6,029ms
[2022-10-30T11:51:09.549+0300][8,698s][info ][gc] GC(299) Concurrent Mark Cycle
[2022-10-30T11:51:09.556+0300][8,705s][info ][gc] GC(300) Pause Young (Normal) (G1 Preventive Collection) 498M->499M(512M) 4,567ms
[2022-10-30T11:51:09.561+0300][8,710s][info ][gc] GC(301) Pause Young (Normal) (G1 Preventive Collection) 502M->503M(512M) 2,899ms
[2022-10-30T11:51:09.564+0300][8,713s][info ][gc] GC(302) Pause Young (Normal) (G1 Preventive Collection) 504M->504M(512M) 2,070ms
[2022-10-30T11:51:09.566+0300][8,714s][info ][gc] GC(303) Pause Young (Normal) (G1 Preventive Collection) 505M->505M(512M) 1,138ms
[2022-10-30T11:51:09.568+0300][8,716s][info ][gc] GC(304) Pause Young (Normal) (G1 Preventive Collection) 506M->506M(512M) 1,615ms
[2022-10-30T11:51:09.572+0300][8,721s][info ][gc] GC(305) Pause Young (Normal) (G1 Preventive Collection) (Evacuation Failure) 507M->509M(512M) 3,212ms
[2022-10-30T11:51:09.584+0300][8,733s][info ][gc] GC(306) Pause Young (Normal) (G1 Evacuation Pause) (Evacuation Failure) 510M->510M(512M) 11,133ms
[2022-10-30T11:51:09.584+0300][8,733s][debug][gc] GC(307) Clear Next Bitmap 0,251ms
[2022-10-30T11:51:09.610+0300][8,759s][info ][gc] GC(307) Pause Full (G1 Compaction Pause) 510M->58M(512M) 26,413ms
[2022-10-30T11:51:09.610+0300][8,759s][info ][gc] GC(299) Concurrent Mark Cycle 61,275ms
[2022-10-30T11:51:09.718+0300][8,867s][info ][gc] GC(308) Pause Young (Normal) (G1 Evacuation Pause) 203M->203M(512M) 48,928ms
[2022-10-30T11:51:09.779+0300][8,928s][info ][gc] GC(309) Pause Young (Concurrent Start) (G1 Humongous Allocation) 272M->272M(512M) 24,571ms
[2022-10-30T11:51:09.779+0300][8,928s][info ][gc] GC(310) Concurrent Mark Cycle
[2022-10-30T11:51:09.797+0300][8,946s][debug][gc] GC(310) Reclaimed 183 empty regions
[2022-10-30T11:51:09.797+0300][8,946s][info ][gc] GC(310) Pause Remark 336M->154M(512M) 0,622ms
[2022-10-30T11:51:09.819+0300][8,968s][info ][gc] GC(311) Pause Young (Normal) (G1 Evacuation Pause) 168M->157M(512M) 16,443ms
[2022-10-30T11:51:09.841+0300][8,990s][info ][gc] GC(310) Pause Cleanup 208M->208M(512M) 0,101ms
[2022-10-30T11:51:09.841+0300][8,990s][info ][gc] GC(310) Concurrent Mark Cycle 62,285ms
[2022-10-30T11:51:09.873+0300][9,021s][info ][gc] GC(312) Pause Young (Concurrent Start) (G1 Humongous Allocation) 215M->216M(512M) 18,918ms
[2022-10-30T11:51:09.873+0300][9,021s][info ][gc] GC(313) Concurrent Mark Cycle
[2022-10-30T11:51:09.889+0300][9,038s][debug][gc] GC(313) Reclaimed 144 empty regions
[2022-10-30T11:51:09.889+0300][9,038s][info ][gc] GC(313) Pause Remark 272M->128M(512M) 1,741ms
[2022-10-30T11:51:09.929+0300][9,077s][info ][gc] GC(314) Pause Young (Normal) (G1 Evacuation Pause) 167M->156M(512M) 23,767ms
[2022-10-30T11:51:09.935+0300][9,084s][info ][gc] GC(313) Pause Cleanup 172M->172M(512M) 0,050ms
[2022-10-30T11:51:09.935+0300][9,084s][info ][gc] GC(313) Concurrent Mark Cycle 62,627ms
[2022-10-30T11:51:09.967+0300][9,116s][info ][gc] GC(315) Pause Young (Concurrent Start) (G1 Humongous Allocation) 196M->197M(512M) 13,214ms
[2022-10-30T11:51:09.967+0300][9,116s][info ][gc] GC(316) Concurrent Mark Cycle
[2022-10-30T11:51:09.980+0300][9,129s][debug][gc] GC(316) Reclaimed 140 empty regions
[2022-10-30T11:51:09.980+0300][9,129s][info ][gc] GC(316) Pause Remark 245M->105M(512M) 1,012ms
[2022-10-30T11:51:09.998+0300][9,147s][info ][gc] GC(316) Pause Cleanup 151M->151M(512M) 0,050ms
[2022-10-30T11:51:09.999+0300][9,147s][info ][gc] GC(316) Concurrent Mark Cycle 31,133ms
[2022-10-30T11:51:10.022+0300][9,171s][info ][gc] GC(317) Pause Young (Normal) (G1 Evacuation Pause) 158M->145M(512M) 21,038ms
[2022-10-30T11:51:10.059+0300][9,207s][info ][gc] GC(318) Pause Young (Concurrent Start) (G1 Humongous Allocation) 179M->181M(512M) 13,679ms
[2022-10-30T11:51:10.059+0300][9,207s][info ][gc] GC(319) Concurrent Mark Cycle
[2022-10-30T11:51:10.070+0300][9,219s][debug][gc] GC(319) Reclaimed 129 empty regions
[2022-10-30T11:51:10.070+0300][9,219s][info ][gc] GC(319) Pause Remark 226M->97M(512M) 0,577ms
[2022-10-30T11:51:10.087+0300][9,235s][info ][gc] GC(319) Pause Cleanup 140M->140M(512M) 0,073ms
[2022-10-30T11:51:10.087+0300][9,236s][info ][gc] GC(319) Concurrent Mark Cycle 28,468ms
[2022-10-30T11:51:10.118+0300][9,267s][info ][gc] GC(320) Pause Young (Normal) (G1 Evacuation Pause) 158M->145M(512M) 24,344ms
[2022-10-30T11:51:10.152+0300][9,301s][info ][gc] GC(321) Pause Young (Concurrent Start) (G1 Humongous Allocation) 174M->176M(512M) 13,188ms
[2022-10-30T11:51:10.152+0300][9,301s][info ][gc] GC(322) Concurrent Mark Cycle
[2022-10-30T11:51:10.164+0300][9,312s][debug][gc] GC(322) Reclaimed 128 empty regions
[2022-10-30T11:51:10.164+0300][9,313s][info ][gc] GC(322) Pause Remark 219M->91M(512M) 1,134ms
[2022-10-30T11:51:10.179+0300][9,328s][info ][gc] GC(322) Pause Cleanup 130M->130M(512M) 0,063ms
[2022-10-30T11:51:10.179+0300][9,328s][info ][gc] GC(322) Concurrent Mark Cycle 26,864ms
[2022-10-30T11:51:10.214+0300][9,363s][info ][gc] GC(323) Pause Young (Normal) (G1 Evacuation Pause) 156M->143M(512M) 24,721ms
[2022-10-30T11:51:10.245+0300][9,393s][info ][gc] GC(324) Pause Young (Concurrent Start) (G1 Humongous Allocation) 170M->170M(512M) 10,534ms
[2022-10-30T11:51:10.245+0300][9,394s][info ][gc] GC(325) Concurrent Mark Cycle
[2022-10-30T11:51:10.256+0300][9,404s][debug][gc] GC(325) Reclaimed 125 empty regions
[2022-10-30T11:51:10.256+0300][9,404s][info ][gc] GC(325) Pause Remark 213M->88M(512M) 0,976ms
[2022-10-30T11:51:10.270+0300][9,419s][info ][gc] GC(325) Pause Cleanup 126M->126M(512M) 0,055ms
[2022-10-30T11:51:10.270+0300][9,419s][info ][gc] GC(325) Concurrent Mark Cycle 25,572ms
[2022-10-30T11:51:10.307+0300][9,456s][info ][gc] GC(326) Pause Young (Normal) (G1 Evacuation Pause) 154M->142M(512M) 26,005ms
[2022-10-30T11:51:10.339+0300][9,488s][info ][gc] GC(327) Pause Young (Concurrent Start) (G1 Humongous Allocation) 168M->169M(512M) 12,116ms
[2022-10-30T11:51:10.339+0300][9,488s][info ][gc] GC(328) Concurrent Mark Cycle
[2022-10-30T11:51:10.349+0300][9,498s][debug][gc] GC(328) Reclaimed 124 empty regions
[2022-10-30T11:51:10.349+0300][9,498s][info ][gc] GC(328) Pause Remark 211M->87M(512M) 0,504ms
[2022-10-30T11:51:10.364+0300][9,512s][info ][gc] GC(328) Pause Cleanup 124M->124M(512M) 0,090ms
[2022-10-30T11:51:10.364+0300][9,513s][info ][gc] GC(328) Concurrent Mark Cycle 24,739ms
[2022-10-30T11:51:10.402+0300][9,551s][info ][gc] GC(329) Pause Young (Normal) (G1 Evacuation Pause) 155M->142M(512M) 26,460ms
[2022-10-30T11:51:10.432+0300][9,581s][info ][gc] GC(330) Pause Young (Concurrent Start) (G1 Humongous Allocation) 167M->168M(512M) 10,824ms
[2022-10-30T11:51:10.432+0300][9,581s][info ][gc] GC(331) Concurrent Mark Cycle
[2022-10-30T11:51:10.442+0300][9,591s][debug][gc] GC(331) Reclaimed 124 empty regions
[2022-10-30T11:51:10.442+0300][9,591s][info ][gc] GC(331) Pause Remark 209M->85M(512M) 0,498ms
[2022-10-30T11:51:10.456+0300][9,605s][info ][gc] GC(331) Pause Cleanup 121M->121M(512M) 0,051ms
[2022-10-30T11:51:10.456+0300][9,605s][info ][gc] GC(331) Concurrent Mark Cycle 23,963ms
[2022-10-30T11:51:10.495+0300][9,644s][info ][gc] GC(332) Pause Young (Normal) (G1 Evacuation Pause) 154M->142M(512M) 26,438ms
[2022-10-30T11:51:10.525+0300][9,674s][info ][gc] GC(333) Pause Young (Concurrent Start) (G1 Humongous Allocation) 167M->168M(512M) 10,730ms
[2022-10-30T11:51:10.525+0300][9,674s][info ][gc] GC(334) Concurrent Mark Cycle
[2022-10-30T11:51:10.535+0300][9,684s][debug][gc] GC(334) Reclaimed 124 empty regions
[2022-10-30T11:51:10.535+0300][9,684s][info ][gc] GC(334) Pause Remark 209M->85M(512M) 0,514ms
[2022-10-30T11:51:10.549+0300][9,698s][info ][gc] GC(334) Pause Cleanup 122M->122M(512M) 0,057ms
[2022-10-30T11:51:10.550+0300][9,699s][info ][gc] GC(334) Concurrent Mark Cycle 24,393ms
[2022-10-30T11:51:10.595+0300][9,744s][info ][gc] GC(335) Pause Young (Normal) (G1 Evacuation Pause) 154M->141M(512M) 33,269ms
[2022-10-30T11:51:10.625+0300][9,774s][info ][gc] GC(336) Pause Young (Concurrent Start) (G1 Humongous Allocation) 166M->167M(512M) 10,013ms
[2022-10-30T11:51:10.625+0300][9,774s][info ][gc] GC(337) Concurrent Mark Cycle
[2022-10-30T11:51:10.635+0300][9,783s][debug][gc] GC(337) Reclaimed 124 empty regions
[2022-10-30T11:51:10.635+0300][9,783s][info ][gc] GC(337) Pause Remark 209M->85M(512M) 0,449ms
[2022-10-30T11:51:10.649+0300][9,798s][info ][gc] GC(337) Pause Cleanup 121M->121M(512M) 0,046ms
[2022-10-30T11:51:10.649+0300][9,798s][info ][gc] GC(337) Concurrent Mark Cycle 24,307ms
[2022-10-30T11:51:10.688+0300][9,837s][info ][gc] GC(338) Pause Young (Normal) (G1 Evacuation Pause) 153M->141M(512M) 26,878ms
[2022-10-30T11:51:10.718+0300][9,867s][info ][gc] GC(339) Pause Young (Concurrent Start) (G1 Humongous Allocation) 166M->167M(512M) 10,031ms
[2022-10-30T11:51:10.718+0300][9,867s][info ][gc] GC(340) Concurrent Mark Cycle
[2022-10-30T11:51:10.728+0300][9,876s][debug][gc] GC(340) Reclaimed 124 empty regions
[2022-10-30T11:51:10.728+0300][9,876s][info ][gc] GC(340) Pause Remark 209M->85M(512M) 0,467ms
[2022-10-30T11:51:10.742+0300][9,890s][info ][gc] GC(340) Pause Cleanup 121M->121M(512M) 0,051ms
[2022-10-30T11:51:10.742+0300][9,891s][info ][gc] GC(340) Concurrent Mark Cycle 24,213ms
[2022-10-30T11:51:10.781+0300][9,929s][info ][gc] GC(341) Pause Young (Normal) (G1 Evacuation Pause) 153M->140M(512M) 26,331ms
[2022-10-30T11:51:10.810+0300][9,959s][info ][gc] GC(342) Pause Young (Concurrent Start) (G1 Humongous Allocation) 165M->166M(512M) 9,821ms
[2022-10-30T11:51:10.810+0300][9,959s][info ][gc] GC(343) Concurrent Mark Cycle
[2022-10-30T11:51:10.820+0300][9,969s][debug][gc] GC(343) Reclaimed 123 empty regions
[2022-10-30T11:51:10.820+0300][9,969s][info ][gc] GC(343) Pause Remark 208M->85M(512M) 0,541ms
[2022-10-30T11:51:10.834+0300][9,983s][info ][gc] GC(343) Pause Cleanup 121M->121M(512M) 0,055ms
[2022-10-30T11:51:10.834+0300][9,983s][info ][gc] GC(343) Concurrent Mark Cycle 24,240ms
[2022-10-30T11:51:10.875+0300][10,023s][info ][gc] GC(344) Pause Young (Normal) (G1 Evacuation Pause) 154M->141M(512M) 27,652ms
[2022-10-30T11:51:10.907+0300][10,055s][info ][gc] GC(345) Pause Young (Concurrent Start) (G1 Humongous Allocation) 165M->166M(512M) 12,677ms
[2022-10-30T11:51:10.907+0300][10,055s][info ][gc] GC(346) Concurrent Mark Cycle
[2022-10-30T11:51:10.917+0300][10,066s][debug][gc] GC(346) Reclaimed 123 empty regions
[2022-10-30T11:51:10.917+0300][10,066s][info ][gc] GC(346) Pause Remark 208M->85M(512M) 0,960ms
[2022-10-30T11:51:10.931+0300][10,080s][info ][gc] GC(346) Pause Cleanup 120M->120M(512M) 0,059ms
[2022-10-30T11:51:10.931+0300][10,080s][info ][gc] GC(346) Concurrent Mark Cycle 24,670ms
[2022-10-30T11:51:10.970+0300][10,118s][info ][gc] GC(347) Pause Young (Normal) (G1 Evacuation Pause) 154M->142M(512M) 25,498ms
[2022-10-30T11:51:10.999+0300][10,148s][info ][gc] GC(348) Pause Young (Concurrent Start) (G1 Humongous Allocation) 166M->167M(512M) 9,833ms
[2022-10-30T11:51:10.999+0300][10,148s][info ][gc] GC(349) Concurrent Mark Cycle
[2022-10-30T11:51:11.009+0300][10,158s][debug][gc] GC(349) Reclaimed 123 empty regions
[2022-10-30T11:51:11.009+0300][10,158s][info ][gc] GC(349) Pause Remark 208M->85M(512M) 0,831ms
[2022-10-30T11:51:11.023+0300][10,172s][info ][gc] GC(349) Pause Cleanup 121M->121M(512M) 0,057ms
[2022-10-30T11:51:11.024+0300][10,172s][info ][gc] GC(349) Concurrent Mark Cycle 24,788ms
[2022-10-30T11:51:11.063+0300][10,212s][info ][gc] GC(350) Pause Young (Normal) (G1 Evacuation Pause) 154M->141M(512M) 27,446ms
[2022-10-30T11:51:11.095+0300][10,244s][info ][gc] GC(351) Pause Young (Concurrent Start) (G1 Humongous Allocation) 166M->167M(512M) 12,425ms
[2022-10-30T11:51:11.095+0300][10,244s][info ][gc] GC(352) Concurrent Mark Cycle
[2022-10-30T11:51:11.108+0300][10,257s][debug][gc] GC(352) Reclaimed 123 empty regions
[2022-10-30T11:51:11.108+0300][10,257s][info ][gc] GC(352) Pause Remark 215M->92M(512M) 0,595ms
[2022-10-30T11:51:11.123+0300][10,272s][info ][gc] GC(352) Pause Cleanup 130M->130M(512M) 0,058ms
[2022-10-30T11:51:11.123+0300][10,272s][info ][gc] GC(352) Concurrent Mark Cycle 27,831ms
[2022-10-30T11:51:11.157+0300][10,306s][info ][gc] GC(353) Pause Young (Normal) (G1 Evacuation Pause) 154M->141M(512M) 25,430ms
[2022-10-30T11:51:11.187+0300][10,335s][info ][gc] GC(354) Pause Young (Concurrent Start) (G1 Humongous Allocation) 166M->167M(512M) 9,651ms
[2022-10-30T11:51:11.187+0300][10,335s][info ][gc] GC(355) Concurrent Mark Cycle
[2022-10-30T11:51:11.197+0300][10,345s][debug][gc] GC(355) Reclaimed 124 empty regions
[2022-10-30T11:51:11.197+0300][10,345s][info ][gc] GC(355) Pause Remark 208M->84M(512M) 0,506ms
[2022-10-30T11:51:11.211+0300][10,359s][info ][gc] GC(355) Pause Cleanup 120M->120M(512M) 0,089ms
[2022-10-30T11:51:11.211+0300][10,360s][info ][gc] GC(355) Concurrent Mark Cycle 24,273ms
[2022-10-30T11:51:11.247+0300][10,395s][info ][gc] GC(356) Pause Young (Normal) (G1 Evacuation Pause) 153M->140M(512M) 23,546ms
[2022-10-30T11:51:11.277+0300][10,425s][info ][gc] GC(357) Pause Young (Concurrent Start) (G1 Humongous Allocation) 165M->165M(512M) 10,319ms
[2022-10-30T11:51:11.277+0300][10,425s][info ][gc] GC(358) Concurrent Mark Cycle
[2022-10-30T11:51:11.287+0300][10,435s][debug][gc] GC(358) Reclaimed 122 empty regions
[2022-10-30T11:51:11.287+0300][10,435s][info ][gc] GC(358) Pause Remark 207M->85M(512M) 0,510ms
[2022-10-30T11:51:11.300+0300][10,449s][info ][gc] GC(358) Pause Cleanup 120M->120M(512M) 0,048ms
[2022-10-30T11:51:11.301+0300][10,449s][info ][gc] GC(358) Concurrent Mark Cycle 23,967ms
[2022-10-30T11:51:11.340+0300][10,488s][info ][gc] GC(359) Pause Young (Normal) (G1 Evacuation Pause) 154M->141M(512M) 26,068ms
[2022-10-30T11:51:11.369+0300][10,517s][info ][gc] GC(360) Pause Young (Concurrent Start) (G1 Humongous Allocation) 165M->166M(512M) 9,684ms
[2022-10-30T11:51:11.369+0300][10,517s][info ][gc] GC(361) Concurrent Mark Cycle
[2022-10-30T11:51:11.379+0300][10,528s][debug][gc] GC(361) Reclaimed 123 empty regions
[2022-10-30T11:51:11.379+0300][10,528s][info ][gc] GC(361) Pause Remark 208M->85M(512M) 0,521ms
[2022-10-30T11:51:11.393+0300][10,542s][info ][gc] GC(361) Pause Cleanup 121M->121M(512M) 0,057ms
[2022-10-30T11:51:11.393+0300][10,542s][info ][gc] GC(361) Concurrent Mark Cycle 24,509ms
[2022-10-30T11:51:11.433+0300][10,582s][info ][gc] GC(362) Pause Young (Normal) (G1 Evacuation Pause) 154M->142M(512M) 27,284ms
[2022-10-30T11:51:11.462+0300][10,611s][info ][gc] GC(363) Pause Young (Concurrent Start) (G1 Humongous Allocation) 166M->167M(512M) 10,122ms
[2022-10-30T11:51:11.462+0300][10,611s][info ][gc] GC(364) Concurrent Mark Cycle
[2022-10-30T11:51:11.474+0300][10,623s][debug][gc] GC(364) Reclaimed 123 empty regions
[2022-10-30T11:51:11.474+0300][10,623s][info ][gc] GC(364) Pause Remark 212M->89M(512M) 0,915ms
[2022-10-30T11:51:11.488+0300][10,637s][info ][gc] GC(364) Pause Cleanup 126M->126M(512M) 0,081ms
[2022-10-30T11:51:11.488+0300][10,637s][info ][gc] GC(364) Concurrent Mark Cycle 26,094ms
[2022-10-30T11:51:11.522+0300][10,671s][info ][gc] GC(365) Pause Young (Normal) (G1 Evacuation Pause) 154M->141M(512M) 22,957ms
[2022-10-30T11:51:11.551+0300][10,700s][info ][gc] GC(366) Pause Young (Concurrent Start) (G1 Humongous Allocation) 166M->168M(512M) 9,523ms
[2022-10-30T11:51:11.551+0300][10,700s][info ][gc] GC(367) Concurrent Mark Cycle
[2022-10-30T11:51:11.561+0300][10,710s][debug][gc] GC(367) Reclaimed 124 empty regions
[2022-10-30T11:51:11.561+0300][10,710s][info ][gc] GC(367) Pause Remark 209M->85M(512M) 0,459ms
[2022-10-30T11:51:11.575+0300][10,723s][info ][gc] GC(367) Pause Cleanup 121M->121M(512M) 0,056ms
[2022-10-30T11:51:11.575+0300][10,724s][info ][gc] GC(367) Concurrent Mark Cycle 24,130ms
[2022-10-30T11:51:11.613+0300][10,761s][info ][gc] GC(368) Pause Young (Normal) (G1 Evacuation Pause) 154M->141M(512M) 25,565ms
[2022-10-30T11:51:11.642+0300][10,791s][info ][gc] GC(369) Pause Young (Concurrent Start) (G1 Humongous Allocation) 166M->167M(512M) 10,036ms
[2022-10-30T11:51:11.642+0300][10,791s][info ][gc] GC(370) Concurrent Mark Cycle
[2022-10-30T11:51:11.652+0300][10,801s][debug][gc] GC(370) Reclaimed 124 empty regions
[2022-10-30T11:51:11.653+0300][10,801s][info ][gc] GC(370) Pause Remark 208M->84M(512M) 0,978ms
[2022-10-30T11:51:11.666+0300][10,815s][info ][gc] GC(370) Pause Cleanup 120M->120M(512M) 0,079ms
[2022-10-30T11:51:11.667+0300][10,816s][info ][gc] GC(370) Concurrent Mark Cycle 24,464ms
[2022-10-30T11:51:11.707+0300][10,856s][info ][gc] GC(371) Pause Young (Normal) (G1 Evacuation Pause) 153M->139M(512M) 27,643ms
[2022-10-30T11:51:11.737+0300][10,886s][info ][gc] GC(372) Pause Young (Concurrent Start) (G1 Humongous Allocation) 164M->166M(512M) 10,785ms
[2022-10-30T11:51:11.737+0300][10,886s][info ][gc] GC(373) Concurrent Mark Cycle
[2022-10-30T11:51:11.747+0300][10,896s][debug][gc] GC(373) Reclaimed 122 empty regions
[2022-10-30T11:51:11.748+0300][10,896s][info ][gc] GC(373) Pause Remark 208M->86M(512M) 0,768ms
[2022-10-30T11:51:11.762+0300][10,910s][info ][gc] GC(373) Pause Cleanup 122M->122M(512M) 0,057ms
[2022-10-30T11:51:11.762+0300][10,911s][info ][gc] GC(373) Concurrent Mark Cycle 24,611ms
[2022-10-30T11:51:11.804+0300][10,953s][info ][gc] GC(374) Pause Young (Normal) (G1 Evacuation Pause) 155M->142M(512M) 30,124ms
[2022-10-30T11:51:11.849+0300][10,998s][info ][gc] GC(375) Pause Young (Concurrent Start) (G1 Humongous Allocation) 166M->168M(512M) 25,652ms
[2022-10-30T11:51:11.849+0300][10,998s][info ][gc] GC(376) Concurrent Mark Cycle
[2022-10-30T11:51:11.861+0300][11,010s][debug][gc] GC(376) Reclaimed 124 empty regions
[2022-10-30T11:51:11.861+0300][11,010s][info ][gc] GC(376) Pause Remark 209M->85M(512M) 2,521ms
[2022-10-30T11:51:11.881+0300][11,030s][info ][gc] GC(376) Pause Cleanup 136M->136M(512M) 0,064ms
[2022-10-30T11:51:11.882+0300][11,030s][info ][gc] GC(376) Concurrent Mark Cycle 32,180ms
[2022-10-30T11:51:11.934+0300][11,083s][info ][gc] GC(377) Pause Young (Normal) (G1 Evacuation Pause) 154M->141M(512M) 46,347ms
[2022-10-30T11:51:11.971+0300][11,119s][info ][gc] GC(378) Pause Young (Concurrent Start) (G1 Humongous Allocation) 166M->168M(512M) 16,667ms
[2022-10-30T11:51:11.971+0300][11,119s][info ][gc] GC(379) Concurrent Mark Cycle
[2022-10-30T11:51:11.982+0300][11,130s][debug][gc] GC(379) Reclaimed 123 empty regions
[2022-10-30T11:51:11.982+0300][11,131s][info ][gc] GC(379) Pause Remark 210M->87M(512M) 1,294ms
[2022-10-30T11:51:12.041+0300][11,189s][info ][gc] GC(380) Pause Young (Normal) (G1 Evacuation Pause) 155M->143M(512M) 33,010ms
[2022-10-30T11:51:12.049+0300][11,198s][info ][gc] GC(379) Pause Cleanup 164M->164M(512M) 0,058ms
[2022-10-30T11:51:12.049+0300][11,198s][info ][gc] GC(379) Concurrent Mark Cycle 78,479ms
[2022-10-30T11:51:12.075+0300][11,224s][info ][gc] GC(381) Pause Young (Concurrent Start) (G1 Humongous Allocation) 168M->168M(512M) 14,502ms
[2022-10-30T11:51:12.075+0300][11,224s][info ][gc] GC(382) Concurrent Mark Cycle
[2022-10-30T11:51:12.085+0300][11,234s][debug][gc] GC(382) Reclaimed 125 empty regions
[2022-10-30T11:51:12.085+0300][11,234s][info ][gc] GC(382) Pause Remark 210M->85M(512M) 0,501ms
[2022-10-30T11:51:12.099+0300][11,248s][info ][gc] GC(382) Pause Cleanup 121M->121M(512M) 0,060ms
[2022-10-30T11:51:12.100+0300][11,249s][info ][gc] GC(382) Concurrent Mark Cycle 24,708ms
[2022-10-30T11:51:12.144+0300][11,293s][info ][gc] GC(383) Pause Young (Normal) (G1 Evacuation Pause) 153M->141M(512M) 31,991ms
[2022-10-30T11:51:12.183+0300][11,331s][info ][gc] GC(384) Pause Young (Concurrent Start) (G1 Humongous Allocation) 166M->167M(512M) 19,046ms
[2022-10-30T11:51:12.183+0300][11,331s][info ][gc] GC(385) Concurrent Mark Cycle
[2022-10-30T11:51:12.196+0300][11,345s][debug][gc] GC(385) Reclaimed 124 empty regions
[2022-10-30T11:51:12.196+0300][11,345s][info ][gc] GC(385) Pause Remark 215M->91M(512M) 1,685ms
[2022-10-30T11:51:12.214+0300][11,363s][info ][gc] GC(385) Pause Cleanup 137M->137M(512M) 0,061ms
[2022-10-30T11:51:12.214+0300][11,363s][info ][gc] GC(385) Concurrent Mark Cycle 31,792ms
[2022-10-30T11:51:12.257+0300][11,405s][info ][gc] GC(386) Pause Young (Normal) (G1 Evacuation Pause) 153M->140M(512M) 36,090ms
[2022-10-30T11:51:12.295+0300][11,443s][info ][gc] GC(387) Pause Young (Concurrent Start) (G1 Humongous Allocation) 165M->166M(512M) 18,267ms
[2022-10-30T11:51:12.295+0300][11,443s][info ][gc] GC(388) Concurrent Mark Cycle
[2022-10-30T11:51:12.305+0300][11,454s][debug][gc] GC(388) Reclaimed 123 empty regions
[2022-10-30T11:51:12.305+0300][11,454s][info ][gc] GC(388) Pause Remark 209M->86M(512M) 0,583ms
[2022-10-30T11:51:12.319+0300][11,468s][info ][gc] GC(388) Pause Cleanup 122M->122M(512M) 0,065ms
[2022-10-30T11:51:12.320+0300][11,469s][info ][gc] GC(388) Concurrent Mark Cycle 25,261ms
[2022-10-30T11:51:12.362+0300][11,511s][info ][gc] GC(389) Pause Young (Normal) (G1 Evacuation Pause) 153M->141M(512M) 31,043ms
[2022-10-30T11:51:12.393+0300][11,542s][info ][gc] GC(390) Pause Young (Concurrent Start) (G1 Humongous Allocation) 166M->166M(512M) 11,169ms
[2022-10-30T11:51:12.393+0300][11,542s][info ][gc] GC(391) Concurrent Mark Cycle
[2022-10-30T11:51:12.403+0300][11,552s][debug][gc] GC(391) Reclaimed 123 empty regions
[2022-10-30T11:51:12.403+0300][11,552s][info ][gc] GC(391) Pause Remark 208M->85M(512M) 0,502ms
[2022-10-30T11:51:12.417+0300][11,566s][info ][gc] GC(391) Pause Cleanup 120M->120M(512M) 0,056ms
[2022-10-30T11:51:12.417+0300][11,566s][info ][gc] GC(391) Concurrent Mark Cycle 24,050ms
[2022-10-30T11:51:12.456+0300][11,605s][info ][gc] GC(392) Pause Young (Normal) (G1 Evacuation Pause) 153M->140M(512M) 26,491ms
[2022-10-30T11:51:12.487+0300][11,635s][info ][gc] GC(393) Pause Young (Concurrent Start) (G1 Humongous Allocation) 165M->166M(512M) 10,559ms
[2022-10-30T11:51:12.487+0300][11,635s][info ][gc] GC(394) Concurrent Mark Cycle
[2022-10-30T11:51:12.497+0300][11,646s][debug][gc] GC(394) Reclaimed 123 empty regions
[2022-10-30T11:51:12.497+0300][11,646s][info ][gc] GC(394) Pause Remark 208M->85M(512M) 0,861ms
[2022-10-30T11:51:12.511+0300][11,660s][info ][gc] GC(394) Pause Cleanup 121M->121M(512M) 0,050ms
[2022-10-30T11:51:12.511+0300][11,660s][info ][gc] GC(394) Concurrent Mark Cycle 24,773ms
[2022-10-30T11:51:12.550+0300][11,699s][info ][gc] GC(395) Pause Young (Normal) (G1 Evacuation Pause) 154M->140M(512M) 26,789ms
[2022-10-30T11:51:12.580+0300][11,728s][info ][gc] GC(396) Pause Young (Concurrent Start) (G1 Humongous Allocation) 164M->165M(512M) 9,885ms
[2022-10-30T11:51:12.580+0300][11,728s][info ][gc] GC(397) Concurrent Mark Cycle
[2022-10-30T11:51:12.590+0300][11,739s][debug][gc] GC(397) Reclaimed 122 empty regions
[2022-10-30T11:51:12.590+0300][11,739s][info ][gc] GC(397) Pause Remark 206M->84M(512M) 1,029ms
[2022-10-30T11:51:12.604+0300][11,753s][info ][gc] GC(397) Pause Cleanup 120M->120M(512M) 0,060ms
[2022-10-30T11:51:12.605+0300][11,753s][info ][gc] GC(397) Concurrent Mark Cycle 24,999ms
[2022-10-30T11:51:12.647+0300][11,795s][info ][gc] GC(398) Pause Young (Normal) (G1 Evacuation Pause) 154M->140M(512M) 29,571ms
[2022-10-30T11:51:12.676+0300][11,825s][info ][gc] GC(399) Pause Young (Concurrent Start) (G1 Humongous Allocation) 165M->166M(512M) 10,264ms
[2022-10-30T11:51:12.676+0300][11,825s][info ][gc] GC(400) Concurrent Mark Cycle
[2022-10-30T11:51:12.688+0300][11,837s][debug][gc] GC(400) Reclaimed 122 empty regions
[2022-10-30T11:51:12.688+0300][11,837s][info ][gc] GC(400) Pause Remark 211M->89M(512M) 0,504ms
[2022-10-30T11:51:12.703+0300][11,851s][info ][gc] GC(400) Pause Cleanup 122M->122M(512M) 0,053ms
[2022-10-30T11:51:12.703+0300][11,852s][info ][gc] GC(400) Concurrent Mark Cycle 26,457ms
[2022-10-30T11:51:12.739+0300][11,888s][info ][gc] GC(401) Pause Young (Normal) (G1 Evacuation Pause) 156M->139M(512M) 23,919ms
[2022-10-30T11:51:12.771+0300][11,919s][info ][gc] GC(402) Pause Young (Concurrent Start) (G1 Humongous Allocation) 167M->166M(512M) 11,119ms
[2022-10-30T11:51:12.771+0300][11,919s][info ][gc] GC(403) Concurrent Mark Cycle
[2022-10-30T11:51:12.782+0300][11,931s][debug][gc] GC(403) Reclaimed 112 empty regions
[2022-10-30T11:51:12.782+0300][11,931s][info ][gc] GC(403) Pause Remark 210M->98M(512M) 0,685ms
[2022-10-30T11:51:12.797+0300][11,946s][info ][gc] GC(403) Pause Cleanup 137M->137M(512M) 0,075ms
[2022-10-30T11:51:12.797+0300][11,946s][info ][gc] GC(403) Concurrent Mark Cycle 26,727ms
[2022-10-30T11:51:12.834+0300][11,983s][info ][gc] GC(404) Pause Young (Prepare Mixed) (G1 Evacuation Pause) 167M->152M(512M) 26,046ms
[2022-10-30T11:51:12.846+0300][11,995s][info ][gc] GC(405) Pause Young (Mixed) (G1 Evacuation Pause) 163M->163M(512M) 7,423ms
[2022-10-30T11:51:12.931+0300][12,080s][info ][gc] GC(406) Pause Young (Normal) (G1 Evacuation Pause) 276M->269M(512M) 25,576ms
[2022-10-30T11:51:12.975+0300][12,124s][info ][gc] GC(407) Pause Young (Concurrent Start) (G1 Humongous Allocation) 317M->315M(512M) 16,636ms
[2022-10-30T11:51:12.975+0300][12,124s][info ][gc] GC(408) Concurrent Mark Cycle
[2022-10-30T11:51:13.000+0300][12,149s][debug][gc] GC(408) Reclaimed 212 empty regions
[2022-10-30T11:51:13.001+0300][12,149s][info ][gc] GC(408) Pause Remark 368M->156M(512M) 3,309ms
[2022-10-30T11:51:13.023+0300][12,172s][info ][gc] GC(409) Pause Young (Normal) (G1 Evacuation Pause) 167M->158M(512M) 18,277ms
[2022-10-30T11:51:13.047+0300][12,196s][info ][gc] GC(408) Pause Cleanup 216M->216M(512M) 0,117ms
[2022-10-30T11:51:13.049+0300][12,198s][info ][gc] GC(408) Concurrent Mark Cycle 74,224ms
[2022-10-30T11:51:13.111+0300][12,260s][info ][gc] GC(410) Pause Young (Prepare Mixed) (G1 Evacuation Pause) 274M->276M(512M) 35,935ms
[2022-10-30T11:51:13.128+0300][12,277s][info ][gc] GC(411) Pause Young (Mixed) (G1 Evacuation Pause) 288M->273M(512M) 11,658ms
[2022-10-30T11:51:13.169+0300][12,318s][info ][gc] GC(412) Pause Young (Concurrent Start) (G1 Evacuation Pause) 330M->331M(512M) 19,400ms
[2022-10-30T11:51:13.169+0300][12,318s][info ][gc] GC(413) Concurrent Mark Cycle
[2022-10-30T11:51:13.223+0300][12,372s][info ][gc] GC(414) Pause Young (Normal) (G1 Evacuation Pause) 390M->391M(512M) 27,276ms
[2022-10-30T11:51:13.245+0300][12,394s][info ][gc] GC(415) Pause Young (Normal) (G1 Evacuation Pause) 411M->413M(512M) 13,763ms
[2022-10-30T11:51:13.264+0300][12,413s][info ][gc] GC(416) Pause Young (Normal) (G1 Evacuation Pause) 434M->435M(512M) 10,647ms
[2022-10-30T11:51:13.266+0300][12,415s][debug][gc] GC(413) Reclaimed 145 empty regions
[2022-10-30T11:51:13.267+0300][12,415s][info ][gc] GC(413) Pause Remark 436M->291M(512M) 0,981ms
[2022-10-30T11:51:13.283+0300][12,431s][info ][gc] GC(417) Pause Young (Normal) (G1 Evacuation Pause) 311M->312M(512M) 7,954ms
[2022-10-30T11:51:13.330+0300][12,479s][info ][gc] GC(418) Pause Young (Normal) (G1 Evacuation Pause) 376M->377M(512M) 18,433ms
[2022-10-30T11:51:13.356+0300][12,505s][info ][gc] GC(419) Pause Young (Normal) (G1 Evacuation Pause) 401M->403M(512M) 14,630ms
[2022-10-30T11:51:13.374+0300][12,522s][info ][gc] GC(420) Pause Young (Normal) (G1 Evacuation Pause) 424M->425M(512M) 9,401ms
[2022-10-30T11:51:13.380+0300][12,528s][info ][gc] GC(413) Pause Cleanup 440M->440M(512M) 0,122ms
[2022-10-30T11:51:13.380+0300][12,529s][info ][gc] GC(413) Concurrent Mark Cycle 210,889ms
[2022-10-30T11:51:13.391+0300][12,539s][info ][gc] GC(421) Pause Young (Prepare Mixed) (G1 Evacuation Pause) 446M->448M(512M) 8,560ms
[2022-10-30T11:51:13.407+0300][12,556s][info ][gc] GC(422) Pause Young (Mixed) (G1 Evacuation Pause) 469M->426M(512M) 8,087ms
[2022-10-30T11:51:13.432+0300][12,581s][info ][gc] GC(423) Pause Young (Concurrent Start) (G1 Humongous Allocation) 446M->447M(512M) 7,399ms
[2022-10-30T11:51:13.432+0300][12,581s][info ][gc] GC(424) Concurrent Mark Cycle
[2022-10-30T11:51:13.441+0300][12,589s][debug][gc] GC(424) Reclaimed 404 empty regions
[2022-10-30T11:51:13.441+0300][12,590s][info ][gc] GC(424) Pause Remark 484M->80M(512M) 0,946ms
[2022-10-30T11:51:13.450+0300][12,599s][info ][gc] GC(425) Pause Young (Normal) (G1 Evacuation Pause) 84M->81M(512M) 7,435ms
[2022-10-30T11:51:13.460+0300][12,609s][info ][gc] GC(424) Pause Cleanup 107M->107M(512M) 0,094ms
[2022-10-30T11:51:13.461+0300][12,610s][info ][gc] GC(424) Concurrent Mark Cycle 28,919ms
[2022-10-30T11:51:13.539+0300][12,688s][info ][gc] GC(426) Pause Young (Prepare Mixed) (G1 Evacuation Pause) 219M->220M(512M) 32,137ms
[2022-10-30T11:51:13.551+0300][12,699s][info ][gc] GC(427) Pause Young (Mixed) (G1 Evacuation Pause) 229M->228M(512M) 7,674ms
[2022-10-30T11:51:13.597+0300][12,745s][info ][gc] GC(428) Pause Young (Normal) (G1 Evacuation Pause) 299M->300M(512M) 18,891ms
[2022-10-30T11:51:13.617+0300][12,765s][info ][gc] GC(429) Pause Young (Concurrent Start) (G1 Humongous Allocation) 311M->312M(512M) 5,917ms
[2022-10-30T11:51:13.617+0300][12,765s][info ][gc] GC(430) Concurrent Mark Cycle
[2022-10-30T11:51:13.625+0300][12,774s][debug][gc] GC(430) Reclaimed 272 empty regions
[2022-10-30T11:51:13.626+0300][12,774s][info ][gc] GC(430) Pause Remark 347M->75M(512M) 1,262ms
[2022-10-30T11:51:13.637+0300][12,785s][info ][gc] GC(430) Pause Cleanup 104M->104M(512M) 0,106ms
[2022-10-30T11:51:13.637+0300][12,786s][info ][gc] GC(430) Concurrent Mark Cycle 20,447ms
[2022-10-30T11:51:13.651+0300][12,799s][info ][gc] GC(431) Pause Young (Prepare Mixed) (G1 Evacuation Pause) 105M->98M(512M) 13,207ms
[2022-10-30T11:51:13.665+0300][12,814s][info ][gc] GC(432) Pause Young (Mixed) (G1 Evacuation Pause) 116M->115M(512M) 7,586ms
[2022-10-30T11:51:13.750+0300][12,898s][info ][gc] GC(433) Pause Young (Normal) (G1 Evacuation Pause) 241M->243M(512M) 32,787ms
[2022-10-30T11:51:13.806+0300][12,955s][info ][gc] GC(434) Pause Young (Concurrent Start) (G1 Humongous Allocation) 303M->305M(512M) 22,950ms
[2022-10-30T11:51:13.806+0300][12,955s][info ][gc] GC(435) Concurrent Mark Cycle
[2022-10-30T11:51:13.845+0300][12,993s][info ][gc] GC(436) Pause Young (Normal) (G1 Evacuation Pause) 372M->373M(512M) 19,079ms
[2022-10-30T11:51:13.846+0300][12,995s][debug][gc] GC(435) Reclaimed 209 empty regions
[2022-10-30T11:51:13.846+0300][12,995s][info ][gc] GC(435) Pause Remark 375M->166M(512M) 0,948ms
[2022-10-30T11:51:13.866+0300][13,014s][info ][gc] GC(437) Pause Young (Normal) (G1 Evacuation Pause) 189M->191M(512M) 10,190ms
[2022-10-30T11:51:13.897+0300][13,046s][info ][gc] GC(435) Pause Cleanup 264M->264M(512M) 0,114ms
[2022-10-30T11:51:13.898+0300][13,047s][info ][gc] GC(435) Concurrent Mark Cycle 91,662ms
[2022-10-30T11:51:13.936+0300][13,084s][info ][gc] GC(438) Pause Young (Prepare Mixed) (G1 Evacuation Pause) 293M->294M(512M) 27,039ms
[2022-10-30T11:51:13.949+0300][13,098s][info ][gc] GC(439) Pause Young (Mixed) (G1 Evacuation Pause) 308M->308M(512M) 7,644ms
[2022-10-30T11:51:13.980+0300][13,128s][info ][gc] GC(440) Pause Young (Concurrent Start) (G1 Evacuation Pause) 354M->355M(512M) 12,931ms
[2022-10-30T11:51:13.980+0300][13,128s][info ][gc] GC(441) Concurrent Mark Cycle
[2022-10-30T11:51:14.015+0300][13,164s][info ][gc] GC(442) Pause Young (Normal) (G1 Evacuation Pause) 406M->407M(512M) 11,817ms
[2022-10-30T11:51:14.032+0300][13,181s][info ][gc] GC(443) Pause Young (Normal) (G1 Evacuation Pause) 427M->429M(512M) 6,831ms
[2022-10-30T11:51:14.047+0300][13,196s][info ][gc] GC(444) Pause Young (Normal) (G1 Evacuation Pause) 450M->451M(512M) 6,556ms
[2022-10-30T11:51:14.063+0300][13,212s][info ][gc] GC(445) Pause Young (Normal) (G1 Evacuation Pause) 472M->473M(512M) 7,558ms
[2022-10-30T11:51:14.068+0300][13,216s][debug][gc] GC(441) Reclaimed 188 empty regions
[2022-10-30T11:51:14.068+0300][13,217s][info ][gc] GC(441) Pause Remark 481M->293M(512M) 1,343ms
[2022-10-30T11:51:14.082+0300][13,231s][info ][gc] GC(446) Pause Young (Normal) (G1 Evacuation Pause) 306M->307M(512M) 8,608ms
[2022-10-30T11:51:14.128+0300][13,277s][info ][gc] GC(447) Pause Young (Normal) (G1 Evacuation Pause) 373M->375M(512M) 17,231ms
[2022-10-30T11:51:14.148+0300][13,296s][info ][gc] GC(448) Pause Young (Normal) (G1 Evacuation Pause) 400M->401M(512M) 9,503ms
[2022-10-30T11:51:14.165+0300][13,314s][info ][gc] GC(449) Pause Young (Normal) (G1 Evacuation Pause) 422M->423M(512M) 8,970ms
[2022-10-30T11:51:14.181+0300][13,330s][info ][gc] GC(450) Pause Young (Normal) (G1 Evacuation Pause) 444M->446M(512M) 7,536ms
[2022-10-30T11:51:14.186+0300][13,335s][info ][gc] GC(441) Pause Cleanup 459M->459M(512M) 0,119ms
[2022-10-30T11:51:14.187+0300][13,335s][info ][gc] GC(441) Concurrent Mark Cycle 206,825ms
[2022-10-30T11:51:14.205+0300][13,354s][info ][gc] GC(451) Pause Young (Prepare Mixed) (G1 Preventive Collection) 464M->465M(512M) 6,460ms
[2022-10-30T11:51:14.211+0300][13,359s][info ][gc] GC(452) Pause Full (G1 Compaction Pause) 465M->3M(512M) 5,650ms
[2022-10-30T11:51:14.313+0300][13,462s][info ][gc] GC(453) Pause Young (Normal) (G1 Evacuation Pause) 185M->186M(512M) 36,186ms
[2022-10-30T11:51:14.370+0300][13,519s][info ][gc] GC(454) Pause Young (Normal) (G1 Evacuation Pause) 269M->270M(512M) 25,734ms
[2022-10-30T11:51:14.388+0300][13,536s][info ][gc] GC(455) Pause Young (Concurrent Start) (G1 Humongous Allocation) 275M->278M(512M) 5,477ms
[2022-10-30T11:51:14.388+0300][13,537s][info ][gc] GC(456) Concurrent Mark Cycle
[2022-10-30T11:51:14.395+0300][13,544s][debug][gc] GC(456) Reclaimed 252 empty regions
[2022-10-30T11:51:14.396+0300][13,544s][info ][gc] GC(456) Pause Remark 312M->60M(512M) 1,087ms
[2022-10-30T11:51:14.406+0300][13,555s][info ][gc] GC(456) Pause Cleanup 87M->87M(512M) 0,071ms
[2022-10-30T11:51:14.407+0300][13,556s][info ][gc] GC(456) Concurrent Mark Cycle 19,005ms
[2022-10-30T11:51:14.428+0300][13,577s][info ][gc] GC(457) Pause Young (Normal) (G1 Evacuation Pause) 101M->96M(512M) 15,891ms
[2022-10-30T11:51:14.478+0300][13,627s][info ][gc] GC(458) Pause Young (Concurrent Start) (G1 Humongous Allocation) 156M->157M(512M) 17,474ms
[2022-10-30T11:51:14.478+0300][13,627s][info ][gc] GC(459) Concurrent Mark Cycle
[2022-10-30T11:51:14.495+0300][13,644s][debug][gc] GC(459) Reclaimed 83 empty regions
[2022-10-30T11:51:14.495+0300][13,644s][info ][gc] GC(459) Pause Remark 214M->131M(512M) 0,978ms
[2022-10-30T11:51:14.542+0300][13,691s][info ][gc] GC(460) Pause Young (Normal) (G1 Evacuation Pause) 187M->173M(512M) 25,459ms
[2022-10-30T11:51:14.544+0300][13,693s][info ][gc] GC(459) Pause Cleanup 178M->178M(512M) 0,047ms
[2022-10-30T11:51:14.545+0300][13,693s][info ][gc] GC(459) Concurrent Mark Cycle 66,194ms
[2022-10-30T11:51:14.571+0300][13,719s][info ][gc] GC(461) Pause Young (Concurrent Start) (G1 Humongous Allocation) 195M->197M(512M) 9,490ms
[2022-10-30T11:51:14.571+0300][13,719s][info ][gc] GC(462) Concurrent Mark Cycle
[2022-10-30T11:51:14.581+0300][13,730s][debug][gc] GC(462) Reclaimed 156 empty regions
[2022-10-30T11:51:14.581+0300][13,730s][info ][gc] GC(462) Pause Remark 239M->83M(512M) 0,803ms
[2022-10-30T11:51:14.596+0300][13,745s][info ][gc] GC(462) Pause Cleanup 120M->120M(512M) 0,050ms
[2022-10-30T11:51:14.596+0300][13,745s][info ][gc] GC(462) Concurrent Mark Cycle 25,489ms
[2022-10-30T11:51:14.628+0300][13,777s][info ][gc] GC(463) Pause Young (Normal) (G1 Evacuation Pause) 141M->128M(512M) 23,958ms
[2022-10-30T11:51:14.664+0300][13,812s][info ][gc] GC(464) Pause Young (Concurrent Start) (G1 Humongous Allocation) 163M->164M(512M) 12,203ms
[2022-10-30T11:51:14.664+0300][13,812s][info ][gc] GC(465) Concurrent Mark Cycle
[2022-10-30T11:51:14.676+0300][13,825s][debug][gc] GC(465) Reclaimed 113 empty regions
[2022-10-30T11:51:14.677+0300][13,825s][info ][gc] GC(465) Pause Remark 211M->98M(512M) 0,847ms
[2022-10-30T11:51:14.694+0300][13,842s][info ][gc] GC(465) Pause Cleanup 143M->143M(512M) 0,079ms
[2022-10-30T11:51:14.694+0300][13,843s][info ][gc] GC(465) Concurrent Mark Cycle 30,306ms
[2022-10-30T11:51:14.728+0300][13,877s][info ][gc] GC(466) Pause Young (Normal) (G1 Evacuation Pause) 162M->148M(512M) 26,837ms
[2022-10-30T11:51:14.759+0300][13,907s][info ][gc] GC(467) Pause Young (Concurrent Start) (G1 Humongous Allocation) 172M->172M(512M) 11,498ms
[2022-10-30T11:51:14.759+0300][13,907s][info ][gc] GC(468) Concurrent Mark Cycle
[2022-10-30T11:51:14.770+0300][13,918s][debug][gc] GC(468) Reclaimed 128 empty regions
[2022-10-30T11:51:14.770+0300][13,918s][info ][gc] GC(468) Pause Remark 215M->87M(512M) 0,789ms
[2022-10-30T11:51:14.784+0300][13,933s][info ][gc] GC(468) Pause Cleanup 125M->125M(512M) 0,056ms
[2022-10-30T11:51:14.785+0300][13,933s][info ][gc] GC(468) Concurrent Mark Cycle 26,051ms
[2022-10-30T11:51:14.817+0300][13,966s][info ][gc] GC(469) Pause Young (Normal) (G1 Evacuation Pause) 152M->140M(512M) 22,356ms
[2022-10-30T11:51:14.849+0300][13,998s][info ][gc] GC(470) Pause Young (Concurrent Start) (G1 Humongous Allocation) 167M->168M(512M) 10,952ms
[2022-10-30T11:51:14.849+0300][13,998s][info ][gc] GC(471) Concurrent Mark Cycle
[2022-10-30T11:51:14.860+0300][14,009s][debug][gc] GC(471) Reclaimed 122 empty regions
[2022-10-30T11:51:14.860+0300][14,009s][info ][gc] GC(471) Pause Remark 212M->90M(512M) 0,766ms
[2022-10-30T11:51:14.875+0300][14,024s][info ][gc] GC(471) Pause Cleanup 129M->129M(512M) 0,053ms
[2022-10-30T11:51:14.875+0300][14,024s][info ][gc] GC(471) Concurrent Mark Cycle 26,492ms
[2022-10-30T11:51:14.911+0300][14,060s][info ][gc] GC(472) Pause Young (Normal) (G1 Evacuation Pause) 155M->143M(512M) 25,995ms
[2022-10-30T11:51:14.943+0300][14,091s][info ][gc] GC(473) Pause Young (Concurrent Start) (G1 Humongous Allocation) 169M->170M(512M) 11,286ms
[2022-10-30T11:51:14.943+0300][14,091s][info ][gc] GC(474) Concurrent Mark Cycle
[2022-10-30T11:51:14.954+0300][14,103s][debug][gc] GC(474) Reclaimed 126 empty regions
[2022-10-30T11:51:14.954+0300][14,103s][info ][gc] GC(474) Pause Remark 213M->87M(512M) 0,755ms
[2022-10-30T11:51:14.969+0300][14,117s][info ][gc] GC(474) Pause Cleanup 125M->125M(512M) 0,091ms
[2022-10-30T11:51:14.969+0300][14,118s][info ][gc] GC(474) Concurrent Mark Cycle 26,524ms
[2022-10-30T11:51:15.004+0300][14,153s][info ][gc] GC(475) Pause Young (Normal) (G1 Evacuation Pause) 153M->141M(512M) 24,313ms
[2022-10-30T11:51:15.034+0300][14,183s][info ][gc] GC(476) Pause Young (Concurrent Start) (G1 Humongous Allocation) 167M->168M(512M) 10,263ms
[2022-10-30T11:51:15.034+0300][14,183s][info ][gc] GC(477) Concurrent Mark Cycle
[2022-10-30T11:51:15.046+0300][14,194s][debug][gc] GC(477) Reclaimed 121 empty regions
[2022-10-30T11:51:15.046+0300][14,195s][info ][gc] GC(477) Pause Remark 212M->91M(512M) 1,139ms
[2022-10-30T11:51:15.061+0300][14,209s][info ][gc] GC(477) Pause Cleanup 129M->129M(512M) 0,094ms
[2022-10-30T11:51:15.061+0300][14,210s][info ][gc] GC(477) Concurrent Mark Cycle 26,820ms
[2022-10-30T11:51:15.097+0300][14,245s][info ][gc] GC(478) Pause Young (Normal) (G1 Evacuation Pause) 156M->143M(512M) 25,337ms
[2022-10-30T11:51:15.127+0300][14,276s][info ][gc] GC(479) Pause Young (Concurrent Start) (G1 Humongous Allocation) 169M->170M(512M) 10,530ms
[2022-10-30T11:51:15.127+0300][14,276s][info ][gc] GC(480) Concurrent Mark Cycle
[2022-10-30T11:51:15.140+0300][14,288s][debug][gc] GC(480) Reclaimed 124 empty regions
[2022-10-30T11:51:15.140+0300][14,288s][info ][gc] GC(480) Pause Remark 216M->92M(512M) 1,034ms
[2022-10-30T11:51:15.155+0300][14,303s][info ][gc] GC(480) Pause Cleanup 131M->131M(512M) 0,060ms
[2022-10-30T11:51:15.155+0300][14,304s][info ][gc] GC(480) Concurrent Mark Cycle 27,708ms
[2022-10-30T11:51:15.189+0300][14,337s][info ][gc] GC(481) Pause Young (Normal) (G1 Evacuation Pause) 155M->142M(512M) 24,134ms
[2022-10-30T11:51:15.219+0300][14,368s][info ][gc] GC(482) Pause Young (Concurrent Start) (G1 Humongous Allocation) 168M->169M(512M) 10,573ms
[2022-10-30T11:51:15.220+0300][14,368s][info ][gc] GC(483) Concurrent Mark Cycle
[2022-10-30T11:51:15.231+0300][14,380s][debug][gc] GC(483) Reclaimed 125 empty regions
[2022-10-30T11:51:15.231+0300][14,380s][info ][gc] GC(483) Pause Remark 213M->88M(512M) 1,328ms
[2022-10-30T11:51:15.246+0300][14,395s][info ][gc] GC(483) Pause Cleanup 126M->126M(512M) 0,051ms
[2022-10-30T11:51:15.246+0300][14,395s][info ][gc] GC(483) Concurrent Mark Cycle 26,804ms
[2022-10-30T11:51:15.283+0300][14,432s][info ][gc] GC(484) Pause Young (Normal) (G1 Evacuation Pause) 153M->140M(512M) 26,670ms
[2022-10-30T11:51:15.314+0300][14,463s][info ][gc] GC(485) Pause Young (Concurrent Start) (G1 Humongous Allocation) 166M->167M(512M) 10,292ms
[2022-10-30T11:51:15.314+0300][14,463s][info ][gc] GC(486) Concurrent Mark Cycle
[2022-10-30T11:51:15.325+0300][14,474s][debug][gc] GC(486) Reclaimed 123 empty regions
[2022-10-30T11:51:15.325+0300][14,474s][info ][gc] GC(486) Pause Remark 211M->88M(512M) 0,798ms
[2022-10-30T11:51:15.340+0300][14,489s][info ][gc] GC(486) Pause Cleanup 126M->126M(512M) 0,053ms
[2022-10-30T11:51:15.341+0300][14,489s][info ][gc] GC(486) Concurrent Mark Cycle 26,584ms
[2022-10-30T11:51:15.378+0300][14,527s][info ][gc] GC(487) Pause Young (Normal) (G1 Evacuation Pause) 154M->141M(512M) 26,640ms
[2022-10-30T11:51:15.408+0300][14,556s][info ][gc] GC(488) Pause Young (Concurrent Start) (G1 Humongous Allocation) 166M->167M(512M) 10,254ms
[2022-10-30T11:51:15.408+0300][14,556s][info ][gc] GC(489) Concurrent Mark Cycle
[2022-10-30T11:51:15.419+0300][14,567s][debug][gc] GC(489) Reclaimed 124 empty regions
[2022-10-30T11:51:15.419+0300][14,568s][info ][gc] GC(489) Pause Remark 211M->87M(512M) 0,875ms
[2022-10-30T11:51:15.433+0300][14,582s][info ][gc] GC(489) Pause Cleanup 124M->124M(512M) 0,054ms
[2022-10-30T11:51:15.434+0300][14,582s][info ][gc] GC(489) Concurrent Mark Cycle 25,997ms
[2022-10-30T11:51:15.468+0300][14,616s][info ][gc] GC(490) Pause Young (Normal) (G1 Evacuation Pause) 153M->140M(512M) 23,121ms
[2022-10-30T11:51:15.498+0300][14,647s][info ][gc] GC(491) Pause Young (Concurrent Start) (G1 Humongous Allocation) 165M->166M(512M) 10,699ms
[2022-10-30T11:51:15.498+0300][14,647s][info ][gc] GC(492) Concurrent Mark Cycle
[2022-10-30T11:51:15.509+0300][14,658s][debug][gc] GC(492) Reclaimed 123 empty regions
[2022-10-30T11:51:15.509+0300][14,658s][info ][gc] GC(492) Pause Remark 210M->87M(512M) 0,954ms
[2022-10-30T11:51:15.524+0300][14,673s][info ][gc] GC(492) Pause Cleanup 124M->124M(512M) 0,092ms
[2022-10-30T11:51:15.524+0300][14,673s][info ][gc] GC(492) Concurrent Mark Cycle 26,102ms
[2022-10-30T11:51:15.562+0300][14,710s][info ][gc] GC(493) Pause Young (Normal) (G1 Evacuation Pause) 153M->140M(512M) 26,437ms
[2022-10-30T11:51:15.591+0300][14,740s][info ][gc] GC(494) Pause Young (Concurrent Start) (G1 Humongous Allocation) 165M->167M(512M) 9,666ms
[2022-10-30T11:51:15.591+0300][14,740s][info ][gc] GC(495) Concurrent Mark Cycle
[2022-10-30T11:51:15.602+0300][14,751s][debug][gc] GC(495) Reclaimed 124 empty regions
[2022-10-30T11:51:15.602+0300][14,751s][info ][gc] GC(495) Pause Remark 210M->86M(512M) 0,841ms
[2022-10-30T11:51:15.617+0300][14,765s][info ][gc] GC(495) Pause Cleanup 124M->124M(512M) 0,064ms
[2022-10-30T11:51:15.617+0300][14,766s][info ][gc] GC(495) Concurrent Mark Cycle 26,034ms
[2022-10-30T11:51:15.661+0300][14,810s][info ][gc] GC(496) Pause Young (Normal) (G1 Evacuation Pause) 153M->140M(512M) 33,376ms
[2022-10-30T11:51:15.690+0300][14,839s][info ][gc] GC(497) Pause Young (Concurrent Start) (G1 Humongous Allocation) 165M->167M(512M) 9,560ms
[2022-10-30T11:51:15.690+0300][14,839s][info ][gc] GC(498) Concurrent Mark Cycle
[2022-10-30T11:51:15.701+0300][14,850s][debug][gc] GC(498) Reclaimed 124 empty regions
[2022-10-30T11:51:15.702+0300][14,850s][info ][gc] GC(498) Pause Remark 210M->86M(512M) 0,809ms
[2022-10-30T11:51:15.716+0300][14,865s][info ][gc] GC(498) Pause Cleanup 124M->124M(512M) 0,085ms
[2022-10-30T11:51:15.716+0300][14,865s][info ][gc] GC(498) Concurrent Mark Cycle 26,010ms
[2022-10-30T11:51:15.750+0300][14,899s][info ][gc] GC(499) Pause Young (Normal) (G1 Evacuation Pause) 153M->140M(512M) 22,981ms
[2022-10-30T11:51:15.780+0300][14,928s][info ][gc] GC(500) Pause Young (Concurrent Start) (G1 Humongous Allocation) 165M->167M(512M) 9,845ms
[2022-10-30T11:51:15.780+0300][14,928s][info ][gc] GC(501) Concurrent Mark Cycle
[2022-10-30T11:51:15.791+0300][14,939s][debug][gc] GC(501) Reclaimed 121 empty regions
[2022-10-30T11:51:15.791+0300][14,940s][info ][gc] GC(501) Pause Remark 210M->89M(512M) 0,899ms
[2022-10-30T11:51:15.805+0300][14,954s][info ][gc] GC(501) Pause Cleanup 127M->127M(512M) 0,060ms
[2022-10-30T11:51:15.806+0300][14,954s][info ][gc] GC(501) Concurrent Mark Cycle 26,013ms
[2022-10-30T11:51:15.840+0300][14,989s][info ][gc] GC(502) Pause Young (Normal) (G1 Evacuation Pause) 156M->143M(512M) 23,827ms
[2022-10-30T11:51:15.870+0300][15,019s][info ][gc] GC(503) Pause Young (Concurrent Start) (G1 Humongous Allocation) 168M->170M(512M) 10,033ms
[2022-10-30T11:51:15.870+0300][15,019s][info ][gc] GC(504) Concurrent Mark Cycle
[2022-10-30T11:51:15.881+0300][15,030s][debug][gc] GC(504) Reclaimed 123 empty regions
[2022-10-30T11:51:15.881+0300][15,030s][info ][gc] GC(504) Pause Remark 214M->91M(512M) 0,762ms
[2022-10-30T11:51:15.896+0300][15,044s][info ][gc] GC(504) Pause Cleanup 129M->129M(512M) 0,054ms
[2022-10-30T11:51:15.896+0300][15,045s][info ][gc] GC(504) Concurrent Mark Cycle 25,962ms
[2022-10-30T11:51:15.933+0300][15,081s][info ][gc] GC(505) Pause Young (Normal) (G1 Evacuation Pause) 156M->144M(512M) 26,658ms
[2022-10-30T11:51:15.963+0300][15,112s][info ][gc] GC(506) Pause Young (Concurrent Start) (G1 Humongous Allocation) 170M->171M(512M) 10,005ms
[2022-10-30T11:51:15.963+0300][15,112s][info ][gc] GC(507) Concurrent Mark Cycle
[2022-10-30T11:51:15.974+0300][15,123s][debug][gc] GC(507) Reclaimed 124 empty regions
[2022-10-30T11:51:15.974+0300][15,123s][info ][gc] GC(507) Pause Remark 215M->91M(512M) 0,915ms
[2022-10-30T11:51:15.989+0300][15,138s][info ][gc] GC(507) Pause Cleanup 129M->129M(512M) 0,086ms
[2022-10-30T11:51:15.989+0300][15,138s][info ][gc] GC(507) Concurrent Mark Cycle 26,333ms
[2022-10-30T11:51:16.023+0300][15,171s][info ][gc] GC(508) Pause Young (Normal) (G1 Evacuation Pause) 156M->143M(512M) 23,415ms
[2022-10-30T11:51:16.053+0300][15,202s][info ][gc] GC(509) Pause Young (Concurrent Start) (G1 Humongous Allocation) 169M->170M(512M) 10,236ms
[2022-10-30T11:51:16.053+0300][15,202s][info ][gc] GC(510) Concurrent Mark Cycle
[2022-10-30T11:51:16.064+0300][15,213s][debug][gc] GC(510) Reclaimed 124 empty regions
[2022-10-30T11:51:16.064+0300][15,213s][info ][gc] GC(510) Pause Remark 214M->90M(512M) 0,864ms
[2022-10-30T11:51:16.079+0300][15,228s][info ][gc] GC(510) Pause Cleanup 128M->128M(512M) 0,059ms
[2022-10-30T11:51:16.079+0300][15,228s][info ][gc] GC(510) Concurrent Mark Cycle 26,430ms
[2022-10-30T11:51:16.116+0300][15,264s][info ][gc] GC(511) Pause Young (Normal) (G1 Evacuation Pause) 155M->143M(512M) 25,754ms
[2022-10-30T11:51:16.146+0300][15,295s][info ][gc] GC(512) Pause Young (Concurrent Start) (G1 Humongous Allocation) 169M->170M(512M) 10,091ms
[2022-10-30T11:51:16.146+0300][15,295s][info ][gc] GC(513) Concurrent Mark Cycle
[2022-10-30T11:51:16.157+0300][15,306s][debug][gc] GC(513) Reclaimed 125 empty regions
[2022-10-30T11:51:16.157+0300][15,306s][info ][gc] GC(513) Pause Remark 213M->88M(512M) 0,829ms
[2022-10-30T11:51:16.172+0300][15,321s][info ][gc] GC(513) Pause Cleanup 126M->126M(512M) 0,081ms
[2022-10-30T11:51:16.172+0300][15,321s][info ][gc] GC(513) Concurrent Mark Cycle 26,288ms
[2022-10-30T11:51:16.209+0300][15,358s][info ][gc] GC(514) Pause Young (Normal) (G1 Evacuation Pause) 154M->141M(512M) 26,227ms
[2022-10-30T11:51:16.241+0300][15,390s][info ][gc] GC(515) Pause Young (Concurrent Start) (G1 Humongous Allocation) 167M->168M(512M) 11,823ms
[2022-10-30T11:51:16.241+0300][15,390s][info ][gc] GC(516) Concurrent Mark Cycle
[2022-10-30T11:51:16.252+0300][15,401s][debug][gc] GC(516) Reclaimed 121 empty regions
[2022-10-30T11:51:16.252+0300][15,401s][info ][gc] GC(516) Pause Remark 212M->91M(512M) 1,011ms
[2022-10-30T11:51:16.267+0300][15,416s][info ][gc] GC(516) Pause Cleanup 129M->129M(512M) 0,090ms
[2022-10-30T11:51:16.268+0300][15,416s][info ][gc] GC(516) Concurrent Mark Cycle 26,844ms
[2022-10-30T11:51:16.305+0300][15,454s][info ][gc] GC(517) Pause Young (Normal) (G1 Evacuation Pause) 156M->143M(512M) 27,480ms
[2022-10-30T11:51:16.336+0300][15,485s][info ][gc] GC(518) Pause Young (Concurrent Start) (G1 Humongous Allocation) 169M->170M(512M) 11,059ms
[2022-10-30T11:51:16.336+0300][15,485s][info ][gc] GC(519) Concurrent Mark Cycle
[2022-10-30T11:51:16.348+0300][15,496s][debug][gc] GC(519) Reclaimed 126 empty regions
[2022-10-30T11:51:16.348+0300][15,497s][info ][gc] GC(519) Pause Remark 214M->88M(512M) 0,752ms
[2022-10-30T11:51:16.363+0300][15,511s][info ][gc] GC(519) Pause Cleanup 125M->125M(512M) 0,089ms
[2022-10-30T11:51:16.363+0300][15,512s][info ][gc] GC(519) Concurrent Mark Cycle 26,523ms
[2022-10-30T11:51:16.406+0300][15,555s][info ][gc] GC(520) Pause Young (Normal) (G1 Evacuation Pause) 153M->140M(512M) 32,641ms
[2022-10-30T11:51:16.437+0300][15,585s][info ][gc] GC(521) Pause Young (Concurrent Start) (G1 Humongous Allocation) 166M->167M(512M) 10,775ms
[2022-10-30T11:51:16.437+0300][15,585s][info ][gc] GC(522) Concurrent Mark Cycle
[2022-10-30T11:51:16.448+0300][15,597s][debug][gc] GC(522) Reclaimed 122 empty regions
[2022-10-30T11:51:16.448+0300][15,597s][info ][gc] GC(522) Pause Remark 211M->89M(512M) 0,881ms
[2022-10-30T11:51:16.463+0300][15,612s][info ][gc] GC(522) Pause Cleanup 127M->127M(512M) 0,090ms
[2022-10-30T11:51:16.463+0300][15,612s][info ][gc] GC(522) Concurrent Mark Cycle 26,739ms
[2022-10-30T11:51:16.497+0300][15,646s][info ][gc] GC(523) Pause Young (Normal) (G1 Evacuation Pause) 155M->142M(512M) 23,053ms
[2022-10-30T11:51:16.527+0300][15,676s][info ][gc] GC(524) Pause Young (Concurrent Start) (G1 Humongous Allocation) 167M->168M(512M) 10,275ms
[2022-10-30T11:51:16.527+0300][15,676s][info ][gc] GC(525) Concurrent Mark Cycle
[2022-10-30T11:51:16.539+0300][15,688s][debug][gc] GC(525) Reclaimed 124 empty regions
[2022-10-30T11:51:16.540+0300][15,688s][info ][gc] GC(525) Pause Remark 215M->91M(512M) 1,162ms
[2022-10-30T11:51:16.554+0300][15,703s][info ][gc] GC(525) Pause Cleanup 129M->129M(512M) 0,053ms
[2022-10-30T11:51:16.555+0300][15,704s][info ][gc] GC(525) Concurrent Mark Cycle 27,824ms
[2022-10-30T11:51:16.590+0300][15,739s][info ][gc] GC(526) Pause Young (Normal) (G1 Evacuation Pause) 153M->141M(512M) 26,340ms
[2022-10-30T11:51:16.620+0300][15,769s][info ][gc] GC(527) Pause Young (Concurrent Start) (G1 Humongous Allocation) 167M->168M(512M) 10,429ms
[2022-10-30T11:51:16.621+0300][15,769s][info ][gc] GC(528) Concurrent Mark Cycle
[2022-10-30T11:51:16.632+0300][15,781s][debug][gc] GC(528) Reclaimed 123 empty regions
[2022-10-30T11:51:16.632+0300][15,781s][info ][gc] GC(528) Pause Remark 212M->89M(512M) 1,149ms
[2022-10-30T11:51:16.647+0300][15,796s][info ][gc] GC(528) Pause Cleanup 127M->127M(512M) 0,055ms
[2022-10-30T11:51:16.648+0300][15,796s][info ][gc] GC(528) Concurrent Mark Cycle 26,979ms
[2022-10-30T11:51:16.682+0300][15,830s][info ][gc] GC(529) Pause Young (Normal) (G1 Evacuation Pause) 155M->142M(512M) 23,717ms
[2022-10-30T11:51:16.713+0300][15,861s][info ][gc] GC(530) Pause Young (Concurrent Start) (G1 Humongous Allocation) 167M->169M(512M) 11,232ms
[2022-10-30T11:51:16.713+0300][15,861s][info ][gc] GC(531) Concurrent Mark Cycle
[2022-10-30T11:51:16.724+0300][15,873s][debug][gc] GC(531) Reclaimed 122 empty regions
[2022-10-30T11:51:16.724+0300][15,873s][info ][gc] GC(531) Pause Remark 212M->90M(512M) 0,890ms
[2022-10-30T11:51:16.739+0300][15,888s][info ][gc] GC(531) Pause Cleanup 128M->128M(512M) 0,080ms
[2022-10-30T11:51:16.739+0300][15,888s][info ][gc] GC(531) Concurrent Mark Cycle 26,691ms
[2022-10-30T11:51:16.778+0300][15,927s][info ][gc] GC(532) Pause Young (Normal) (G1 Evacuation Pause) 156M->143M(512M) 28,045ms
[2022-10-30T11:51:16.809+0300][15,958s][info ][gc] GC(533) Pause Young (Concurrent Start) (G1 Humongous Allocation) 169M->170M(512M) 10,621ms
[2022-10-30T11:51:16.809+0300][15,958s][info ][gc] GC(534) Concurrent Mark Cycle
[2022-10-30T11:51:16.821+0300][15,969s][debug][gc] GC(534) Reclaimed 123 empty regions
[2022-10-30T11:51:16.821+0300][15,970s][info ][gc] GC(534) Pause Remark 214M->91M(512M) 1,519ms
[2022-10-30T11:51:16.836+0300][15,984s][info ][gc] GC(534) Pause Cleanup 129M->129M(512M) 0,109ms
[2022-10-30T11:51:16.836+0300][15,985s][info ][gc] GC(534) Concurrent Mark Cycle 27,052ms
[2022-10-30T11:51:16.869+0300][16,018s][info ][gc] GC(535) Pause Young (Normal) (G1 Evacuation Pause) 156M->143M(512M) 22,461ms
[2022-10-30T11:51:16.899+0300][16,048s][info ][gc] GC(536) Pause Young (Concurrent Start) (G1 Humongous Allocation) 169M->170M(512M) 10,140ms
[2022-10-30T11:51:16.899+0300][16,048s][info ][gc] GC(537) Concurrent Mark Cycle
[2022-10-30T11:51:16.911+0300][16,060s][debug][gc] GC(537) Reclaimed 125 empty regions
[2022-10-30T11:51:16.911+0300][16,060s][info ][gc] GC(537) Pause Remark 214M->89M(512M) 1,237ms
[2022-10-30T11:51:16.926+0300][16,074s][info ][gc] GC(537) Pause Cleanup 126M->126M(512M) 0,095ms
[2022-10-30T11:51:16.926+0300][16,075s][info ][gc] GC(537) Concurrent Mark Cycle 26,760ms
[2022-10-30T11:51:16.962+0300][16,111s][info ][gc] GC(538) Pause Young (Normal) (G1 Evacuation Pause) 154M->142M(512M) 25,801ms
[2022-10-30T11:51:16.993+0300][16,141s][info ][gc] GC(539) Pause Young (Concurrent Start) (G1 Humongous Allocation) 168M->169M(512M) 10,035ms
[2022-10-30T11:51:16.993+0300][16,141s][info ][gc] GC(540) Concurrent Mark Cycle
[2022-10-30T11:51:17.004+0300][16,153s][debug][gc] GC(540) Reclaimed 122 empty regions
[2022-10-30T11:51:17.004+0300][16,153s][info ][gc] GC(540) Pause Remark 213M->91M(512M) 1,307ms
[2022-10-30T11:51:17.019+0300][16,168s][info ][gc] GC(540) Pause Cleanup 128M->128M(512M) 0,056ms
[2022-10-30T11:51:17.019+0300][16,168s][info ][gc] GC(540) Concurrent Mark Cycle 26,763ms
[2022-10-30T11:51:17.053+0300][16,201s][info ][gc] GC(541) Pause Young (Normal) (G1 Evacuation Pause) 156M->143M(512M) 22,679ms
[2022-10-30T11:51:17.083+0300][16,232s][info ][gc] GC(542) Pause Young (Concurrent Start) (G1 Humongous Allocation) 169M->170M(512M) 10,496ms
[2022-10-30T11:51:17.083+0300][16,232s][info ][gc] GC(543) Concurrent Mark Cycle
[2022-10-30T11:51:17.095+0300][16,244s][debug][gc] GC(543) Reclaimed 125 empty regions
[2022-10-30T11:51:17.095+0300][16,244s][info ][gc] GC(543) Pause Remark 214M->89M(512M) 1,306ms
[2022-10-30T11:51:17.110+0300][16,259s][info ][gc] GC(543) Pause Cleanup 128M->128M(512M) 0,063ms
[2022-10-30T11:51:17.110+0300][16,259s][info ][gc] GC(543) Concurrent Mark Cycle 27,072ms
[2022-10-30T11:51:17.147+0300][16,295s][info ][gc] GC(544) Pause Young (Normal) (G1 Evacuation Pause) 154M->141M(512M) 26,372ms
[2022-10-30T11:51:17.224+0300][16,372s][info ][gc] GC(545) Pause Young (Normal) (G1 Evacuation Pause) 259M->261M(512M) 28,612ms
[2022-10-30T11:51:17.265+0300][16,414s][info ][gc] GC(546) Pause Young (Concurrent Start) (G1 Humongous Allocation) 303M->304M(512M) 15,118ms
[2022-10-30T11:51:17.265+0300][16,414s][info ][gc] GC(547) Concurrent Mark Cycle
[2022-10-30T11:51:17.282+0300][16,430s][debug][gc] GC(547) Reclaimed 240 empty regions
[2022-10-30T11:51:17.282+0300][16,430s][info ][gc] GC(547) Pause Remark 357M->117M(512M) 2,642ms
[2022-10-30T11:51:17.302+0300][16,451s][info ][gc] GC(548) Pause Young (Normal) (G1 Evacuation Pause) 130M->122M(512M) 14,677ms
[2022-10-30T11:51:17.316+0300][16,465s][info ][gc] GC(547) Pause Cleanup 158M->158M(512M) 0,067ms
[2022-10-30T11:51:17.316+0300][16,465s][info ][gc] GC(547) Concurrent Mark Cycle 51,043ms
[2022-10-30T11:51:17.384+0300][16,533s][info ][gc] GC(549) Pause Young (Normal) (G1 Evacuation Pause) 246M->247M(512M) 30,771ms
[2022-10-30T11:51:17.429+0300][16,578s][info ][gc] GC(550) Pause Young (Concurrent Start) (G1 Evacuation Pause) 311M->313M(512M) 20,924ms
[2022-10-30T11:51:17.429+0300][16,578s][info ][gc] GC(551) Concurrent Mark Cycle
[2022-10-30T11:51:17.475+0300][16,624s][info ][gc] GC(552) Pause Young (Normal) (G1 Evacuation Pause) 377M->378M(512M) 17,627ms
[2022-10-30T11:51:17.494+0300][16,642s][info ][gc] GC(553) Pause Young (Normal) (G1 Evacuation Pause) 401M->403M(512M) 9,198ms
[2022-10-30T11:51:17.503+0300][16,652s][debug][gc] GC(551) Reclaimed 156 empty regions
[2022-10-30T11:51:17.504+0300][16,652s][info ][gc] GC(551) Pause Remark 418M->262M(512M) 1,016ms
[2022-10-30T11:51:17.515+0300][16,663s][info ][gc] GC(554) Pause Young (Normal) (G1 Evacuation Pause) 268M->269M(512M) 8,241ms
[2022-10-30T11:51:17.570+0300][16,718s][info ][gc] GC(555) Pause Young (Normal) (G1 Evacuation Pause) 346M->347M(512M) 19,509ms
[2022-10-30T11:51:17.595+0300][16,744s][info ][gc] GC(556) Pause Young (Normal) (G1 Evacuation Pause) 380M->382M(512M) 12,419ms
[2022-10-30T11:51:17.602+0300][16,751s][info ][gc] GC(551) Pause Cleanup 400M->400M(512M) 0,094ms
[2022-10-30T11:51:17.602+0300][16,751s][info ][gc] GC(551) Concurrent Mark Cycle 173,086ms
[2022-10-30T11:51:17.612+0300][16,761s][info ][gc] GC(557) Pause Young (Prepare Mixed) (G1 Evacuation Pause) 404M->405M(512M) 8,453ms
[2022-10-30T11:51:17.627+0300][16,776s][info ][gc] GC(558) Pause Young (Mixed) (G1 Evacuation Pause) 426M->423M(512M) 6,895ms
[2022-10-30T11:51:17.642+0300][16,791s][info ][gc] GC(559) Pause Young (Concurrent Start) (G1 Evacuation Pause) 444M->445M(512M) 6,877ms
[2022-10-30T11:51:17.642+0300][16,791s][info ][gc] GC(560) Concurrent Mark Cycle
[2022-10-30T11:51:17.668+0300][16,816s][info ][gc] GC(561) Pause Young (Normal) (G1 Preventive Collection) 483M->485M(512M) 7,373ms
[2022-10-30T11:51:17.675+0300][16,824s][info ][gc] GC(562) Pause Young (Normal) (G1 Preventive Collection) 493M->494M(512M) 4,306ms
[2022-10-30T11:51:17.680+0300][16,829s][info ][gc] GC(563) Pause Young (Normal) (G1 Preventive Collection) 498M->499M(512M) 3,264ms
[2022-10-30T11:51:17.684+0300][16,833s][info ][gc] GC(564) Pause Young (Normal) (G1 Preventive Collection) 501M->501M(512M) 2,941ms
[2022-10-30T11:51:17.687+0300][16,836s][info ][gc] GC(565) Pause Young (Normal) (G1 Preventive Collection) 502M->502M(512M) 1,619ms
[2022-10-30T11:51:17.689+0300][16,838s][info ][gc] GC(566) Pause Young (Normal) (G1 Preventive Collection) 503M->503M(512M) 1,451ms
[2022-10-30T11:51:17.691+0300][16,840s][info ][gc] GC(567) Pause Young (Normal) (G1 Preventive Collection) 504M->504M(512M) 1,118ms
[2022-10-30T11:51:17.698+0300][16,847s][info ][gc] GC(568) Pause Young (Normal) (G1 Preventive Collection) (Evacuation Failure) 505M->507M(512M) 7,086ms
[2022-10-30T11:51:17.699+0300][16,848s][debug][gc] GC(569) Clear Next Bitmap 0,283ms
[2022-10-30T11:51:17.720+0300][16,869s][info ][gc] GC(569) Pause Full (G1 Compaction Pause) 507M->56M(512M) 21,573ms
[2022-10-30T11:51:17.721+0300][16,870s][info ][gc] GC(560) Concurrent Mark Cycle 78,463ms
[2022-10-30T11:51:17.812+0300][16,961s][info ][gc] GC(570) Pause Young (Normal) (G1 Evacuation Pause) 201M->201M(512M) 33,356ms
[2022-10-30T11:51:17.872+0300][17,020s][info ][gc] GC(571) Pause Young (Concurrent Start) (G1 Humongous Allocation) 273M->274M(512M) 22,605ms
[2022-10-30T11:51:17.872+0300][17,021s][info ][gc] GC(572) Concurrent Mark Cycle
[2022-10-30T11:51:17.892+0300][17,041s][debug][gc] GC(572) Reclaimed 182 empty regions
[2022-10-30T11:51:17.893+0300][17,041s][info ][gc] GC(572) Pause Remark 341M->162M(512M) 0,948ms
[2022-10-30T11:51:17.916+0300][17,065s][info ][gc] GC(573) Pause Young (Normal) (G1 Evacuation Pause) 171M->161M(512M) 19,231ms
[2022-10-30T11:51:17.941+0300][17,090s][info ][gc] GC(572) Pause Cleanup 220M->220M(512M) 0,124ms
[2022-10-30T11:51:17.941+0300][17,090s][info ][gc] GC(572) Concurrent Mark Cycle 69,391ms
[2022-10-30T11:51:17.969+0300][17,118s][info ][gc] GC(574) Pause Young (Concurrent Start) (G1 Humongous Allocation) 220M->221M(512M) 20,590ms
[2022-10-30T11:51:17.969+0300][17,118s][info ][gc] GC(575) Concurrent Mark Cycle
[2022-10-30T11:51:17.987+0300][17,136s][debug][gc] GC(575) Reclaimed 146 empty regions
[2022-10-30T11:51:17.987+0300][17,136s][info ][gc] GC(575) Pause Remark 279M->133M(512M) 1,976ms
[2022-10-30T11:51:18.024+0300][17,173s][info ][gc] GC(576) Pause Young (Normal) (G1 Evacuation Pause) 168M->156M(512M) 22,852ms
[2022-10-30T11:51:18.032+0300][17,180s][info ][gc] GC(575) Pause Cleanup 176M->176M(512M) 0,057ms
[2022-10-30T11:51:18.032+0300][17,181s][info ][gc] GC(575) Concurrent Mark Cycle 62,799ms
[2022-10-30T11:51:18.066+0300][17,215s][info ][gc] GC(577) Pause Young (Concurrent Start) (G1 Humongous Allocation) 198M->199M(512M) 15,712ms
[2022-10-30T11:51:18.066+0300][17,215s][info ][gc] GC(578) Concurrent Mark Cycle
[2022-10-30T11:51:18.081+0300][17,230s][debug][gc] GC(578) Reclaimed 139 empty regions
[2022-10-30T11:51:18.081+0300][17,230s][info ][gc] GC(578) Pause Remark 250M->111M(512M) 1,991ms
[2022-10-30T11:51:18.127+0300][17,275s][info ][gc] GC(579) Pause Young (Normal) (G1 Evacuation Pause) 160M->148M(512M) 25,958ms
[2022-10-30T11:51:18.127+0300][17,276s][info ][gc] GC(578) Pause Cleanup 149M->149M(512M) 0,051ms
[2022-10-30T11:51:18.127+0300][17,276s][info ][gc] GC(578) Concurrent Mark Cycle 61,238ms
[2022-10-30T11:51:18.163+0300][17,312s][info ][gc] GC(580) Pause Young (Concurrent Start) (G1 Humongous Allocation) 183M->184M(512M) 12,717ms
[2022-10-30T11:51:18.163+0300][17,312s][info ][gc] GC(581) Concurrent Mark Cycle
[2022-10-30T11:51:18.176+0300][17,325s][debug][gc] GC(581) Reclaimed 130 empty regions
[2022-10-30T11:51:18.176+0300][17,325s][info ][gc] GC(581) Pause Remark 232M->102M(512M) 1,152ms
[2022-10-30T11:51:18.193+0300][17,342s][info ][gc] GC(581) Pause Cleanup 146M->146M(512M) 0,062ms
[2022-10-30T11:51:18.194+0300][17,342s][info ][gc] GC(581) Concurrent Mark Cycle 30,617ms
[2022-10-30T11:51:18.230+0300][17,378s][info ][gc] GC(582) Pause Young (Normal) (G1 Evacuation Pause) 159M->147M(512M) 31,208ms
[2022-10-30T11:51:18.262+0300][17,411s][info ][gc] GC(583) Pause Young (Concurrent Start) (G1 Humongous Allocation) 177M->178M(512M) 11,178ms
[2022-10-30T11:51:18.262+0300][17,411s][info ][gc] GC(584) Concurrent Mark Cycle
[2022-10-30T11:51:18.274+0300][17,423s][debug][gc] GC(584) Reclaimed 126 empty regions
[2022-10-30T11:51:18.274+0300][17,423s][info ][gc] GC(584) Pause Remark 223M->97M(512M) 0,833ms
[2022-10-30T11:51:18.290+0300][17,439s][info ][gc] GC(584) Pause Cleanup 138M->138M(512M) 0,054ms
[2022-10-30T11:51:18.291+0300][17,439s][info ][gc] GC(584) Concurrent Mark Cycle 28,183ms
[2022-10-30T11:51:18.321+0300][17,469s][info ][gc] GC(585) Pause Young (Normal) (G1 Evacuation Pause) 159M->147M(512M) 22,263ms
[2022-10-30T11:51:18.352+0300][17,501s][info ][gc] GC(586) Pause Young (Concurrent Start) (G1 Humongous Allocation) 175M->176M(512M) 10,769ms
[2022-10-30T11:51:18.352+0300][17,501s][info ][gc] GC(587) Concurrent Mark Cycle
[2022-10-30T11:51:18.363+0300][17,512s][debug][gc] GC(587) Reclaimed 126 empty regions
[2022-10-30T11:51:18.364+0300][17,512s][info ][gc] GC(587) Pause Remark 220M->94M(512M) 0,825ms
[2022-10-30T11:51:18.379+0300][17,527s][info ][gc] GC(587) Pause Cleanup 133M->133M(512M) 0,052ms
[2022-10-30T11:51:18.379+0300][17,528s][info ][gc] GC(587) Concurrent Mark Cycle 26,848ms
[2022-10-30T11:51:18.413+0300][17,562s][info ][gc] GC(588) Pause Young (Normal) (G1 Evacuation Pause) 158M->146M(512M) 24,967ms
[2022-10-30T11:51:18.444+0300][17,593s][info ][gc] GC(589) Pause Young (Concurrent Start) (G1 Humongous Allocation) 173M->174M(512M) 10,816ms
[2022-10-30T11:51:18.444+0300][17,593s][info ][gc] GC(590) Concurrent Mark Cycle
[2022-10-30T11:51:18.456+0300][17,605s][debug][gc] GC(590) Reclaimed 126 empty regions
[2022-10-30T11:51:18.456+0300][17,605s][info ][gc] GC(590) Pause Remark 218M->92M(512M) 0,936ms
[2022-10-30T11:51:18.471+0300][17,620s][info ][gc] GC(590) Pause Cleanup 131M->131M(512M) 0,047ms
[2022-10-30T11:51:18.471+0300][17,620s][info ][gc] GC(590) Concurrent Mark Cycle 26,635ms
[2022-10-30T11:51:18.507+0300][17,656s][info ][gc] GC(591) Pause Young (Normal) (G1 Evacuation Pause) 156M->143M(512M) 26,710ms
[2022-10-30T11:51:18.539+0300][17,687s][info ][gc] GC(592) Pause Young (Concurrent Start) (G1 Humongous Allocation) 170M->172M(512M) 10,627ms
[2022-10-30T11:51:18.539+0300][17,687s][info ][gc] GC(593) Concurrent Mark Cycle
[2022-10-30T11:51:18.550+0300][17,699s][debug][gc] GC(593) Reclaimed 125 empty regions
[2022-10-30T11:51:18.550+0300][17,699s][info ][gc] GC(593) Pause Remark 216M->91M(512M) 0,878ms
[2022-10-30T11:51:18.565+0300][17,714s][info ][gc] GC(593) Pause Cleanup 130M->130M(512M) 0,052ms
[2022-10-30T11:51:18.566+0300][17,715s][info ][gc] GC(593) Concurrent Mark Cycle 27,085ms
[2022-10-30T11:51:18.602+0300][17,751s][info ][gc] GC(594) Pause Young (Normal) (G1 Evacuation Pause) 156M->143M(512M) 26,595ms
[2022-10-30T11:51:18.633+0300][17,782s][info ][gc] GC(595) Pause Young (Concurrent Start) (G1 Humongous Allocation) 169M->170M(512M) 10,708ms
[2022-10-30T11:51:18.633+0300][17,782s][info ][gc] GC(596) Concurrent Mark Cycle
[2022-10-30T11:51:18.644+0300][17,793s][debug][gc] GC(596) Reclaimed 124 empty regions
[2022-10-30T11:51:18.644+0300][17,793s][info ][gc] GC(596) Pause Remark 214M->90M(512M) 0,952ms
[2022-10-30T11:51:18.659+0300][17,808s][info ][gc] GC(596) Pause Cleanup 128M->128M(512M) 0,065ms
[2022-10-30T11:51:18.659+0300][17,808s][info ][gc] GC(596) Concurrent Mark Cycle 26,397ms
[2022-10-30T11:51:18.695+0300][17,843s][info ][gc] GC(597) Pause Young (Normal) (G1 Evacuation Pause) 155M->143M(512M) 25,134ms
[2022-10-30T11:51:18.725+0300][17,874s][info ][gc] GC(598) Pause Young (Concurrent Start) (G1 Humongous Allocation) 169M->170M(512M) 10,554ms
[2022-10-30T11:51:18.725+0300][17,874s][info ][gc] GC(599) Concurrent Mark Cycle
[2022-10-30T11:51:18.738+0300][17,886s][debug][gc] GC(599) Reclaimed 125 empty regions
[2022-10-30T11:51:18.738+0300][17,887s][info ][gc] GC(599) Pause Remark 216M->91M(512M) 1,395ms
[2022-10-30T11:51:18.753+0300][17,902s][info ][gc] GC(599) Pause Cleanup 130M->130M(512M) 0,062ms
[2022-10-30T11:51:18.753+0300][17,902s][info ][gc] GC(599) Concurrent Mark Cycle 27,861ms
[2022-10-30T11:51:18.792+0300][17,941s][info ][gc] GC(600) Pause Young (Normal) (G1 Evacuation Pause) 154M->142M(512M) 29,457ms
[2022-10-30T11:51:18.826+0300][17,975s][info ][gc] GC(601) Pause Young (Concurrent Start) (G1 Humongous Allocation) 168M->168M(512M) 13,769ms
[2022-10-30T11:51:18.826+0300][17,975s][info ][gc] GC(602) Concurrent Mark Cycle
[2022-10-30T11:51:18.837+0300][17,986s][debug][gc] GC(602) Reclaimed 120 empty regions
[2022-10-30T11:51:18.838+0300][17,986s][info ][gc] GC(602) Pause Remark 211M->91M(512M) 1,151ms
[2022-10-30T11:51:18.852+0300][18,001s][info ][gc] GC(602) Pause Cleanup 129M->129M(512M) 0,067ms
[2022-10-30T11:51:18.853+0300][18,001s][info ][gc] GC(602) Concurrent Mark Cycle 26,855ms
[2022-10-30T11:51:18.887+0300][18,036s][info ][gc] GC(603) Pause Young (Normal) (G1 Evacuation Pause) 158M->146M(512M) 23,382ms
[2022-10-30T11:51:18.917+0300][18,066s][info ][gc] GC(604) Pause Young (Concurrent Start) (G1 Humongous Allocation) 171M->172M(512M) 9,731ms
[2022-10-30T11:51:18.917+0300][18,066s][info ][gc] GC(605) Concurrent Mark Cycle
[2022-10-30T11:51:18.928+0300][18,077s][debug][gc] GC(605) Reclaimed 123 empty regions
[2022-10-30T11:51:18.928+0300][18,077s][info ][gc] GC(605) Pause Remark 215M->92M(512M) 0,835ms
[2022-10-30T11:51:18.943+0300][18,091s][info ][gc] GC(605) Pause Cleanup 130M->130M(512M) 0,056ms
[2022-10-30T11:51:18.943+0300][18,092s][info ][gc] GC(605) Concurrent Mark Cycle 25,963ms
[2022-10-30T11:51:18.976+0300][18,125s][info ][gc] GC(606) Pause Young (Normal) (G1 Evacuation Pause) 158M->145M(512M) 22,809ms
[2022-10-30T11:51:19.006+0300][18,155s][info ][gc] GC(607) Pause Young (Concurrent Start) (G1 Humongous Allocation) 171M->172M(512M) 10,063ms
[2022-10-30T11:51:19.006+0300][18,155s][info ][gc] GC(608) Concurrent Mark Cycle
[2022-10-30T11:51:19.018+0300][18,166s][debug][gc] GC(608) Reclaimed 121 empty regions
[2022-10-30T11:51:19.018+0300][18,167s][info ][gc] GC(608) Pause Remark 215M->94M(512M) 1,022ms
[2022-10-30T11:51:19.032+0300][18,181s][info ][gc] GC(608) Pause Cleanup 131M->131M(512M) 0,059ms
[2022-10-30T11:51:19.033+0300][18,182s][info ][gc] GC(608) Concurrent Mark Cycle 26,321ms
[2022-10-30T11:51:19.070+0300][18,219s][info ][gc] GC(609) Pause Young (Prepare Mixed) (G1 Evacuation Pause) 160M->146M(512M) 26,582ms
[2022-10-30T11:51:19.082+0300][18,230s][info ][gc] GC(610) Pause Young (Mixed) (G1 Evacuation Pause) 158M->159M(512M) 6,749ms
[2022-10-30T11:51:19.153+0300][18,302s][info ][gc] GC(611) Pause Young (Normal) (G1 Evacuation Pause) 272M->274M(512M) 24,770ms
[2022-10-30T11:51:19.189+0300][18,338s][info ][gc] GC(612) Pause Young (Concurrent Start) (G1 Humongous Allocation) 310M->311M(512M) 12,364ms
[2022-10-30T11:51:19.189+0300][18,338s][info ][gc] GC(613) Concurrent Mark Cycle
[2022-10-30T11:51:19.202+0300][18,351s][debug][gc] GC(613) Reclaimed 252 empty regions
[2022-10-30T11:51:19.203+0300][18,351s][info ][gc] GC(613) Pause Remark 360M->108M(512M) 0,955ms
[2022-10-30T11:51:19.222+0300][18,370s][info ][gc] GC(614) Pause Young (Normal) (G1 Evacuation Pause) 124M->117M(512M) 12,833ms
[2022-10-30T11:51:19.232+0300][18,381s][info ][gc] GC(613) Pause Cleanup 137M->137M(512M) 0,060ms
[2022-10-30T11:51:19.233+0300][18,381s][info ][gc] GC(613) Concurrent Mark Cycle 43,275ms
[2022-10-30T11:51:19.280+0300][18,429s][info ][gc] GC(615) Pause Young (Concurrent Start) (G1 Humongous Allocation) 187M->188M(512M) 19,162ms
[2022-10-30T11:51:19.280+0300][18,429s][info ][gc] GC(616) Concurrent Mark Cycle
[2022-10-30T11:51:19.299+0300][18,448s][debug][gc] GC(616) Reclaimed 101 empty regions
[2022-10-30T11:51:19.299+0300][18,448s][info ][gc] GC(616) Pause Remark 249M->148M(512M) 1,754ms
[2022-10-30T11:51:19.340+0300][18,488s][info ][gc] GC(617) Pause Young (Normal) (G1 Evacuation Pause) 191M->177M(512M) 22,878ms
[2022-10-30T11:51:19.352+0300][18,501s][info ][gc] GC(616) Pause Cleanup 208M->208M(512M) 0,072ms
[2022-10-30T11:51:19.352+0300][18,501s][info ][gc] GC(616) Concurrent Mark Cycle 72,124ms
[2022-10-30T11:51:19.375+0300][18,524s][info ][gc] GC(618) Pause Young (Concurrent Start) (G1 Humongous Allocation) 208M->208M(512M) 13,168ms
[2022-10-30T11:51:19.375+0300][18,524s][info ][gc] GC(619) Concurrent Mark Cycle
[2022-10-30T11:51:19.388+0300][18,537s][debug][gc] GC(619) Reclaimed 155 empty regions
[2022-10-30T11:51:19.388+0300][18,537s][info ][gc] GC(619) Pause Remark 253M->98M(512M) 1,402ms
[2022-10-30T11:51:19.405+0300][18,553s][info ][gc] GC(619) Pause Cleanup 141M->141M(512M) 0,067ms
[2022-10-30T11:51:19.405+0300][18,554s][info ][gc] GC(619) Concurrent Mark Cycle 29,899ms
[2022-10-30T11:51:19.430+0300][18,578s][info ][gc] GC(620) Pause Young (Normal) (G1 Evacuation Pause) 150M->139M(512M) 21,323ms
[2022-10-30T11:51:19.468+0300][18,616s][info ][gc] GC(621) Pause Young (Concurrent Start) (G1 Humongous Allocation) 177M->179M(512M) 13,230ms
[2022-10-30T11:51:19.468+0300][18,616s][info ][gc] GC(622) Concurrent Mark Cycle
[2022-10-30T11:51:19.481+0300][18,630s][debug][gc] GC(622) Reclaimed 119 empty regions
[2022-10-30T11:51:19.481+0300][18,630s][info ][gc] GC(622) Pause Remark 228M->109M(512M) 1,251ms
[2022-10-30T11:51:19.499+0300][18,648s][info ][gc] GC(622) Pause Cleanup 156M->156M(512M) 0,055ms
[2022-10-30T11:51:19.500+0300][18,649s][info ][gc] GC(622) Concurrent Mark Cycle 32,194ms
[2022-10-30T11:51:19.531+0300][18,680s][info ][gc] GC(623) Pause Young (Normal) (G1 Evacuation Pause) 167M->154M(512M) 27,385ms
[2022-10-30T11:51:19.562+0300][18,711s][info ][gc] GC(624) Pause Young (Concurrent Start) (G1 Humongous Allocation) 182M->183M(512M) 10,400ms
[2022-10-30T11:51:19.562+0300][18,711s][info ][gc] GC(625) Concurrent Mark Cycle
[2022-10-30T11:51:19.574+0300][18,723s][debug][gc] GC(625) Reclaimed 132 empty regions
[2022-10-30T11:51:19.574+0300][18,723s][info ][gc] GC(625) Pause Remark 227M->95M(512M) 0,777ms
[2022-10-30T11:51:19.589+0300][18,738s][info ][gc] GC(625) Pause Cleanup 134M->134M(512M) 0,065ms
[2022-10-30T11:51:19.590+0300][18,738s][info ][gc] GC(625) Concurrent Mark Cycle 27,197ms
[2022-10-30T11:51:19.621+0300][18,769s][info ][gc] GC(626) Pause Young (Normal) (G1 Evacuation Pause) 156M->143M(512M) 22,603ms
[2022-10-30T11:51:19.654+0300][18,803s][info ][gc] GC(627) Pause Young (Concurrent Start) (G1 Humongous Allocation) 173M->174M(512M) 11,908ms
[2022-10-30T11:51:19.654+0300][18,803s][info ][gc] GC(628) Concurrent Mark Cycle
[2022-10-30T11:51:19.666+0300][18,815s][debug][gc] GC(628) Reclaimed 121 empty regions
[2022-10-30T11:51:19.666+0300][18,815s][info ][gc] GC(628) Pause Remark 220M->99M(512M) 0,936ms
[2022-10-30T11:51:19.682+0300][18,831s][info ][gc] GC(628) Pause Cleanup 140M->140M(512M) 0,064ms
[2022-10-30T11:51:19.683+0300][18,831s][info ][gc] GC(628) Concurrent Mark Cycle 28,470ms
[2022-10-30T11:51:19.718+0300][18,867s][info ][gc] GC(629) Pause Young (Normal) (G1 Evacuation Pause) 161M->148M(512M) 27,504ms
[2022-10-30T11:51:19.754+0300][18,902s][info ][gc] GC(630) Pause Young (Concurrent Start) (G1 Humongous Allocation) 175M->177M(512M) 15,048ms
[2022-10-30T11:51:19.754+0300][18,902s][info ][gc] GC(631) Concurrent Mark Cycle
[2022-10-30T11:51:19.766+0300][18,915s][debug][gc] GC(631) Reclaimed 126 empty regions
[2022-10-30T11:51:19.766+0300][18,915s][info ][gc] GC(631) Pause Remark 221M->95M(512M) 1,237ms
[2022-10-30T11:51:19.782+0300][18,930s][info ][gc] GC(631) Pause Cleanup 130M->130M(512M) 0,095ms
[2022-10-30T11:51:19.783+0300][18,931s][info ][gc] GC(631) Concurrent Mark Cycle 29,032ms
[2022-10-30T11:51:19.827+0300][18,976s][info ][gc] GC(632) Pause Young (Normal) (G1 Evacuation Pause) 158M->145M(512M) 33,668ms
[2022-10-30T11:51:19.870+0300][19,018s][info ][gc] GC(633) Pause Young (Concurrent Start) (G1 Humongous Allocation) 173M->174M(512M) 21,335ms
[2022-10-30T11:51:19.870+0300][19,018s][info ][gc] GC(634) Concurrent Mark Cycle
[2022-10-30T11:51:19.881+0300][19,030s][debug][gc] GC(634) Reclaimed 124 empty regions
[2022-10-30T11:51:19.882+0300][19,030s][info ][gc] GC(634) Pause Remark 219M->95M(512M) 1,062ms
[2022-10-30T11:51:19.897+0300][19,046s][info ][gc] GC(634) Pause Cleanup 135M->135M(512M) 0,075ms
[2022-10-30T11:51:19.898+0300][19,046s][info ][gc] GC(634) Concurrent Mark Cycle 28,041ms
[2022-10-30T11:51:19.931+0300][19,080s][info ][gc] GC(635) Pause Young (Normal) (G1 Evacuation Pause) 158M->146M(512M) 25,027ms
[2022-10-30T11:51:19.964+0300][19,113s][info ][gc] GC(636) Pause Young (Concurrent Start) (G1 Humongous Allocation) 173M->174M(512M) 11,999ms
[2022-10-30T11:51:19.964+0300][19,113s][info ][gc] GC(637) Concurrent Mark Cycle
[2022-10-30T11:51:19.975+0300][19,124s][debug][gc] GC(637) Reclaimed 125 empty regions
[2022-10-30T11:51:19.976+0300][19,124s][info ][gc] GC(637) Pause Remark 219M->94M(512M) 0,944ms
[2022-10-30T11:51:19.991+0300][19,139s][info ][gc] GC(637) Pause Cleanup 132M->132M(512M) 0,093ms
[2022-10-30T11:51:19.991+0300][19,140s][info ][gc] GC(637) Concurrent Mark Cycle 27,017ms
[2022-10-30T11:51:20.022+0300][19,171s][info ][gc] GC(638) Pause Young (Normal) (G1 Evacuation Pause) 157M->144M(512M) 21,945ms
[2022-10-30T11:51:20.057+0300][19,205s][info ][gc] GC(639) Pause Young (Concurrent Start) (G1 Humongous Allocation) 171M->172M(512M) 13,742ms
[2022-10-30T11:51:20.057+0300][19,205s][info ][gc] GC(640) Concurrent Mark Cycle
[2022-10-30T11:51:20.068+0300][19,217s][debug][gc] GC(640) Reclaimed 122 empty regions
[2022-10-30T11:51:20.068+0300][19,217s][info ][gc] GC(640) Pause Remark 216M->94M(512M) 0,783ms
[2022-10-30T11:51:20.084+0300][19,232s][info ][gc] GC(640) Pause Cleanup 133M->133M(512M) 0,068ms
[2022-10-30T11:51:20.084+0300][19,233s][info ][gc] GC(640) Concurrent Mark Cycle 27,206ms
[2022-10-30T11:51:20.118+0300][19,267s][info ][gc] GC(641) Pause Young (Normal) (G1 Evacuation Pause) 159M->147M(512M) 24,050ms
[2022-10-30T11:51:20.149+0300][19,297s][info ][gc] GC(642) Pause Young (Concurrent Start) (G1 Humongous Allocation) 173M->173M(512M) 10,629ms
[2022-10-30T11:51:20.149+0300][19,297s][info ][gc] GC(643) Concurrent Mark Cycle
[2022-10-30T11:51:20.160+0300][19,309s][debug][gc] GC(643) Reclaimed 125 empty regions
[2022-10-30T11:51:20.160+0300][19,309s][info ][gc] GC(643) Pause Remark 217M->92M(512M) 1,139ms
[2022-10-30T11:51:20.175+0300][19,323s][info ][gc] GC(643) Pause Cleanup 130M->130M(512M) 0,051ms
[2022-10-30T11:51:20.175+0300][19,324s][info ][gc] GC(643) Concurrent Mark Cycle 26,373ms
[2022-10-30T11:51:20.209+0300][19,358s][info ][gc] GC(644) Pause Young (Normal) (G1 Evacuation Pause) 157M->145M(512M) 23,901ms
[2022-10-30T11:51:20.241+0300][19,390s][info ][gc] GC(645) Pause Young (Concurrent Start) (G1 Humongous Allocation) 171M->172M(512M) 11,724ms
[2022-10-30T11:51:20.241+0300][19,390s][info ][gc] GC(646) Concurrent Mark Cycle
[2022-10-30T11:51:20.254+0300][19,402s][debug][gc] GC(646) Reclaimed 120 empty regions
[2022-10-30T11:51:20.254+0300][19,402s][info ][gc] GC(646) Pause Remark 218M->98M(512M) 1,280ms
[2022-10-30T11:51:20.270+0300][19,418s][info ][gc] GC(646) Pause Cleanup 138M->138M(512M) 0,055ms
[2022-10-30T11:51:20.270+0300][19,419s][info ][gc] GC(646) Concurrent Mark Cycle 29,007ms
[2022-10-30T11:51:20.305+0300][19,454s][info ][gc] GC(647) Pause Young (Prepare Mixed) (G1 Evacuation Pause) 161M->149M(512M) 27,071ms
[2022-10-30T11:51:20.320+0300][19,469s][info ][gc] GC(648) Pause Young (Mixed) (G1 Evacuation Pause) 161M->160M(512M) 9,750ms
[2022-10-30T11:51:20.394+0300][19,543s][info ][gc] GC(649) Pause Young (Normal) (G1 Evacuation Pause) 272M->274M(512M) 27,970ms
[2022-10-30T11:51:20.432+0300][19,581s][info ][gc] GC(650) Pause Young (Concurrent Start) (G1 Humongous Allocation) 310M->311M(512M) 13,310ms
[2022-10-30T11:51:20.432+0300][19,581s][info ][gc] GC(651) Concurrent Mark Cycle
[2022-10-30T11:51:20.446+0300][19,594s][debug][gc] GC(651) Reclaimed 253 empty regions
[2022-10-30T11:51:20.446+0300][19,594s][info ][gc] GC(651) Pause Remark 362M->109M(512M) 1,028ms
[2022-10-30T11:51:20.465+0300][19,614s][info ][gc] GC(652) Pause Young (Normal) (G1 Evacuation Pause) 123M->116M(512M) 13,701ms
[2022-10-30T11:51:20.477+0300][19,626s][info ][gc] GC(651) Pause Cleanup 145M->145M(512M) 0,096ms
[2022-10-30T11:51:20.477+0300][19,626s][info ][gc] GC(651) Concurrent Mark Cycle 45,432ms
[2022-10-30T11:51:20.548+0300][19,697s][info ][gc] GC(653) Pause Young (Normal) (G1 Evacuation Pause) 242M->243M(512M) 30,829ms
[2022-10-30T11:51:20.594+0300][19,743s][info ][gc] GC(654) Pause Young (Concurrent Start) (G1 Evacuation Pause) 309M->310M(512M) 20,838ms
[2022-10-30T11:51:20.595+0300][19,743s][info ][gc] GC(655) Concurrent Mark Cycle
[2022-10-30T11:51:20.638+0300][19,787s][info ][gc] GC(656) Pause Young (Normal) (G1 Evacuation Pause) 375M->376M(512M) 15,289ms
[2022-10-30T11:51:20.656+0300][19,805s][info ][gc] GC(657) Pause Young (Normal) (G1 Evacuation Pause) 400M->402M(512M) 8,479ms
[2022-10-30T11:51:20.671+0300][19,819s][info ][gc] GC(658) Pause Young (Normal) (G1 Evacuation Pause) 423M->425M(512M) 6,379ms
[2022-10-30T11:51:20.675+0300][19,823s][debug][gc] GC(655) Reclaimed 146 empty regions
[2022-10-30T11:51:20.675+0300][19,824s][info ][gc] GC(655) Pause Remark 434M->288M(512M) 0,838ms
[2022-10-30T11:51:20.687+0300][19,836s][info ][gc] GC(659) Pause Young (Normal) (G1 Evacuation Pause) 300M->301M(512M) 7,147ms
[2022-10-30T11:51:20.734+0300][19,882s][info ][gc] GC(660) Pause Young (Normal) (G1 Evacuation Pause) 369M->371M(512M) 16,711ms
[2022-10-30T11:51:20.755+0300][19,904s][info ][gc] GC(661) Pause Young (Normal) (G1 Evacuation Pause) 397M->399M(512M) 11,145ms
[2022-10-30T11:51:20.770+0300][19,919s][info ][gc] GC(662) Pause Young (Normal) (G1 Evacuation Pause) 419M->420M(512M) 7,627ms
[2022-10-30T11:51:20.786+0300][19,935s][info ][gc] GC(663) Pause Young (Normal) (G1 Evacuation Pause) 441M->443M(512M) 7,578ms
[2022-10-30T11:51:20.791+0300][19,940s][info ][gc] GC(655) Pause Cleanup 456M->456M(512M) 0,106ms
[2022-10-30T11:51:20.792+0300][19,941s][info ][gc] GC(655) Concurrent Mark Cycle 197,347ms
[2022-10-30T11:51:20.815+0300][19,964s][info ][gc] GC(664) Pause Young (Prepare Mixed) (G1 Preventive Collection) 483M->484M(512M) 9,654ms
[2022-10-30T11:51:20.823+0300][19,972s][info ][gc] GC(665) Pause Young (Mixed) (G1 Preventive Collection) 493M->489M(512M) 4,563ms
[2022-10-30T11:51:20.830+0300][19,979s][info ][gc] GC(666) Pause Young (Concurrent Start) (G1 Preventive Collection) 496M->497M(512M) 3,869ms
[2022-10-30T11:51:20.830+0300][19,979s][info ][gc] GC(667) Concurrent Mark Cycle
[2022-10-30T11:51:20.835+0300][19,984s][info ][gc] GC(668) Pause Young (Normal) (G1 Preventive Collection) 501M->502M(512M) 3,679ms
[2022-10-30T11:51:20.840+0300][19,989s][info ][gc] GC(669) Pause Young (Normal) (G1 Preventive Collection) 503M->504M(512M) 1,983ms
[2022-10-30T11:51:20.842+0300][19,991s][info ][gc] GC(670) Pause Young (Normal) (G1 Preventive Collection) 506M->505M(512M) 1,721ms
[2022-10-30T11:51:20.848+0300][19,997s][info ][gc] GC(671) Pause Young (Normal) (G1 Preventive Collection) (Evacuation Failure) 506M->508M(512M) 5,611ms
[2022-10-30T11:51:20.854+0300][20,003s][info ][gc] GC(672) Pause Young (Normal) (G1 Preventive Collection) (Evacuation Failure) 509M->510M(512M) 5,410ms
[2022-10-30T11:51:20.855+0300][20,003s][debug][gc] GC(673) Clear Next Bitmap 0,234ms
[2022-10-30T11:51:20.873+0300][20,022s][info ][gc] GC(673) Pause Full (G1 Compaction Pause) 510M->52M(512M) 19,005ms
[2022-10-30T11:51:20.874+0300][20,022s][info ][gc] GC(667) Concurrent Mark Cycle 43,505ms
[2022-10-30T11:51:20.965+0300][20,114s][info ][gc] GC(674) Pause Young (Normal) (G1 Evacuation Pause) 198M->198M(512M) 32,735ms
[2022-10-30T11:51:21.027+0300][20,176s][info ][gc] GC(675) Pause Young (Concurrent Start) (G1 Humongous Allocation) 273M->274M(512M) 22,979ms
[2022-10-30T11:51:21.027+0300][20,176s][info ][gc] GC(676) Concurrent Mark Cycle
[2022-10-30T11:51:21.047+0300][20,196s][debug][gc] GC(676) Reclaimed 177 empty regions
[2022-10-30T11:51:21.048+0300][20,196s][info ][gc] GC(676) Pause Remark 342M->168M(512M) 1,072ms
[2022-10-30T11:51:21.067+0300][20,216s][info ][gc] GC(677) Pause Young (Normal) (G1 Evacuation Pause) 176M->165M(512M) 16,288ms
[2022-10-30T11:51:21.093+0300][20,242s][info ][gc] GC(676) Pause Cleanup 224M->224M(512M) 0,112ms
[2022-10-30T11:51:21.093+0300][20,242s][info ][gc] GC(676) Concurrent Mark Cycle 66,253ms
[2022-10-30T11:51:21.119+0300][20,268s][info ][gc] GC(678) Pause Young (Concurrent Start) (G1 Humongous Allocation) 224M->225M(512M) 17,275ms
[2022-10-30T11:51:21.119+0300][20,268s][info ][gc] GC(679) Concurrent Mark Cycle
[2022-10-30T11:51:21.137+0300][20,285s][debug][gc] GC(679) Reclaimed 149 empty regions
[2022-10-30T11:51:21.137+0300][20,285s][info ][gc] GC(679) Pause Remark 282M->133M(512M) 2,225ms
[2022-10-30T11:51:21.170+0300][20,319s][info ][gc] GC(680) Pause Young (Normal) (G1 Evacuation Pause) 168M->156M(512M) 19,447ms
[2022-10-30T11:51:21.177+0300][20,326s][info ][gc] GC(679) Pause Cleanup 169M->169M(512M) 0,081ms
[2022-10-30T11:51:21.177+0300][20,326s][info ][gc] GC(679) Concurrent Mark Cycle 58,499ms
[2022-10-30T11:51:21.213+0300][20,361s][info ][gc] GC(681) Pause Young (Concurrent Start) (G1 Humongous Allocation) 199M->201M(512M) 13,707ms
[2022-10-30T11:51:21.213+0300][20,361s][info ][gc] GC(682) Concurrent Mark Cycle
[2022-10-30T11:51:21.226+0300][20,375s][debug][gc] GC(682) Reclaimed 139 empty regions
[2022-10-30T11:51:21.227+0300][20,375s][info ][gc] GC(682) Pause Remark 252M->113M(512M) 0,916ms
[2022-10-30T11:51:21.266+0300][20,415s][info ][gc] GC(683) Pause Young (Normal) (G1 Evacuation Pause) 161M->148M(512M) 20,835ms
[2022-10-30T11:51:21.267+0300][20,416s][info ][gc] GC(682) Pause Cleanup 148M->148M(512M) 0,049ms
[2022-10-30T11:51:21.268+0300][20,416s][info ][gc] GC(682) Concurrent Mark Cycle 55,092ms
[2022-10-30T11:51:21.304+0300][20,453s][info ][gc] GC(684) Pause Young (Concurrent Start) (G1 Humongous Allocation) 184M->185M(512M) 13,086ms
[2022-10-30T11:51:21.304+0300][20,453s][info ][gc] GC(685) Concurrent Mark Cycle
[2022-10-30T11:51:21.317+0300][20,466s][debug][gc] GC(685) Reclaimed 128 empty regions
[2022-10-30T11:51:21.317+0300][20,466s][info ][gc] GC(685) Pause Remark 223M->95M(512M) 0,962ms
[2022-10-30T11:51:21.334+0300][20,483s][info ][gc] GC(685) Pause Cleanup 138M->138M(512M) 0,088ms
[2022-10-30T11:51:21.334+0300][20,483s][info ][gc] GC(685) Concurrent Mark Cycle 30,057ms
[2022-10-30T11:51:21.365+0300][20,514s][info ][gc] GC(686) Pause Young (Normal) (G1 Evacuation Pause) 162M->149M(512M) 21,814ms
[2022-10-30T11:51:21.398+0300][20,547s][info ][gc] GC(687) Pause Young (Concurrent Start) (G1 Humongous Allocation) 179M->180M(512M) 11,564ms
[2022-10-30T11:51:21.398+0300][20,547s][info ][gc] GC(688) Concurrent Mark Cycle
[2022-10-30T11:51:21.410+0300][20,559s][debug][gc] GC(688) Reclaimed 130 empty regions
[2022-10-30T11:51:21.410+0300][20,559s][info ][gc] GC(688) Pause Remark 225M->95M(512M) 1,214ms
[2022-10-30T11:51:21.426+0300][20,575s][info ][gc] GC(688) Pause Cleanup 136M->136M(512M) 0,059ms
[2022-10-30T11:51:21.427+0300][20,575s][info ][gc] GC(688) Concurrent Mark Cycle 28,657ms
[2022-10-30T11:51:21.457+0300][20,606s][info ][gc] GC(689) Pause Young (Normal) (G1 Evacuation Pause) 156M->144M(512M) 23,042ms
[2022-10-30T11:51:21.489+0300][20,638s][info ][gc] GC(690) Pause Young (Concurrent Start) (G1 Humongous Allocation) 173M->174M(512M) 10,634ms
[2022-10-30T11:51:21.489+0300][20,638s][info ][gc] GC(691) Concurrent Mark Cycle
[2022-10-30T11:51:21.501+0300][20,650s][debug][gc] GC(691) Reclaimed 123 empty regions
[2022-10-30T11:51:21.501+0300][20,650s][info ][gc] GC(691) Pause Remark 219M->96M(512M) 0,947ms
[2022-10-30T11:51:21.517+0300][20,666s][info ][gc] GC(691) Pause Cleanup 137M->137M(512M) 0,056ms
[2022-10-30T11:51:21.517+0300][20,666s][info ][gc] GC(691) Concurrent Mark Cycle 27,988ms
[2022-10-30T11:51:21.552+0300][20,700s][info ][gc] GC(692) Pause Young (Normal) (G1 Evacuation Pause) 159M->146M(512M) 26,004ms
[2022-10-30T11:51:21.585+0300][20,734s][info ][gc] GC(693) Pause Young (Concurrent Start) (G1 Humongous Allocation) 173M->175M(512M) 13,137ms
[2022-10-30T11:51:21.585+0300][20,734s][info ][gc] GC(694) Concurrent Mark Cycle
[2022-10-30T11:51:21.597+0300][20,746s][debug][gc] GC(694) Reclaimed 126 empty regions
[2022-10-30T11:51:21.597+0300][20,746s][info ][gc] GC(694) Pause Remark 219M->93M(512M) 1,059ms
[2022-10-30T11:51:21.612+0300][20,761s][info ][gc] GC(694) Pause Cleanup 132M->132M(512M) 0,055ms
[2022-10-30T11:51:21.612+0300][20,761s][info ][gc] GC(694) Concurrent Mark Cycle 26,924ms
[2022-10-30T11:51:21.644+0300][20,793s][info ][gc] GC(695) Pause Young (Normal) (G1 Evacuation Pause) 157M->144M(512M) 22,394ms
[2022-10-30T11:51:21.675+0300][20,824s][info ][gc] GC(696) Pause Young (Concurrent Start) (G1 Humongous Allocation) 171M->172M(512M) 10,333ms
[2022-10-30T11:51:21.675+0300][20,824s][info ][gc] GC(697) Concurrent Mark Cycle
[2022-10-30T11:51:21.686+0300][20,835s][debug][gc] GC(697) Reclaimed 124 empty regions
[2022-10-30T11:51:21.686+0300][20,835s][info ][gc] GC(697) Pause Remark 216M->92M(512M) 0,817ms
[2022-10-30T11:51:21.701+0300][20,850s][info ][gc] GC(697) Pause Cleanup 131M->131M(512M) 0,046ms
[2022-10-30T11:51:21.701+0300][20,850s][info ][gc] GC(697) Concurrent Mark Cycle 26,497ms
[2022-10-30T11:51:21.738+0300][20,887s][info ][gc] GC(698) Pause Young (Normal) (G1 Evacuation Pause) 157M->144M(512M) 26,486ms
[2022-10-30T11:51:21.769+0300][20,917s][info ][gc] GC(699) Pause Young (Concurrent Start) (G1 Humongous Allocation) 170M->171M(512M) 10,434ms
[2022-10-30T11:51:21.769+0300][20,917s][info ][gc] GC(700) Concurrent Mark Cycle
[2022-10-30T11:51:21.780+0300][20,929s][debug][gc] GC(700) Reclaimed 125 empty regions
[2022-10-30T11:51:21.780+0300][20,929s][info ][gc] GC(700) Pause Remark 215M->90M(512M) 1,197ms
[2022-10-30T11:51:21.795+0300][20,944s][info ][gc] GC(700) Pause Cleanup 128M->128M(512M) 0,087ms
[2022-10-30T11:51:21.795+0300][20,944s][info ][gc] GC(700) Concurrent Mark Cycle 26,613ms
[2022-10-30T11:51:21.835+0300][20,983s][info ][gc] GC(701) Pause Young (Normal) (G1 Evacuation Pause) 155M->142M(512M) 29,175ms
[2022-10-30T11:51:21.866+0300][21,015s][info ][gc] GC(702) Pause Young (Concurrent Start) (G1 Humongous Allocation) 168M->169M(512M) 11,180ms
[2022-10-30T11:51:21.866+0300][21,015s][info ][gc] GC(703) Concurrent Mark Cycle
[2022-10-30T11:51:21.877+0300][21,026s][debug][gc] GC(703) Reclaimed 123 empty regions
[2022-10-30T11:51:21.878+0300][21,026s][info ][gc] GC(703) Pause Remark 213M->90M(512M) 1,298ms
[2022-10-30T11:51:21.892+0300][21,041s][info ][gc] GC(703) Pause Cleanup 128M->128M(512M) 0,111ms
[2022-10-30T11:51:21.893+0300][21,041s][info ][gc] GC(703) Concurrent Mark Cycle 26,703ms
[2022-10-30T11:51:21.926+0300][21,075s][info ][gc] GC(704) Pause Young (Normal) (G1 Evacuation Pause) 156M->143M(512M) 22,979ms
[2022-10-30T11:51:21.956+0300][21,104s][info ][gc] GC(705) Pause Young (Concurrent Start) (G1 Humongous Allocation) 168M->169M(512M) 9,907ms
[2022-10-30T11:51:21.956+0300][21,105s][info ][gc] GC(706) Concurrent Mark Cycle
[2022-10-30T11:51:21.967+0300][21,115s][debug][gc] GC(706) Reclaimed 123 empty regions
[2022-10-30T11:51:21.967+0300][21,116s][info ][gc] GC(706) Pause Remark 212M->89M(512M) 0,864ms
[2022-10-30T11:51:21.981+0300][21,130s][info ][gc] GC(706) Pause Cleanup 126M->126M(512M) 0,061ms
[2022-10-30T11:51:21.982+0300][21,130s][info ][gc] GC(706) Concurrent Mark Cycle 25,745ms
[2022-10-30T11:51:22.018+0300][21,167s][info ][gc] GC(707) Pause Young (Normal) (G1 Evacuation Pause) 156M->143M(512M) 25,868ms
[2022-10-30T11:51:22.050+0300][21,199s][info ][gc] GC(708) Pause Young (Concurrent Start) (G1 Humongous Allocation) 168M->169M(512M) 11,471ms
[2022-10-30T11:51:22.050+0300][21,199s][info ][gc] GC(709) Concurrent Mark Cycle
[2022-10-30T11:51:22.061+0300][21,210s][debug][gc] GC(709) Reclaimed 121 empty regions
[2022-10-30T11:51:22.061+0300][21,210s][info ][gc] GC(709) Pause Remark 212M->91M(512M) 1,004ms
[2022-10-30T11:51:22.076+0300][21,225s][info ][gc] GC(709) Pause Cleanup 129M->129M(512M) 0,057ms
[2022-10-30T11:51:22.076+0300][21,225s][info ][gc] GC(709) Concurrent Mark Cycle 26,394ms
[2022-10-30T11:51:22.117+0300][21,266s][info ][gc] GC(710) Pause Young (Normal) (G1 Evacuation Pause) 158M->145M(512M) 29,954ms
[2022-10-30T11:51:22.152+0300][21,301s][info ][gc] GC(711) Pause Young (Concurrent Start) (G1 Humongous Allocation) 170M->171M(512M) 15,145ms
[2022-10-30T11:51:22.152+0300][21,301s][info ][gc] GC(712) Concurrent Mark Cycle
[2022-10-30T11:51:22.175+0300][21,324s][debug][gc] GC(712) Reclaimed 125 empty regions
[2022-10-30T11:51:22.175+0300][21,324s][info ][gc] GC(712) Pause Remark 231M->106M(512M) 3,180ms
[2022-10-30T11:51:22.191+0300][21,340s][info ][gc] GC(712) Pause Cleanup 147M->147M(512M) 0,063ms
[2022-10-30T11:51:22.192+0300][21,341s][info ][gc] GC(712) Concurrent Mark Cycle 39,851ms
[2022-10-30T11:51:22.220+0300][21,369s][info ][gc] GC(713) Pause Young (Normal) (G1 Evacuation Pause) 155M->142M(512M) 25,092ms
[2022-10-30T11:51:22.253+0300][21,402s][info ][gc] GC(714) Pause Young (Concurrent Start) (G1 Humongous Allocation) 170M->170M(512M) 12,404ms
[2022-10-30T11:51:22.253+0300][21,402s][info ][gc] GC(715) Concurrent Mark Cycle
[2022-10-30T11:51:22.266+0300][21,415s][debug][gc] GC(715) Reclaimed 119 empty regions
[2022-10-30T11:51:22.266+0300][21,415s][info ][gc] GC(715) Pause Remark 212M->93M(512M) 2,391ms
[2022-10-30T11:51:22.282+0300][21,430s][info ][gc] GC(715) Pause Cleanup 132M->132M(512M) 0,055ms
[2022-10-30T11:51:22.282+0300][21,431s][info ][gc] GC(715) Concurrent Mark Cycle 28,705ms
[2022-10-30T11:51:22.317+0300][21,466s][info ][gc] GC(716) Pause Young (Normal) (G1 Evacuation Pause) 161M->147M(512M) 24,069ms
[2022-10-30T11:51:22.351+0300][21,499s][info ][gc] GC(717) Pause Young (Concurrent Start) (G1 Humongous Allocation) 174M->175M(512M) 13,380ms
[2022-10-30T11:51:22.351+0300][21,499s][info ][gc] GC(718) Concurrent Mark Cycle
[2022-10-30T11:51:22.363+0300][21,512s][debug][gc] GC(718) Reclaimed 107 empty regions
[2022-10-30T11:51:22.363+0300][21,512s][info ][gc] GC(718) Pause Remark 220M->113M(512M) 1,516ms
[2022-10-30T11:51:22.379+0300][21,528s][info ][gc] GC(718) Pause Cleanup 154M->154M(512M) 0,102ms
[2022-10-30T11:51:22.380+0300][21,528s][info ][gc] GC(718) Concurrent Mark Cycle 28,957ms
[2022-10-30T11:51:22.429+0300][21,578s][info ][gc] GC(719) Pause Young (Prepare Mixed) (G1 Evacuation Pause) 177M->163M(512M) 40,865ms
[2022-10-30T11:51:22.444+0300][21,593s][info ][gc] GC(720) Pause Young (Mixed) (G1 Evacuation Pause) 175M->174M(512M) 9,357ms
[2022-10-30T11:51:22.525+0300][21,674s][info ][gc] GC(721) Pause Young (Normal) (G1 Evacuation Pause) 283M->283M(512M) 33,404ms
[2022-10-30T11:51:22.571+0300][21,720s][info ][gc] GC(722) Pause Young (Concurrent Start) (G1 Humongous Allocation) 324M->325M(512M) 20,908ms
[2022-10-30T11:51:22.572+0300][21,720s][info ][gc] GC(723) Concurrent Mark Cycle
[2022-10-30T11:51:22.613+0300][21,762s][info ][gc] GC(724) Pause Young (Normal) (G1 Evacuation Pause) 385M->386M(512M) 24,300ms
[2022-10-30T11:51:22.623+0300][21,771s][debug][gc] GC(723) Reclaimed 227 empty regions
[2022-10-30T11:51:22.623+0300][21,772s][info ][gc] GC(723) Pause Remark 401M->174M(512M) 4,234ms
[2022-10-30T11:51:22.641+0300][21,790s][info ][gc] GC(725) Pause Young (Normal) (G1 Evacuation Pause) 180M->182M(512M) 14,594ms
[2022-10-30T11:51:22.669+0300][21,818s][info ][gc] GC(723) Pause Cleanup 236M->236M(512M) 0,090ms
[2022-10-30T11:51:22.670+0300][21,818s][info ][gc] GC(723) Concurrent Mark Cycle 98,157ms
[2022-10-30T11:51:22.737+0300][21,885s][info ][gc] GC(726) Pause Young (Prepare Mixed) (G1 Evacuation Pause) 287M->287M(512M) 51,062ms
[2022-10-30T11:51:22.754+0300][21,902s][info ][gc] GC(727) Pause Young (Mixed) (G1 Evacuation Pause) 300M->286M(512M) 11,653ms
[2022-10-30T11:51:22.795+0300][21,944s][info ][gc] GC(728) Pause Young (Concurrent Start) (G1 Evacuation Pause) 339M->340M(512M) 20,758ms
[2022-10-30T11:51:22.795+0300][21,944s][info ][gc] GC(729) Concurrent Mark Cycle
[2022-10-30T11:51:22.841+0300][21,990s][info ][gc] GC(730) Pause Young (Normal) (G1 Evacuation Pause) 396M->398M(512M) 20,504ms
[2022-10-30T11:51:22.856+0300][22,005s][info ][gc] GC(731) Pause Young (Normal) (G1 Evacuation Pause) 417M->418M(512M) 7,748ms
[2022-10-30T11:51:22.872+0300][22,021s][info ][gc] GC(732) Pause Young (Normal) (G1 Evacuation Pause) 439M->440M(512M) 7,817ms
[2022-10-30T11:51:22.888+0300][22,037s][info ][gc] GC(733) Pause Young (Normal) (G1 Evacuation Pause) 461M->462M(512M) 7,485ms
[2022-10-30T11:51:22.890+0300][22,038s][debug][gc] GC(729) Reclaimed 166 empty regions
[2022-10-30T11:51:22.890+0300][22,039s][info ][gc] GC(729) Pause Remark 463M->297M(512M) 1,227ms
[2022-10-30T11:51:22.905+0300][22,053s][info ][gc] GC(734) Pause Young (Normal) (G1 Evacuation Pause) 317M->318M(512M) 6,917ms
[2022-10-30T11:51:22.948+0300][22,097s][info ][gc] GC(735) Pause Young (Normal) (G1 Evacuation Pause) 381M->382M(512M) 15,474ms
[2022-10-30T11:51:22.966+0300][22,114s][info ][gc] GC(736) Pause Young (Normal) (G1 Evacuation Pause) 405M->406M(512M) 7,536ms
[2022-10-30T11:51:22.982+0300][22,130s][info ][gc] GC(737) Pause Young (Normal) (G1 Evacuation Pause) 427M->429M(512M) 7,650ms
[2022-10-30T11:51:22.997+0300][22,146s][info ][gc] GC(738) Pause Young (Normal) (G1 Evacuation Pause) 450M->451M(512M) 7,689ms
[2022-10-30T11:51:22.998+0300][22,146s][info ][gc] GC(729) Pause Cleanup 452M->452M(512M) 0,087ms
[2022-10-30T11:51:22.998+0300][22,147s][info ][gc] GC(729) Concurrent Mark Cycle 203,121ms
[2022-10-30T11:51:23.017+0300][22,166s][info ][gc] GC(739) Pause Young (Prepare Mixed) (G1 Evacuation Pause) 472M->473M(512M) 11,467ms
[2022-10-30T11:51:23.039+0300][22,188s][info ][gc] GC(740) Pause Young (Mixed) (G1 Preventive Collection) 498M->473M(512M) 6,826ms
[2022-10-30T11:51:23.059+0300][22,208s][info ][gc] GC(741) Pause Young (Concurrent Start) (G1 Preventive Collection) 488M->489M(512M) 13,923ms
[2022-10-30T11:51:23.059+0300][22,208s][info ][gc] GC(742) Concurrent Mark Cycle
[2022-10-30T11:51:23.069+0300][22,218s][info ][gc] GC(743) Pause Young (Normal) (G1 Preventive Collection) 496M->497M(512M) 6,055ms
[2022-10-30T11:51:23.076+0300][22,225s][info ][gc] GC(744) Pause Young (Normal) (G1 Preventive Collection) 501M->502M(512M) 5,598ms
[2022-10-30T11:51:23.080+0300][22,228s][info ][gc] GC(745) Pause Young (Normal) (G1 Preventive Collection) 503M->503M(512M) 3,092ms
[2022-10-30T11:51:23.083+0300][22,232s][info ][gc] GC(746) Pause Young (Normal) (G1 Preventive Collection) 505M->505M(512M) 2,331ms
[2022-10-30T11:51:23.091+0300][22,240s][info ][gc] GC(747) Pause Young (Normal) (G1 Preventive Collection) (Evacuation Failure) 506M->507M(512M) 7,644ms
[2022-10-30T11:51:23.100+0300][22,249s][info ][gc] GC(748) Pause Young (Normal) (G1 Preventive Collection) (Evacuation Failure) 508M->510M(512M) 7,640ms
[2022-10-30T11:51:23.100+0300][22,249s][debug][gc] GC(749) Clear Next Bitmap 0,297ms
[2022-10-30T11:51:23.132+0300][22,281s][info ][gc] GC(749) Pause Full (G1 Compaction Pause) 510M->60M(512M) 32,061ms
[2022-10-30T11:51:23.132+0300][22,281s][info ][gc] GC(742) Concurrent Mark Cycle 73,233ms
[2022-10-30T11:51:23.241+0300][22,389s][info ][gc] GC(750) Pause Young (Normal) (G1 Evacuation Pause) 204M->203M(512M) 48,879ms
[2022-10-30T11:51:23.303+0300][22,451s][info ][gc] GC(751) Pause Young (Concurrent Start) (G1 Humongous Allocation) 273M->275M(512M) 25,222ms
[2022-10-30T11:51:23.303+0300][22,451s][info ][gc] GC(752) Concurrent Mark Cycle
[2022-10-30T11:51:23.323+0300][22,472s][debug][gc] GC(752) Reclaimed 178 empty regions
[2022-10-30T11:51:23.323+0300][22,472s][info ][gc] GC(752) Pause Remark 343M->167M(512M) 1,064ms
[2022-10-30T11:51:23.342+0300][22,490s][info ][gc] GC(753) Pause Young (Normal) (G1 Evacuation Pause) 174M->163M(512M) 15,254ms
[2022-10-30T11:51:23.367+0300][22,516s][info ][gc] GC(752) Pause Cleanup 223M->223M(512M) 0,102ms
[2022-10-30T11:51:23.367+0300][22,516s][info ][gc] GC(752) Concurrent Mark Cycle 64,387ms
[2022-10-30T11:51:23.414+0300][22,562s][info ][gc] GC(754) Pause Young (Prepare Mixed) (G1 Evacuation Pause) 274M->275M(512M) 26,274ms
[2022-10-30T11:51:23.426+0300][22,575s][info ][gc] GC(755) Pause Young (Mixed) (G1 Evacuation Pause) 287M->288M(512M) 8,174ms
[2022-10-30T11:51:23.461+0300][22,609s][info ][gc] GC(756) Pause Young (Concurrent Start) (G1 Evacuation Pause) 340M->340M(512M) 14,587ms
[2022-10-30T11:51:23.461+0300][22,610s][info ][gc] GC(757) Concurrent Mark Cycle
[2022-10-30T11:51:23.501+0300][22,650s][info ][gc] GC(758) Pause Young (Normal) (G1 Evacuation Pause) 396M->398M(512M) 15,057ms
[2022-10-30T11:51:23.517+0300][22,666s][info ][gc] GC(759) Pause Young (Normal) (G1 Evacuation Pause) 417M->418M(512M) 8,291ms
[2022-10-30T11:51:23.534+0300][22,683s][info ][gc] GC(760) Pause Young (Normal) (G1 Evacuation Pause) 439M->440M(512M) 8,488ms
[2022-10-30T11:51:23.543+0300][22,691s][debug][gc] GC(757) Reclaimed 180 empty regions
[2022-10-30T11:51:23.543+0300][22,692s][info ][gc] GC(757) Pause Remark 460M->280M(512M) 1,632ms
[2022-10-30T11:51:23.554+0300][22,703s][info ][gc] GC(761) Pause Young (Normal) (G1 Evacuation Pause) 281M->283M(512M) 9,915ms
[2022-10-30T11:51:23.609+0300][22,758s][info ][gc] GC(762) Pause Young (Normal) (G1 Evacuation Pause) 357M->358M(512M) 19,335ms
[2022-10-30T11:51:23.633+0300][22,781s][info ][gc] GC(763) Pause Young (Normal) (G1 Evacuation Pause) 388M->390M(512M) 11,727ms
[2022-10-30T11:51:23.648+0300][22,797s][info ][gc] GC(764) Pause Young (Normal) (G1 Evacuation Pause) 410M->412M(512M) 7,858ms
[2022-10-30T11:51:23.650+0300][22,799s][info ][gc] GC(757) Pause Cleanup 417M->417M(512M) 0,106ms
[2022-10-30T11:51:23.651+0300][22,800s][info ][gc] GC(757) Concurrent Mark Cycle 190,034ms
[2022-10-30T11:51:23.666+0300][22,815s][info ][gc] GC(765) Pause Young (Prepare Mixed) (G1 Evacuation Pause) 433M->435M(512M) 8,828ms
[2022-10-30T11:51:23.684+0300][22,833s][info ][gc] GC(766) Pause Young (Mixed) (G1 Evacuation Pause) 456M->441M(512M) 10,070ms
[2022-10-30T11:51:23.700+0300][22,849s][info ][gc] GC(767) Pause Young (Concurrent Start) (G1 Humongous Allocation) 448M->448M(512M) 3,114ms
[2022-10-30T11:51:23.700+0300][22,849s][info ][gc] GC(768) Concurrent Mark Cycle
[2022-10-30T11:51:23.707+0300][22,856s][debug][gc] GC(768) Reclaimed 425 empty regions
[2022-10-30T11:51:23.708+0300][22,856s][info ][gc] GC(768) Pause Remark 480M->55M(512M) 1,614ms
[2022-10-30T11:51:23.718+0300][22,867s][info ][gc] GC(769) Pause Young (Normal) (G1 Evacuation Pause) 64M->61M(512M) 7,136ms
[2022-10-30T11:51:23.725+0300][22,874s][info ][gc] GC(768) Pause Cleanup 78M->78M(512M) 0,061ms
[2022-10-30T11:51:23.726+0300][22,874s][info ][gc] GC(768) Concurrent Mark Cycle 25,604ms
[2022-10-30T11:51:23.846+0300][22,994s][info ][gc] GC(770) Pause Young (Prepare Mixed) (G1 Evacuation Pause) 205M->206M(512M) 68,278ms
[2022-10-30T11:51:23.864+0300][23,012s][info ][gc] GC(771) Pause Young (Mixed) (G1 Evacuation Pause) 215M->216M(512M) 14,040ms
[2022-10-30T11:51:23.921+0300][23,070s][info ][gc] GC(772) Pause Young (Concurrent Start) (G1 Evacuation Pause) 291M->292M(512M) 29,025ms
[2022-10-30T11:51:23.922+0300][23,070s][info ][gc] GC(773) Concurrent Mark Cycle
[2022-10-30T11:51:23.976+0300][23,124s][info ][gc] GC(774) Pause Young (Normal) (G1 Evacuation Pause) 363M->364M(512M) 22,855ms
[2022-10-30T11:51:24.003+0300][23,152s][info ][gc] GC(775) Pause Young (Normal) (G1 Evacuation Pause) 392M->394M(512M) 16,352ms
[2022-10-30T11:51:24.010+0300][23,159s][debug][gc] GC(773) Reclaimed 119 empty regions
[2022-10-30T11:51:24.010+0300][23,159s][info ][gc] GC(773) Pause Remark 411M->292M(512M) 1,015ms
[2022-10-30T11:51:24.019+0300][23,168s][info ][gc] GC(776) Pause Young (Normal) (G1 Evacuation Pause) 295M->296M(512M) 7,463ms
[2022-10-30T11:51:24.071+0300][23,220s][info ][gc] GC(777) Pause Young (Normal) (G1 Evacuation Pause) 365M->367M(512M) 19,776ms
[2022-10-30T11:51:24.096+0300][23,244s][info ][gc] GC(778) Pause Young (Normal) (G1 Evacuation Pause) 394M->396M(512M) 14,057ms
[2022-10-30T11:51:24.112+0300][23,260s][info ][gc] GC(779) Pause Young (Normal) (G1 Evacuation Pause) 416M->417M(512M) 8,057ms
[2022-10-30T11:51:24.130+0300][23,279s][info ][gc] GC(780) Pause Young (Normal) (G1 Evacuation Pause) 438M->439M(512M) 8,414ms
[2022-10-30T11:51:24.133+0300][23,282s][info ][gc] GC(773) Pause Cleanup 446M->446M(512M) 0,117ms
[2022-10-30T11:51:24.134+0300][23,282s][info ][gc] GC(773) Concurrent Mark Cycle 212,192ms
[2022-10-30T11:51:24.160+0300][23,308s][info ][gc] GC(781) Pause Young (Prepare Mixed) (G1 Evacuation Pause) 480M->480M(512M) 9,461ms
[2022-10-30T11:51:24.169+0300][23,318s][info ][gc] GC(782) Pause Young (Mixed) (G1 Preventive Collection) 491M->485M(512M) 5,234ms
[2022-10-30T11:51:24.180+0300][23,329s][info ][gc] GC(783) Pause Young (Concurrent Start) (G1 Preventive Collection) 494M->496M(512M) 6,537ms
[2022-10-30T11:51:24.180+0300][23,329s][info ][gc] GC(784) Concurrent Mark Cycle
[2022-10-30T11:51:24.186+0300][23,335s][info ][gc] GC(785) Pause Young (Normal) (G1 Preventive Collection) 500M->501M(512M) 4,392ms
[2022-10-30T11:51:24.190+0300][23,339s][info ][gc] GC(786) Pause Young (Normal) (G1 Preventive Collection) 503M->503M(512M) 2,880ms
[2022-10-30T11:51:24.192+0300][23,341s][info ][gc] GC(787) Pause Young (Normal) (G1 Preventive Collection) 504M->504M(512M) 1,984ms
[2022-10-30T11:51:24.195+0300][23,344s][info ][gc] GC(788) Pause Young (Normal) (G1 Preventive Collection) 505M->505M(512M) 2,208ms
[2022-10-30T11:51:24.200+0300][23,348s][info ][gc] GC(789) Pause Young (Normal) (G1 Preventive Collection) 506M->506M(512M) 2,080ms
[2022-10-30T11:51:24.206+0300][23,355s][info ][gc] GC(790) Pause Young (Normal) (G1 Preventive Collection) (Evacuation Failure) 507M->508M(512M) 5,450ms
[2022-10-30T11:51:24.214+0300][23,363s][info ][gc] GC(791) Pause Young (Normal) (G1 Preventive Collection) (Evacuation Failure) 509M->510M(512M) 8,113ms
[2022-10-30T11:51:24.215+0300][23,364s][debug][gc] GC(792) Clear Next Bitmap 0,352ms
[2022-10-30T11:51:24.252+0300][23,401s][info ][gc] GC(792) Pause Full (G1 Compaction Pause) 510M->61M(512M) 37,866ms
[2022-10-30T11:51:24.253+0300][23,401s][info ][gc] GC(784) Concurrent Mark Cycle 72,556ms
[2022-10-30T11:51:24.362+0300][23,511s][info ][gc] GC(793) Pause Young (Normal) (G1 Evacuation Pause) 205M->205M(512M) 49,957ms
[2022-10-30T11:51:24.446+0300][23,594s][info ][gc] GC(794) Pause Young (Concurrent Start) (G1 Humongous Allocation) 273M->274M(512M) 47,601ms
[2022-10-30T11:51:24.446+0300][23,594s][info ][gc] GC(795) Concurrent Mark Cycle
[2022-10-30T11:51:24.502+0300][23,651s][info ][gc] GC(796) Pause Young (Normal) (G1 Evacuation Pause) 350M->351M(512M) 33,242ms
[2022-10-30T11:51:24.507+0300][23,656s][debug][gc] GC(795) Reclaimed 179 empty regions
[2022-10-30T11:51:24.508+0300][23,656s][info ][gc] GC(795) Pause Remark 360M->182M(512M) 1,666ms
[2022-10-30T11:51:24.555+0300][23,704s][info ][gc] GC(797) Pause Young (Normal) (G1 Evacuation Pause) 205M->207M(512M) 25,441ms
[2022-10-30T11:51:24.583+0300][23,731s][info ][gc] GC(795) Pause Cleanup 270M->270M(512M) 0,079ms
[2022-10-30T11:51:24.583+0300][23,732s][info ][gc] GC(795) Concurrent Mark Cycle 137,427ms
[2022-10-30T11:51:24.620+0300][23,769s][info ][gc] GC(798) Pause Young (Prepare Mixed) (G1 Evacuation Pause) 304M->306M(512M) 24,060ms
[2022-10-30T11:51:24.633+0300][23,782s][info ][gc] GC(799) Pause Young (Mixed) (G1 Evacuation Pause) 320M->320M(512M) 7,762ms
[2022-10-30T11:51:24.663+0300][23,812s][info ][gc] GC(800) Pause Young (Concurrent Start) (G1 Evacuation Pause) 362M->364M(512M) 13,818ms
[2022-10-30T11:51:24.663+0300][23,812s][info ][gc] GC(801) Concurrent Mark Cycle
[2022-10-30T11:51:24.703+0300][23,852s][info ][gc] GC(802) Pause Young (Normal) (G1 Evacuation Pause) 412M->413M(512M) 17,732ms
[2022-10-30T11:51:24.721+0300][23,869s][info ][gc] GC(803) Pause Young (Normal) (G1 Evacuation Pause) 433M->434M(512M) 9,300ms
[2022-10-30T11:51:24.745+0300][23,894s][info ][gc] GC(804) Pause Young (Normal) (G1 Evacuation Pause) 455M->456M(512M) 16,429ms
[2022-10-30T11:51:24.763+0300][23,912s][info ][gc] GC(805) Pause Young (Normal) (G1 Evacuation Pause) 477M->478M(512M) 9,223ms
[2022-10-30T11:51:24.779+0300][23,928s][info ][gc] GC(806) Pause Young (Normal) (G1 Preventive Collection) 491M->493M(512M) 8,373ms
[2022-10-30T11:51:24.787+0300][23,936s][info ][gc] GC(807) Pause Young (Normal) (G1 Preventive Collection) (Evacuation Failure) 499M->501M(512M) 5,569ms
[2022-10-30T11:51:24.792+0300][23,940s][info ][gc] GC(808) Pause Young (Normal) (G1 Preventive Collection) 503M->504M(512M) 3,569ms
[2022-10-30T11:51:24.794+0300][23,943s][info ][gc] GC(809) Pause Young (Normal) (G1 Preventive Collection) 505M->505M(512M) 1,984ms
[2022-10-30T11:51:24.800+0300][23,949s][info ][gc] GC(810) Pause Young (Normal) (G1 Preventive Collection) (Evacuation Failure) 506M->508M(512M) 5,499ms
[2022-10-30T11:51:24.810+0300][23,959s][info ][gc] GC(811) Pause Young (Normal) (G1 Preventive Collection) (Evacuation Failure) 509M->510M(512M) 9,357ms
[2022-10-30T11:51:24.810+0300][23,959s][debug][gc] GC(812) Clear Next Bitmap 0,315ms
[2022-10-30T11:51:24.861+0300][24,010s][info ][gc] GC(812) Pause Full (G1 Compaction Pause) 510M->129M(512M) 50,875ms
[2022-10-30T11:51:24.861+0300][24,010s][info ][gc] GC(801) Concurrent Mark Cycle 198,045ms
[2022-10-30T11:51:24.879+0300][24,027s][info ][gc] GC(813) Pause Young (Concurrent Start) (G1 Humongous Allocation) 139M->138M(512M) 3,597ms
[2022-10-30T11:51:24.879+0300][24,027s][info ][gc] GC(814) Concurrent Mark Cycle
[2022-10-30T11:51:24.885+0300][24,034s][debug][gc] GC(814) Reclaimed 125 empty regions
[2022-10-30T11:51:24.885+0300][24,034s][info ][gc] GC(814) Pause Remark 169M->46M(512M) 1,076ms
[2022-10-30T11:51:24.892+0300][24,041s][info ][gc] GC(814) Pause Cleanup 64M->64M(512M) 0,056ms
[2022-10-30T11:51:24.893+0300][24,041s][info ][gc] GC(814) Concurrent Mark Cycle 13,966ms
[2022-10-30T11:51:24.947+0300][24,095s][info ][gc] GC(815) Pause Young (Normal) (G1 Evacuation Pause) 134M->125M(512M) 27,688ms
[2022-10-30T11:51:24.971+0300][24,120s][info ][gc] GC(816) Pause Young (Concurrent Start) (G1 Humongous Allocation) 141M->142M(512M) 8,347ms
[2022-10-30T11:51:24.971+0300][24,120s][info ][gc] GC(817) Concurrent Mark Cycle
[2022-10-30T11:51:24.981+0300][24,130s][debug][gc] GC(817) Reclaimed 105 empty regions
[2022-10-30T11:51:24.981+0300][24,130s][info ][gc] GC(817) Pause Remark 182M->77M(512M) 0,870ms
[2022-10-30T11:51:24.993+0300][24,142s][info ][gc] GC(817) Pause Cleanup 108M->108M(512M) 0,053ms
[2022-10-30T11:51:24.993+0300][24,142s][info ][gc] GC(817) Concurrent Mark Cycle 22,038ms
[2022-10-30T11:51:25.040+0300][24,189s][info ][gc] GC(818) Pause Young (Normal) (G1 Evacuation Pause) 155M->141M(512M) 28,551ms
[2022-10-30T11:51:25.065+0300][24,214s][info ][gc] GC(819) Pause Young (Concurrent Start) (G1 Humongous Allocation) 158M->159M(512M) 8,314ms
[2022-10-30T11:51:25.065+0300][24,214s][info ][gc] GC(820) Concurrent Mark Cycle
[2022-10-30T11:51:25.075+0300][24,224s][debug][gc] GC(820) Reclaimed 119 empty regions
[2022-10-30T11:51:25.076+0300][24,224s][info ][gc] GC(820) Pause Remark 201M->82M(512M) 0,946ms
[2022-10-30T11:51:25.088+0300][24,237s][info ][gc] GC(820) Pause Cleanup 114M->114M(512M) 0,052ms
[2022-10-30T11:51:25.089+0300][24,237s][info ][gc] GC(820) Concurrent Mark Cycle 23,358ms
[2022-10-30T11:51:25.137+0300][24,286s][info ][gc] GC(821) Pause Young (Normal) (G1 Evacuation Pause) 153M->139M(512M) 33,627ms
[2022-10-30T11:51:25.174+0300][24,323s][info ][gc] GC(822) Pause Young (Concurrent Start) (G1 Humongous Allocation) 161M->163M(512M) 18,360ms
[2022-10-30T11:51:25.174+0300][24,323s][info ][gc] GC(823) Concurrent Mark Cycle
[2022-10-30T11:51:25.186+0300][24,335s][debug][gc] GC(823) Reclaimed 119 empty regions
[2022-10-30T11:51:25.187+0300][24,335s][info ][gc] GC(823) Pause Remark 207M->88M(512M) 2,101ms
[2022-10-30T11:51:25.241+0300][24,389s][info ][gc] GC(824) Pause Young (Normal) (G1 Evacuation Pause) 156M->142M(512M) 27,455ms
[2022-10-30T11:51:25.249+0300][24,398s][info ][gc] GC(823) Pause Cleanup 163M->163M(512M) 0,108ms
[2022-10-30T11:51:25.249+0300][24,398s][info ][gc] GC(823) Concurrent Mark Cycle 75,440ms
[2022-10-30T11:51:25.275+0300][24,424s][info ][gc] GC(825) Pause Young (Concurrent Start) (G1 Humongous Allocation) 165M->166M(512M) 15,024ms
[2022-10-30T11:51:25.275+0300][24,424s][info ][gc] GC(826) Concurrent Mark Cycle
[2022-10-30T11:51:25.287+0300][24,436s][debug][gc] GC(826) Reclaimed 122 empty regions
[2022-10-30T11:51:25.288+0300][24,436s][info ][gc] GC(826) Pause Remark 213M->91M(512M) 1,173ms
[2022-10-30T11:51:25.303+0300][24,451s][info ][gc] GC(826) Pause Cleanup 129M->129M(512M) 0,099ms
[2022-10-30T11:51:25.303+0300][24,452s][info ][gc] GC(826) Concurrent Mark Cycle 28,103ms
[2022-10-30T11:51:25.336+0300][24,485s][info ][gc] GC(827) Pause Young (Normal) (G1 Evacuation Pause) 155M->143M(512M) 23,647ms
[2022-10-30T11:51:25.367+0300][24,516s][info ][gc] GC(828) Pause Young (Concurrent Start) (G1 Humongous Allocation) 167M->167M(512M) 11,586ms
[2022-10-30T11:51:25.367+0300][24,516s][info ][gc] GC(829) Concurrent Mark Cycle
[2022-10-30T11:51:25.379+0300][24,528s][debug][gc] GC(829) Reclaimed 121 empty regions
[2022-10-30T11:51:25.379+0300][24,528s][info ][gc] GC(829) Pause Remark 212M->91M(512M) 1,219ms
[2022-10-30T11:51:25.394+0300][24,543s][info ][gc] GC(829) Pause Cleanup 128M->128M(512M) 0,063ms
[2022-10-30T11:51:25.394+0300][24,543s][info ][gc] GC(829) Concurrent Mark Cycle 27,042ms
[2022-10-30T11:51:25.431+0300][24,580s][info ][gc] GC(830) Pause Young (Normal) (G1 Evacuation Pause) 156M->143M(512M) 26,465ms
[2022-10-30T11:51:25.465+0300][24,614s][info ][gc] GC(831) Pause Young (Concurrent Start) (G1 Humongous Allocation) 168M->170M(512M) 14,325ms
[2022-10-30T11:51:25.466+0300][24,614s][info ][gc] GC(832) Concurrent Mark Cycle
[2022-10-30T11:51:25.478+0300][24,626s][debug][gc] GC(832) Reclaimed 123 empty regions
[2022-10-30T11:51:25.478+0300][24,627s][info ][gc] GC(832) Pause Remark 214M->91M(512M) 1,608ms
[2022-10-30T11:51:25.493+0300][24,641s][info ][gc] GC(832) Pause Cleanup 129M->129M(512M) 0,063ms
[2022-10-30T11:51:25.493+0300][24,642s][info ][gc] GC(832) Concurrent Mark Cycle 27,436ms
[2022-10-30T11:51:25.532+0300][24,681s][info ][gc] GC(833) Pause Young (Normal) (G1 Evacuation Pause) 156M->144M(512M) 29,007ms
[2022-10-30T11:51:25.564+0300][24,713s][info ][gc] GC(834) Pause Young (Concurrent Start) (G1 Humongous Allocation) 170M->171M(512M) 11,977ms
[2022-10-30T11:51:25.564+0300][24,713s][info ][gc] GC(835) Concurrent Mark Cycle
[2022-10-30T11:51:25.577+0300][24,725s][debug][gc] GC(835) Reclaimed 124 empty regions
[2022-10-30T11:51:25.577+0300][24,725s][info ][gc] GC(835) Pause Remark 215M->91M(512M) 1,646ms
[2022-10-30T11:51:25.592+0300][24,740s][info ][gc] GC(835) Pause Cleanup 129M->129M(512M) 0,060ms
[2022-10-30T11:51:25.592+0300][24,741s][info ][gc] GC(835) Concurrent Mark Cycle 27,802ms
[2022-10-30T11:51:25.629+0300][24,777s][info ][gc] GC(836) Pause Young (Normal) (G1 Evacuation Pause) 156M->143M(512M) 26,695ms
[2022-10-30T11:51:25.660+0300][24,809s][info ][gc] GC(837) Pause Young (Concurrent Start) (G1 Humongous Allocation) 169M->170M(512M) 11,739ms
[2022-10-30T11:51:25.660+0300][24,809s][info ][gc] GC(838) Concurrent Mark Cycle
[2022-10-30T11:51:25.672+0300][24,821s][debug][gc] GC(838) Reclaimed 121 empty regions
[2022-10-30T11:51:25.672+0300][24,821s][info ][gc] GC(838) Pause Remark 215M->94M(512M) 1,347ms
[2022-10-30T11:51:25.688+0300][24,836s][info ][gc] GC(838) Pause Cleanup 133M->133M(512M) 0,089ms
[2022-10-30T11:51:25.688+0300][24,837s][info ][gc] GC(838) Concurrent Mark Cycle 27,575ms
[2022-10-30T11:51:25.722+0300][24,871s][info ][gc] GC(839) Pause Young (Normal) (G1 Evacuation Pause) 158M->146M(512M) 24,563ms
[2022-10-30T11:51:25.752+0300][24,901s][info ][gc] GC(840) Pause Young (Concurrent Start) (G1 Humongous Allocation) 172M->173M(512M) 10,223ms
[2022-10-30T11:51:25.752+0300][24,901s][info ][gc] GC(841) Concurrent Mark Cycle
[2022-10-30T11:51:25.764+0300][24,913s][debug][gc] GC(841) Reclaimed 124 empty regions
[2022-10-30T11:51:25.764+0300][24,913s][info ][gc] GC(841) Pause Remark 217M->93M(512M) 0,916ms
[2022-10-30T11:51:25.779+0300][24,928s][info ][gc] GC(841) Pause Cleanup 132M->132M(512M) 0,054ms
[2022-10-30T11:51:25.779+0300][24,928s][info ][gc] GC(841) Concurrent Mark Cycle 26,925ms
[2022-10-30T11:51:25.813+0300][24,962s][info ][gc] GC(842) Pause Young (Normal) (G1 Evacuation Pause) 158M->145M(512M) 24,430ms
[2022-10-30T11:51:25.843+0300][24,992s][info ][gc] GC(843) Pause Young (Concurrent Start) (G1 Humongous Allocation) 171M->172M(512M) 10,204ms
[2022-10-30T11:51:25.844+0300][24,992s][info ][gc] GC(844) Concurrent Mark Cycle
[2022-10-30T11:51:25.855+0300][25,004s][debug][gc] GC(844) Reclaimed 123 empty regions
[2022-10-30T11:51:25.855+0300][25,004s][info ][gc] GC(844) Pause Remark 217M->94M(512M) 0,989ms
[2022-10-30T11:51:25.870+0300][25,019s][info ][gc] GC(844) Pause Cleanup 132M->132M(512M) 0,054ms
[2022-10-30T11:51:25.870+0300][25,019s][info ][gc] GC(844) Concurrent Mark Cycle 26,779ms
[2022-10-30T11:51:25.906+0300][25,055s][info ][gc] GC(845) Pause Young (Normal) (G1 Evacuation Pause) 158M->145M(512M) 26,040ms
[2022-10-30T11:51:25.937+0300][25,085s][info ][gc] GC(846) Pause Young (Concurrent Start) (G1 Humongous Allocation) 171M->172M(512M) 10,521ms
[2022-10-30T11:51:25.937+0300][25,085s][info ][gc] GC(847) Concurrent Mark Cycle
[2022-10-30T11:51:25.948+0300][25,097s][debug][gc] GC(847) Reclaimed 123 empty regions
[2022-10-30T11:51:25.949+0300][25,097s][info ][gc] GC(847) Pause Remark 217M->94M(512M) 1,113ms
[2022-10-30T11:51:25.964+0300][25,112s][info ][gc] GC(847) Pause Cleanup 133M->133M(512M) 0,051ms
[2022-10-30T11:51:25.964+0300][25,113s][info ][gc] GC(847) Concurrent Mark Cycle 27,319ms
[2022-10-30T11:51:25.996+0300][25,145s][info ][gc] GC(848) Pause Young (Normal) (G1 Evacuation Pause) 158M->145M(512M) 22,308ms
[2022-10-30T11:51:26.026+0300][25,175s][info ][gc] GC(849) Pause Young (Concurrent Start) (G1 Humongous Allocation) 171M->173M(512M) 9,989ms
[2022-10-30T11:51:26.026+0300][25,175s][info ][gc] GC(850) Concurrent Mark Cycle
[2022-10-30T11:51:26.038+0300][25,186s][debug][gc] GC(850) Reclaimed 122 empty regions
[2022-10-30T11:51:26.038+0300][25,187s][info ][gc] GC(850) Pause Remark 217M->95M(512M) 1,057ms
[2022-10-30T11:51:26.053+0300][25,202s][info ][gc] GC(850) Pause Cleanup 134M->134M(512M) 0,106ms
[2022-10-30T11:51:26.053+0300][25,202s][info ][gc] GC(850) Concurrent Mark Cycle 27,262ms
[2022-10-30T11:51:26.089+0300][25,238s][info ][gc] GC(851) Pause Young (Normal) (G1 Evacuation Pause) 160M->147M(512M) 26,207ms
[2022-10-30T11:51:26.120+0300][25,268s][info ][gc] GC(852) Pause Young (Concurrent Start) (G1 Humongous Allocation) 173M->174M(512M) 10,431ms
[2022-10-30T11:51:26.120+0300][25,268s][info ][gc] GC(853) Concurrent Mark Cycle
[2022-10-30T11:51:26.131+0300][25,280s][debug][gc] GC(853) Reclaimed 125 empty regions
[2022-10-30T11:51:26.131+0300][25,280s][info ][gc] GC(853) Pause Remark 218M->93M(512M) 1,127ms
[2022-10-30T11:51:26.146+0300][25,295s][info ][gc] GC(853) Pause Cleanup 131M->131M(512M) 0,081ms
[2022-10-30T11:51:26.147+0300][25,295s][info ][gc] GC(853) Concurrent Mark Cycle 27,021ms
[2022-10-30T11:51:26.183+0300][25,332s][info ][gc] GC(854) Pause Young (Normal) (G1 Evacuation Pause) 157M->144M(512M) 26,958ms
[2022-10-30T11:51:26.219+0300][25,368s][info ][gc] GC(855) Pause Young (Concurrent Start) (G1 Humongous Allocation) 171M->172M(512M) 15,490ms
[2022-10-30T11:51:26.219+0300][25,368s][info ][gc] GC(856) Concurrent Mark Cycle
[2022-10-30T11:51:26.231+0300][25,380s][debug][gc] GC(856) Reclaimed 121 empty regions
[2022-10-30T11:51:26.232+0300][25,380s][info ][gc] GC(856) Pause Remark 217M->96M(512M) 1,299ms
[2022-10-30T11:51:26.247+0300][25,396s][info ][gc] GC(856) Pause Cleanup 137M->137M(512M) 0,067ms
[2022-10-30T11:51:26.247+0300][25,396s][info ][gc] GC(856) Concurrent Mark Cycle 28,276ms
[2022-10-30T11:51:26.286+0300][25,435s][info ][gc] GC(857) Pause Young (Normal) (G1 Evacuation Pause) 160M->148M(512M) 29,895ms
[2022-10-30T11:51:26.322+0300][25,471s][info ][gc] GC(858) Pause Young (Concurrent Start) (G1 Humongous Allocation) 174M->175M(512M) 15,715ms
[2022-10-30T11:51:26.322+0300][25,471s][info ][gc] GC(859) Concurrent Mark Cycle
[2022-10-30T11:51:26.336+0300][25,485s][debug][gc] GC(859) Reclaimed 125 empty regions
[2022-10-30T11:51:26.336+0300][25,485s][info ][gc] GC(859) Pause Remark 220M->95M(512M) 3,264ms
[2022-10-30T11:51:26.351+0300][25,500s][info ][gc] GC(859) Pause Cleanup 134M->134M(512M) 0,062ms
[2022-10-30T11:51:26.352+0300][25,501s][info ][gc] GC(859) Concurrent Mark Cycle 29,876ms
[2022-10-30T11:51:26.398+0300][25,547s][info ][gc] GC(860) Pause Young (Normal) (G1 Evacuation Pause) 158M->145M(512M) 37,475ms
[2022-10-30T11:51:26.432+0300][25,580s][info ][gc] GC(861) Pause Young (Concurrent Start) (G1 Humongous Allocation) 172M->173M(512M) 12,993ms
[2022-10-30T11:51:26.432+0300][25,580s][info ][gc] GC(862) Concurrent Mark Cycle
[2022-10-30T11:51:26.445+0300][25,593s][debug][gc] GC(862) Reclaimed 122 empty regions
[2022-10-30T11:51:26.445+0300][25,594s][info ][gc] GC(862) Pause Remark 217M->95M(512M) 1,924ms
[2022-10-30T11:51:26.462+0300][25,610s][info ][gc] GC(862) Pause Cleanup 138M->138M(512M) 0,099ms
[2022-10-30T11:51:26.462+0300][25,611s][info ][gc] GC(862) Concurrent Mark Cycle 30,388ms
[2022-10-30T11:51:26.498+0300][25,647s][info ][gc] GC(863) Pause Young (Normal) (G1 Evacuation Pause) 160M->147M(512M) 27,554ms
[2022-10-30T11:51:26.528+0300][25,677s][info ][gc] GC(864) Pause Young (Concurrent Start) (G1 Humongous Allocation) 173M->174M(512M) 10,248ms
[2022-10-30T11:51:26.528+0300][25,677s][info ][gc] GC(865) Concurrent Mark Cycle
[2022-10-30T11:51:26.542+0300][25,691s][debug][gc] GC(865) Reclaimed 123 empty regions
[2022-10-30T11:51:26.542+0300][25,691s][info ][gc] GC(865) Pause Remark 224M->101M(512M) 0,933ms
[2022-10-30T11:51:26.560+0300][25,708s][info ][gc] GC(865) Pause Cleanup 146M->146M(512M) 0,092ms
[2022-10-30T11:51:26.560+0300][25,709s][info ][gc] GC(865) Concurrent Mark Cycle 31,818ms
[2022-10-30T11:51:26.591+0300][25,740s][info ][gc] GC(866) Pause Young (Prepare Mixed) (G1 Evacuation Pause) 159M->146M(512M) 26,156ms
[2022-10-30T11:51:26.603+0300][25,751s][info ][gc] GC(867) Pause Young (Mixed) (G1 Evacuation Pause) 158M->159M(512M) 6,829ms
[2022-10-30T11:51:26.674+0300][25,822s][info ][gc] GC(868) Pause Young (Normal) (G1 Evacuation Pause) 272M->273M(512M) 24,447ms
[2022-10-30T11:51:26.710+0300][25,859s][info ][gc] GC(869) Pause Young (Concurrent Start) (G1 Humongous Allocation) 310M->311M(512M) 12,673ms
[2022-10-30T11:51:26.711+0300][25,859s][info ][gc] GC(870) Concurrent Mark Cycle
[2022-10-30T11:51:26.724+0300][25,873s][debug][gc] GC(870) Reclaimed 250 empty regions
[2022-10-30T11:51:26.725+0300][25,873s][info ][gc] GC(870) Pause Remark 361M->111M(512M) 1,293ms
[2022-10-30T11:51:26.746+0300][25,895s][info ][gc] GC(871) Pause Young (Normal) (G1 Evacuation Pause) 126M->119M(512M) 15,145ms
[2022-10-30T11:51:26.758+0300][25,907s][info ][gc] GC(870) Pause Cleanup 150M->150M(512M) 0,073ms
[2022-10-30T11:51:26.758+0300][25,907s][info ][gc] GC(870) Concurrent Mark Cycle 47,771ms
[2022-10-30T11:51:26.803+0300][25,952s][info ][gc] GC(872) Pause Young (Concurrent Start) (G1 Humongous Allocation) 189M->190M(512M) 20,149ms
[2022-10-30T11:51:26.803+0300][25,952s][info ][gc] GC(873) Concurrent Mark Cycle
[2022-10-30T11:51:26.821+0300][25,970s][debug][gc] GC(873) Reclaimed 103 empty regions
[2022-10-30T11:51:26.822+0300][25,970s][info ][gc] GC(873) Pause Remark 253M->150M(512M) 1,017ms
[2022-10-30T11:51:26.863+0300][26,012s][info ][gc] GC(874) Pause Young (Normal) (G1 Evacuation Pause) 190M->177M(512M) 26,147ms
[2022-10-30T11:51:26.872+0300][26,021s][info ][gc] GC(873) Pause Cleanup 199M->199M(512M) 0,085ms
[2022-10-30T11:51:26.872+0300][26,021s][info ][gc] GC(873) Concurrent Mark Cycle 69,465ms
[2022-10-30T11:51:26.904+0300][26,053s][info ][gc] GC(875) Pause Young (Concurrent Start) (G1 Humongous Allocation) 209M->210M(512M) 17,915ms
[2022-10-30T11:51:26.904+0300][26,053s][info ][gc] GC(876) Concurrent Mark Cycle
[2022-10-30T11:51:26.918+0300][26,066s][debug][gc] GC(876) Reclaimed 156 empty regions
[2022-10-30T11:51:26.918+0300][26,067s][info ][gc] GC(876) Pause Remark 256M->100M(512M) 1,958ms
[2022-10-30T11:51:26.936+0300][26,084s][info ][gc] GC(876) Pause Cleanup 146M->146M(512M) 0,067ms
[2022-10-30T11:51:26.936+0300][26,085s][info ][gc] GC(876) Concurrent Mark Cycle 32,195ms
[2022-10-30T11:51:26.967+0300][26,116s][info ][gc] GC(877) Pause Young (Normal) (G1 Evacuation Pause) 151M->140M(512M) 28,986ms
[2022-10-30T11:51:27.009+0300][26,158s][info ][gc] GC(878) Pause Young (Concurrent Start) (G1 Humongous Allocation) 178M->179M(512M) 17,426ms
[2022-10-30T11:51:27.009+0300][26,158s][info ][gc] GC(879) Concurrent Mark Cycle
[2022-10-30T11:51:27.024+0300][26,173s][debug][gc] GC(879) Reclaimed 118 empty regions
[2022-10-30T11:51:27.025+0300][26,173s][info ][gc] GC(879) Pause Remark 231M->113M(512M) 1,584ms
[2022-10-30T11:51:27.044+0300][26,193s][info ][gc] GC(879) Pause Cleanup 164M->164M(512M) 0,067ms
[2022-10-30T11:51:27.045+0300][26,193s][info ][gc] GC(879) Concurrent Mark Cycle 35,770ms
[2022-10-30T11:51:27.077+0300][26,225s][info ][gc] GC(880) Pause Young (Normal) (G1 Evacuation Pause) 168M->156M(512M) 30,457ms
[2022-10-30T11:51:27.113+0300][26,262s][info ][gc] GC(881) Pause Young (Concurrent Start) (G1 Humongous Allocation) 184M->185M(512M) 15,273ms
[2022-10-30T11:51:27.113+0300][26,262s][info ][gc] GC(882) Concurrent Mark Cycle
[2022-10-30T11:51:27.125+0300][26,274s][debug][gc] GC(882) Reclaimed 133 empty regions
[2022-10-30T11:51:27.125+0300][26,274s][info ][gc] GC(882) Pause Remark 230M->97M(512M) 1,482ms
[2022-10-30T11:51:27.141+0300][26,290s][info ][gc] GC(882) Pause Cleanup 138M->138M(512M) 0,070ms
[2022-10-30T11:51:27.142+0300][26,291s][info ][gc] GC(882) Concurrent Mark Cycle 29,025ms
[2022-10-30T11:51:27.179+0300][26,327s][info ][gc] GC(883) Pause Young (Normal) (G1 Evacuation Pause) 157M->144M(512M) 29,940ms
[2022-10-30T11:51:27.213+0300][26,362s][info ][gc] GC(884) Pause Young (Concurrent Start) (G1 Humongous Allocation) 174M->176M(512M) 12,901ms
[2022-10-30T11:51:27.213+0300][26,362s][info ][gc] GC(885) Concurrent Mark Cycle
[2022-10-30T11:51:27.226+0300][26,375s][debug][gc] GC(885) Reclaimed 122 empty regions
[2022-10-30T11:51:27.226+0300][26,375s][info ][gc] GC(885) Pause Remark 222M->100M(512M) 1,444ms
[2022-10-30T11:51:27.243+0300][26,392s][info ][gc] GC(885) Pause Cleanup 143M->143M(512M) 0,057ms
[2022-10-30T11:51:27.243+0300][26,392s][info ][gc] GC(885) Concurrent Mark Cycle 30,143ms
[2022-10-30T11:51:27.277+0300][26,425s][info ][gc] GC(886) Pause Young (Normal) (G1 Evacuation Pause) 162M->149M(512M) 26,282ms
[2022-10-30T11:51:27.315+0300][26,464s][info ][gc] GC(887) Pause Young (Concurrent Start) (G1 Humongous Allocation) 176M->177M(512M) 18,295ms
[2022-10-30T11:51:27.315+0300][26,464s][info ][gc] GC(888) Concurrent Mark Cycle
[2022-10-30T11:51:27.329+0300][26,478s][debug][gc] GC(888) Reclaimed 128 empty regions
[2022-10-30T11:51:27.330+0300][26,478s][info ][gc] GC(888) Pause Remark 223M->95M(512M) 2,946ms
[2022-10-30T11:51:27.346+0300][26,494s][info ][gc] GC(888) Pause Cleanup 136M->136M(512M) 0,069ms
[2022-10-30T11:51:27.346+0300][26,495s][info ][gc] GC(888) Concurrent Mark Cycle 30,669ms
[2022-10-30T11:51:27.390+0300][26,539s][info ][gc] GC(889) Pause Young (Normal) (G1 Evacuation Pause) 156M->144M(512M) 36,465ms
[2022-10-30T11:51:27.424+0300][26,573s][info ][gc] GC(890) Pause Young (Concurrent Start) (G1 Humongous Allocation) 172M->173M(512M) 13,346ms
[2022-10-30T11:51:27.424+0300][26,573s][info ][gc] GC(891) Concurrent Mark Cycle
[2022-10-30T11:51:27.437+0300][26,585s][debug][gc] GC(891) Reclaimed 121 empty regions
[2022-10-30T11:51:27.437+0300][26,586s][info ][gc] GC(891) Pause Remark 219M->98M(512M) 1,012ms
[2022-10-30T11:51:27.453+0300][26,601s][info ][gc] GC(891) Pause Cleanup 139M->139M(512M) 0,089ms
[2022-10-30T11:51:27.453+0300][26,602s][info ][gc] GC(891) Concurrent Mark Cycle 28,665ms
[2022-10-30T11:51:27.484+0300][26,632s][info ][gc] GC(892) Pause Young (Normal) (G1 Evacuation Pause) 161M->149M(512M) 22,523ms
[2022-10-30T11:51:27.514+0300][26,662s][info ][gc] GC(893) Pause Young (Concurrent Start) (G1 Humongous Allocation) 175M->176M(512M) 9,976ms
[2022-10-30T11:51:27.514+0300][26,663s][info ][gc] GC(894) Concurrent Mark Cycle
[2022-10-30T11:51:27.530+0300][26,679s][debug][gc] GC(894) Reclaimed 127 empty regions
[2022-10-30T11:51:27.530+0300][26,679s][info ][gc] GC(894) Pause Remark 228M->101M(512M) 2,914ms
[2022-10-30T11:51:27.547+0300][26,695s][info ][gc] GC(894) Pause Cleanup 139M->139M(512M) 0,065ms
[2022-10-30T11:51:27.547+0300][26,696s][info ][gc] GC(894) Concurrent Mark Cycle 33,156ms
[2022-10-30T11:51:27.588+0300][26,737s][info ][gc] GC(895) Pause Young (Normal) (G1 Evacuation Pause) 157M->144M(512M) 34,224ms
[2022-10-30T11:51:27.620+0300][26,769s][info ][gc] GC(896) Pause Young (Concurrent Start) (G1 Humongous Allocation) 171M->173M(512M) 11,923ms
[2022-10-30T11:51:27.620+0300][26,769s][info ][gc] GC(897) Concurrent Mark Cycle
[2022-10-30T11:51:27.633+0300][26,781s][debug][gc] GC(897) Reclaimed 122 empty regions
[2022-10-30T11:51:27.633+0300][26,782s][info ][gc] GC(897) Pause Remark 218M->96M(512M) 1,238ms
[2022-10-30T11:51:27.649+0300][26,797s][info ][gc] GC(897) Pause Cleanup 136M->136M(512M) 0,060ms
[2022-10-30T11:51:27.649+0300][26,798s][info ][gc] GC(897) Concurrent Mark Cycle 28,725ms
[2022-10-30T11:51:27.697+0300][26,846s][info ][gc] GC(898) Pause Young (Normal) (G1 Evacuation Pause) 160M->147M(512M) 39,394ms
[2022-10-30T11:51:27.730+0300][26,878s][info ][gc] GC(899) Pause Young (Concurrent Start) (G1 Humongous Allocation) 173M->174M(512M) 12,181ms
[2022-10-30T11:51:27.730+0300][26,878s][info ][gc] GC(900) Concurrent Mark Cycle
[2022-10-30T11:51:27.742+0300][26,891s][debug][gc] GC(900) Reclaimed 125 empty regions
[2022-10-30T11:51:27.742+0300][26,891s][info ][gc] GC(900) Pause Remark 219M->94M(512M) 1,930ms
[2022-10-30T11:51:27.757+0300][26,906s][info ][gc] GC(900) Pause Cleanup 133M->133M(512M) 0,067ms
[2022-10-30T11:51:27.758+0300][26,906s][info ][gc] GC(900) Concurrent Mark Cycle 27,922ms
[2022-10-30T11:51:27.794+0300][26,943s][info ][gc] GC(901) Pause Young (Normal) (G1 Evacuation Pause) 157M->145M(512M) 27,039ms
[2022-10-30T11:51:27.827+0300][26,976s][info ][gc] GC(902) Pause Young (Concurrent Start) (G1 Humongous Allocation) 172M->173M(512M) 12,943ms
[2022-10-30T11:51:27.827+0300][26,976s][info ][gc] GC(903) Concurrent Mark Cycle
[2022-10-30T11:51:27.839+0300][26,988s][debug][gc] GC(903) Reclaimed 123 empty regions
[2022-10-30T11:51:27.840+0300][26,988s][info ][gc] GC(903) Pause Remark 218M->95M(512M) 1,287ms
[2022-10-30T11:51:27.855+0300][27,004s][info ][gc] GC(903) Pause Cleanup 136M->136M(512M) 0,067ms
[2022-10-30T11:51:27.856+0300][27,004s][info ][gc] GC(903) Concurrent Mark Cycle 28,463ms
[2022-10-30T11:51:27.887+0300][27,036s][info ][gc] GC(904) Pause Young (Normal) (G1 Evacuation Pause) 159M->146M(512M) 22,711ms
[2022-10-30T11:51:27.918+0300][27,067s][info ][gc] GC(905) Pause Young (Concurrent Start) (G1 Humongous Allocation) 172M->173M(512M) 11,446ms
[2022-10-30T11:51:27.918+0300][27,067s][info ][gc] GC(906) Concurrent Mark Cycle
[2022-10-30T11:51:27.930+0300][27,079s][debug][gc] GC(906) Reclaimed 122 empty regions
[2022-10-30T11:51:27.931+0300][27,079s][info ][gc] GC(906) Pause Remark 218M->96M(512M) 1,173ms
[2022-10-30T11:51:27.946+0300][27,094s][info ][gc] GC(906) Pause Cleanup 134M->134M(512M) 0,063ms
[2022-10-30T11:51:27.946+0300][27,095s][info ][gc] GC(906) Concurrent Mark Cycle 27,332ms
[2022-10-30T11:51:27.979+0300][27,128s][info ][gc] GC(907) Pause Young (Prepare Mixed) (G1 Evacuation Pause) 160M->147M(512M) 23,350ms
[2022-10-30T11:51:27.991+0300][27,139s][info ][gc] GC(908) Pause Young (Mixed) (G1 Evacuation Pause) 159M->159M(512M) 6,923ms
[2022-10-30T11:51:28.066+0300][27,214s][info ][gc] GC(909) Pause Young (Normal) (G1 Evacuation Pause) 272M->274M(512M) 28,545ms
[2022-10-30T11:51:28.102+0300][27,251s][info ][gc] GC(910) Pause Young (Concurrent Start) (G1 Humongous Allocation) 310M->311M(512M) 12,460ms
[2022-10-30T11:51:28.102+0300][27,251s][info ][gc] GC(911) Concurrent Mark Cycle
[2022-10-30T11:51:28.115+0300][27,264s][debug][gc] GC(911) Reclaimed 251 empty regions
[2022-10-30T11:51:28.116+0300][27,264s][info ][gc] GC(911) Pause Remark 361M->110M(512M) 1,186ms
[2022-10-30T11:51:28.135+0300][27,283s][info ][gc] GC(912) Pause Young (Normal) (G1 Evacuation Pause) 125M->117M(512M) 12,757ms
[2022-10-30T11:51:28.148+0300][27,296s][info ][gc] GC(911) Pause Cleanup 151M->151M(512M) 0,068ms
[2022-10-30T11:51:28.148+0300][27,297s][info ][gc] GC(911) Concurrent Mark Cycle 46,168ms
[2022-10-30T11:51:28.191+0300][27,340s][info ][gc] GC(913) Pause Young (Concurrent Start) (G1 Humongous Allocation) 187M->188M(512M) 19,557ms
[2022-10-30T11:51:28.191+0300][27,340s][info ][gc] GC(914) Concurrent Mark Cycle
[2022-10-30T11:51:28.210+0300][27,359s][debug][gc] GC(914) Reclaimed 102 empty regions
[2022-10-30T11:51:28.210+0300][27,359s][info ][gc] GC(914) Pause Remark 251M->149M(512M) 1,673ms
[2022-10-30T11:51:28.248+0300][27,396s][info ][gc] GC(915) Pause Young (Normal) (G1 Evacuation Pause) 190M->177M(512M) 20,986ms
[2022-10-30T11:51:28.255+0300][27,404s][info ][gc] GC(914) Pause Cleanup 192M->192M(512M) 0,089ms
[2022-10-30T11:51:28.256+0300][27,404s][info ][gc] GC(914) Concurrent Mark Cycle 64,386ms
[2022-10-30T11:51:28.284+0300][27,433s][info ][gc] GC(916) Pause Young (Concurrent Start) (G1 Humongous Allocation) 208M->209M(512M) 12,878ms
[2022-10-30T11:51:28.284+0300][27,433s][info ][gc] GC(917) Concurrent Mark Cycle
[2022-10-30T11:51:28.297+0300][27,446s][debug][gc] GC(917) Reclaimed 155 empty regions
[2022-10-30T11:51:28.297+0300][27,446s][info ][gc] GC(917) Pause Remark 257M->102M(512M) 0,994ms
[2022-10-30T11:51:28.314+0300][27,463s][info ][gc] GC(917) Pause Cleanup 146M->146M(512M) 0,057ms
[2022-10-30T11:51:28.314+0300][27,463s][info ][gc] GC(917) Concurrent Mark Cycle 30,179ms
[2022-10-30T11:51:28.339+0300][27,488s][info ][gc] GC(918) Pause Young (Normal) (G1 Evacuation Pause) 151M->139M(512M) 23,015ms
[2022-10-30T11:51:28.377+0300][27,525s][info ][gc] GC(919) Pause Young (Concurrent Start) (G1 Humongous Allocation) 177M->178M(512M) 12,925ms
[2022-10-30T11:51:28.377+0300][27,525s][info ][gc] GC(920) Concurrent Mark Cycle
[2022-10-30T11:51:28.390+0300][27,539s][debug][gc] GC(920) Reclaimed 118 empty regions
[2022-10-30T11:51:28.391+0300][27,539s][info ][gc] GC(920) Pause Remark 227M->109M(512M) 1,165ms
[2022-10-30T11:51:28.409+0300][27,558s][info ][gc] GC(920) Pause Cleanup 157M->157M(512M) 0,082ms
[2022-10-30T11:51:28.409+0300][27,558s][info ][gc] GC(920) Concurrent Mark Cycle 32,677ms
[2022-10-30T11:51:28.440+0300][27,588s][info ][gc] GC(921) Pause Young (Normal) (G1 Evacuation Pause) 167M->154M(512M) 26,660ms
[2022-10-30T11:51:28.471+0300][27,620s][info ][gc] GC(922) Pause Young (Concurrent Start) (G1 Humongous Allocation) 182M->183M(512M) 10,635ms
[2022-10-30T11:51:28.471+0300][27,620s][info ][gc] GC(923) Concurrent Mark Cycle
[2022-10-30T11:51:28.483+0300][27,632s][debug][gc] GC(923) Reclaimed 132 empty regions
[2022-10-30T11:51:28.484+0300][27,632s][info ][gc] GC(923) Pause Remark 228M->96M(512M) 1,375ms
[2022-10-30T11:51:28.499+0300][27,648s][info ][gc] GC(923) Pause Cleanup 137M->137M(512M) 0,058ms
[2022-10-30T11:51:28.500+0300][27,648s][info ][gc] GC(923) Concurrent Mark Cycle 28,614ms
[2022-10-30T11:51:28.532+0300][27,681s][info ][gc] GC(924) Pause Young (Normal) (G1 Evacuation Pause) 156M->143M(512M) 25,455ms
[2022-10-30T11:51:28.569+0300][27,718s][info ][gc] GC(925) Pause Young (Concurrent Start) (G1 Humongous Allocation) 173M->174M(512M) 15,541ms
[2022-10-30T11:51:28.569+0300][27,718s][info ][gc] GC(926) Concurrent Mark Cycle
[2022-10-30T11:51:28.582+0300][27,731s][debug][gc] GC(926) Reclaimed 121 empty regions
[2022-10-30T11:51:28.582+0300][27,731s][info ][gc] GC(926) Pause Remark 220M->99M(512M) 1,125ms
[2022-10-30T11:51:28.599+0300][27,747s][info ][gc] GC(926) Pause Cleanup 141M->141M(512M) 0,064ms
[2022-10-30T11:51:28.599+0300][27,748s][info ][gc] GC(926) Concurrent Mark Cycle 29,609ms
[2022-10-30T11:51:28.633+0300][27,781s][info ][gc] GC(927) Pause Young (Normal) (G1 Evacuation Pause) 161M->148M(512M) 26,410ms
[2022-10-30T11:51:28.663+0300][27,812s][info ][gc] GC(928) Pause Young (Concurrent Start) (G1 Humongous Allocation) 175M->176M(512M) 10,225ms
[2022-10-30T11:51:28.663+0300][27,812s][info ][gc] GC(929) Concurrent Mark Cycle
[2022-10-30T11:51:28.675+0300][27,824s][debug][gc] GC(929) Reclaimed 124 empty regions
[2022-10-30T11:51:28.675+0300][27,824s][info ][gc] GC(929) Pause Remark 221M->97M(512M) 1,039ms
[2022-10-30T11:51:28.691+0300][27,840s][info ][gc] GC(929) Pause Cleanup 137M->137M(512M) 0,059ms
[2022-10-30T11:51:28.691+0300][27,840s][info ][gc] GC(929) Concurrent Mark Cycle 27,784ms
[2022-10-30T11:51:28.728+0300][27,876s][info ][gc] GC(930) Pause Young (Prepare Mixed) (G1 Evacuation Pause) 160M->148M(512M) 27,623ms
[2022-10-30T11:51:28.739+0300][27,887s][info ][gc] GC(931) Pause Young (Mixed) (G1 Evacuation Pause) 160M->161M(512M) 6,497ms
[2022-10-30T11:51:28.811+0300][27,960s][info ][gc] GC(932) Pause Young (Normal) (G1 Evacuation Pause) 273M->274M(512M) 26,121ms
[2022-10-30T11:51:28.852+0300][28,001s][info ][gc] GC(933) Pause Young (Concurrent Start) (G1 Humongous Allocation) 312M->313M(512M) 15,727ms
[2022-10-30T11:51:28.852+0300][28,001s][info ][gc] GC(934) Concurrent Mark Cycle
[2022-10-30T11:51:28.866+0300][28,015s][debug][gc] GC(934) Reclaimed 249 empty regions
[2022-10-30T11:51:28.867+0300][28,015s][info ][gc] GC(934) Pause Remark 363M->114M(512M) 1,339ms
[2022-10-30T11:51:28.890+0300][28,039s][info ][gc] GC(935) Pause Young (Normal) (G1 Evacuation Pause) 128M->120M(512M) 17,714ms
[2022-10-30T11:51:28.903+0300][28,052s][info ][gc] GC(934) Pause Cleanup 152M->152M(512M) 0,078ms
[2022-10-30T11:51:28.903+0300][28,052s][info ][gc] GC(934) Concurrent Mark Cycle 51,141ms
[2022-10-30T11:51:28.978+0300][28,127s][info ][gc] GC(936) Pause Young (Prepare Mixed) (G1 Evacuation Pause) 245M->246M(512M) 35,977ms
[2022-10-30T11:51:28.990+0300][28,138s][info ][gc] GC(937) Pause Young (Mixed) (G1 Evacuation Pause) 257M->257M(512M) 6,737ms
[2022-10-30T11:51:29.033+0300][28,182s][info ][gc] GC(938) Pause Young (Concurrent Start) (G1 Evacuation Pause) 319M->320M(512M) 19,374ms
[2022-10-30T11:51:29.033+0300][28,182s][info ][gc] GC(939) Concurrent Mark Cycle
[2022-10-30T11:51:29.077+0300][28,226s][info ][gc] GC(940) Pause Young (Normal) (G1 Evacuation Pause) 382M->383M(512M) 14,923ms
[2022-10-30T11:51:29.095+0300][28,244s][info ][gc] GC(941) Pause Young (Normal) (G1 Evacuation Pause) 405M->407M(512M) 9,477ms
[2022-10-30T11:51:29.116+0300][28,265s][info ][gc] GC(942) Pause Young (Normal) (G1 Evacuation Pause) 428M->429M(512M) 10,286ms
[2022-10-30T11:51:29.120+0300][28,269s][debug][gc] GC(939) Reclaimed 161 empty regions
[2022-10-30T11:51:29.120+0300][28,269s][info ][gc] GC(939) Pause Remark 435M->274M(512M) 1,625ms
[2022-10-30T11:51:29.134+0300][28,283s][info ][gc] GC(943) Pause Young (Normal) (G1 Evacuation Pause) 289M->291M(512M) 8,312ms
[2022-10-30T11:51:29.186+0300][28,334s][info ][gc] GC(944) Pause Young (Normal) (G1 Evacuation Pause) 362M->363M(512M) 19,821ms
[2022-10-30T11:51:29.209+0300][28,358s][info ][gc] GC(945) Pause Young (Normal) (G1 Evacuation Pause) 392M->393M(512M) 12,545ms
[2022-10-30T11:51:29.229+0300][28,377s][info ][gc] GC(946) Pause Young (Normal) (G1 Evacuation Pause) 413M->414M(512M) 11,494ms
[2022-10-30T11:51:29.247+0300][28,396s][info ][gc] GC(947) Pause Young (Normal) (G1 Evacuation Pause) 435M->436M(512M) 10,363ms
[2022-10-30T11:51:29.249+0300][28,398s][info ][gc] GC(939) Pause Cleanup 439M->439M(512M) 0,131ms
[2022-10-30T11:51:29.249+0300][28,398s][info ][gc] GC(939) Concurrent Mark Cycle 216,468ms
[2022-10-30T11:51:29.280+0300][28,429s][info ][gc] GC(948) Pause Young (Prepare Mixed) (G1 Evacuation Pause) 477M->479M(512M) 12,974ms
[2022-10-30T11:51:29.290+0300][28,439s][info ][gc] GC(949) Pause Young (Mixed) (G1 Preventive Collection) 491M->487M(512M) 5,187ms
[2022-10-30T11:51:29.298+0300][28,446s][info ][gc] GC(950) Pause Young (Concurrent Start) (G1 Preventive Collection) 495M->496M(512M) 4,636ms
[2022-10-30T11:51:29.298+0300][28,447s][info ][gc] GC(951) Concurrent Mark Cycle
[2022-10-30T11:51:29.303+0300][28,452s][info ][gc] GC(952) Pause Young (Normal) (G1 Preventive Collection) 500M->500M(512M) 3,558ms
[2022-10-30T11:51:29.307+0300][28,456s][info ][gc] GC(953) Pause Young (Normal) (G1 Preventive Collection) 502M->503M(512M) 2,955ms
[2022-10-30T11:51:29.309+0300][28,457s][info ][gc] GC(954) Pause Young (Normal) (G1 Preventive Collection) 504M->504M(512M) 1,349ms
[2022-10-30T11:51:29.311+0300][28,460s][info ][gc] GC(955) Pause Young (Normal) (G1 Preventive Collection) 505M->505M(512M) 1,866ms
[2022-10-30T11:51:29.313+0300][28,462s][info ][gc] GC(956) Pause Young (Normal) (G1 Preventive Collection) 506M->506M(512M) 1,683ms
[2022-10-30T11:51:29.320+0300][28,469s][info ][gc] GC(957) Pause Young (Normal) (G1 Preventive Collection) (Evacuation Failure) 507M->507M(512M) 6,956ms
[2022-10-30T11:51:29.327+0300][28,476s][info ][gc] GC(958) Pause Young (Normal) (G1 Preventive Collection) (Evacuation Failure) 508M->509M(512M) 5,822ms
[2022-10-30T11:51:29.327+0300][28,476s][debug][gc] GC(959) Clear Next Bitmap 0,205ms
[2022-10-30T11:51:29.351+0300][28,500s][info ][gc] GC(959) Pause Full (G1 Compaction Pause) 509M->65M(512M) 24,584ms
[2022-10-30T11:51:29.352+0300][28,500s][info ][gc] GC(951) Concurrent Mark Cycle 53,754ms
[2022-10-30T11:51:29.412+0300][28,561s][info ][gc] GC(960) Pause Young (Concurrent Start) (G1 Humongous Allocation) 138M->138M(512M) 22,389ms
[2022-10-30T11:51:29.412+0300][28,561s][info ][gc] GC(961) Concurrent Mark Cycle
[2022-10-30T11:51:29.431+0300][28,579s][debug][gc] GC(961) Reclaimed 59 empty regions
[2022-10-30T11:51:29.431+0300][28,580s][info ][gc] GC(961) Pause Remark 199M->143M(512M) 1,593ms
[2022-10-30T11:51:29.479+0300][28,628s][info ][gc] GC(962) Pause Young (Normal) (G1 Evacuation Pause) 201M->186M(512M) 25,306ms
[2022-10-30T11:51:29.481+0300][28,630s][info ][gc] GC(961) Pause Cleanup 192M->192M(512M) 0,058ms
[2022-10-30T11:51:29.482+0300][28,630s][info ][gc] GC(961) Concurrent Mark Cycle 69,428ms
[2022-10-30T11:51:29.504+0300][28,652s][info ][gc] GC(963) Pause Young (Concurrent Start) (G1 Humongous Allocation) 202M->204M(512M) 8,278ms
[2022-10-30T11:51:29.504+0300][28,652s][info ][gc] GC(964) Concurrent Mark Cycle
[2022-10-30T11:51:29.514+0300][28,663s][debug][gc] GC(964) Reclaimed 162 empty regions
[2022-10-30T11:51:29.514+0300][28,663s][info ][gc] GC(964) Pause Remark 244M->82M(512M) 1,075ms
[2022-10-30T11:51:29.527+0300][28,676s][info ][gc] GC(964) Pause Cleanup 115M->115M(512M) 0,086ms
[2022-10-30T11:51:29.527+0300][28,676s][info ][gc] GC(964) Concurrent Mark Cycle 23,437ms
[2022-10-30T11:51:29.557+0300][28,706s][info ][gc] GC(965) Pause Young (Normal) (G1 Evacuation Pause) 141M->129M(512M) 19,997ms
[2022-10-30T11:51:29.594+0300][28,742s][info ][gc] GC(966) Pause Young (Concurrent Start) (G1 Humongous Allocation) 166M->166M(512M) 12,888ms
[2022-10-30T11:51:29.594+0300][28,742s][info ][gc] GC(967) Concurrent Mark Cycle
[2022-10-30T11:51:29.607+0300][28,755s][debug][gc] GC(967) Reclaimed 108 empty regions
[2022-10-30T11:51:29.607+0300][28,756s][info ][gc] GC(967) Pause Remark 215M->107M(512M) 0,906ms
[2022-10-30T11:51:29.625+0300][28,774s][info ][gc] GC(967) Pause Cleanup 153M->153M(512M) 0,092ms
[2022-10-30T11:51:29.625+0300][28,774s][info ][gc] GC(967) Concurrent Mark Cycle 31,508ms
[2022-10-30T11:51:29.658+0300][28,807s][info ][gc] GC(968) Pause Young (Normal) (G1 Evacuation Pause) 169M->155M(512M) 26,674ms
[2022-10-30T11:51:29.687+0300][28,836s][info ][gc] GC(969) Pause Young (Concurrent Start) (G1 Humongous Allocation) 179M->180M(512M) 9,857ms
[2022-10-30T11:51:29.687+0300][28,836s][info ][gc] GC(970) Concurrent Mark Cycle
[2022-10-30T11:51:29.698+0300][28,847s][debug][gc] GC(970) Reclaimed 130 empty regions
[2022-10-30T11:51:29.698+0300][28,847s][info ][gc] GC(970) Pause Remark 224M->94M(512M) 0,919ms
[2022-10-30T11:51:29.713+0300][28,862s][info ][gc] GC(970) Pause Cleanup 132M->132M(512M) 0,059ms
[2022-10-30T11:51:29.713+0300][28,862s][info ][gc] GC(970) Concurrent Mark Cycle 26,401ms
[2022-10-30T11:51:29.744+0300][28,893s][info ][gc] GC(971) Pause Young (Prepare Mixed) (G1 Evacuation Pause) 156M->143M(512M) 21,690ms
[2022-10-30T11:51:29.756+0300][28,905s][info ][gc] GC(972) Pause Young (Mixed) (G1 Evacuation Pause) 155M->155M(512M) 7,546ms
[2022-10-30T11:51:29.780+0300][28,929s][info ][gc] GC(973) Pause Young (Concurrent Start) (G1 Humongous Allocation) 172M->173M(512M) 6,738ms
[2022-10-30T11:51:29.780+0300][28,929s][info ][gc] GC(974) Concurrent Mark Cycle
[2022-10-30T11:51:29.788+0300][28,937s][debug][gc] GC(974) Reclaimed 139 empty regions
[2022-10-30T11:51:29.789+0300][28,937s][info ][gc] GC(974) Pause Remark 209M->70M(512M) 1,199ms
[2022-10-30T11:51:29.798+0300][28,947s][info ][gc] GC(974) Pause Cleanup 94M->94M(512M) 0,055ms
[2022-10-30T11:51:29.798+0300][28,947s][info ][gc] GC(974) Concurrent Mark Cycle 18,569ms
[2022-10-30T11:51:29.844+0300][28,992s][info ][gc] GC(975) Pause Young (Prepare Mixed) (G1 Evacuation Pause) 143M->131M(512M) 26,504ms
[2022-10-30T11:51:29.858+0300][29,007s][info ][gc] GC(976) Pause Young (Mixed) (G1 Evacuation Pause) 143M->144M(512M) 9,517ms
[2022-10-30T11:51:29.938+0300][29,086s][info ][gc] GC(977) Pause Young (Normal) (G1 Evacuation Pause) 261M->262M(512M) 31,130ms
[2022-10-30T11:51:29.972+0300][29,121s][info ][gc] GC(978) Pause Young (Concurrent Start) (G1 Humongous Allocation) 293M->295M(512M) 12,127ms
[2022-10-30T11:51:29.972+0300][29,121s][info ][gc] GC(979) Concurrent Mark Cycle
[2022-10-30T11:51:29.985+0300][29,134s][debug][gc] GC(979) Reclaimed 236 empty regions
[2022-10-30T11:51:29.985+0300][29,134s][info ][gc] GC(979) Pause Remark 342M->106M(512M) 1,392ms
[2022-10-30T11:51:30.011+0300][29,159s][info ][gc] GC(980) Pause Young (Normal) (G1 Evacuation Pause) 129M->120M(512M) 16,434ms
[2022-10-30T11:51:30.019+0300][29,168s][info ][gc] GC(979) Pause Cleanup 142M->142M(512M) 0,100ms
[2022-10-30T11:51:30.020+0300][29,168s][info ][gc] GC(979) Concurrent Mark Cycle 47,551ms
[2022-10-30T11:51:30.091+0300][29,240s][info ][gc] GC(981) Pause Young (Prepare Mixed) (G1 Evacuation Pause) 245M->246M(512M) 28,856ms
[2022-10-30T11:51:30.102+0300][29,251s][info ][gc] GC(982) Pause Young (Mixed) (G1 Evacuation Pause) 256M->256M(512M) 7,186ms
[2022-10-30T11:51:30.143+0300][29,292s][info ][gc] GC(983) Pause Young (Concurrent Start) (G1 Evacuation Pause) 318M->319M(512M) 17,337ms
[2022-10-30T11:51:30.143+0300][29,292s][info ][gc] GC(984) Concurrent Mark Cycle
[2022-10-30T11:51:30.185+0300][29,333s][info ][gc] GC(985) Pause Young (Normal) (G1 Evacuation Pause) 381M->382M(512M) 14,390ms
[2022-10-30T11:51:30.202+0300][29,351s][info ][gc] GC(986) Pause Young (Normal) (G1 Evacuation Pause) 405M->406M(512M) 8,647ms
[2022-10-30T11:51:30.218+0300][29,366s][info ][gc] GC(987) Pause Young (Normal) (G1 Evacuation Pause) 427M->428M(512M) 6,763ms
[2022-10-30T11:51:30.234+0300][29,383s][info ][gc] GC(988) Pause Young (Normal) (G1 Evacuation Pause) 449M->451M(512M) 8,035ms
[2022-10-30T11:51:30.238+0300][29,387s][debug][gc] GC(984) Reclaimed 147 empty regions
[2022-10-30T11:51:30.238+0300][29,387s][info ][gc] GC(984) Pause Remark 451M->304M(512M) 3,288ms
[2022-10-30T11:51:30.267+0300][29,416s][info ][gc] GC(989) Pause Young (Normal) (G1 Evacuation Pause) 345M->347M(512M) 9,319ms
[2022-10-30T11:51:30.291+0300][29,440s][info ][gc] GC(990) Pause Young (Normal) (G1 Evacuation Pause) 381M->382M(512M) 10,649ms
[2022-10-30T11:51:30.311+0300][29,460s][info ][gc] GC(991) Pause Young (Normal) (G1 Evacuation Pause) 405M->406M(512M) 8,577ms
[2022-10-30T11:51:30.327+0300][29,476s][info ][gc] GC(992) Pause Young (Normal) (G1 Evacuation Pause) 427M->429M(512M) 7,817ms
[2022-10-30T11:51:30.343+0300][29,492s][info ][gc] GC(993) Pause Young (Normal) (G1 Evacuation Pause) 450M->451M(512M) 8,043ms
[2022-10-30T11:51:30.354+0300][29,503s][info ][gc] GC(984) Pause Cleanup 456M->456M(512M) 0,134ms
[2022-10-30T11:51:30.355+0300][29,504s][info ][gc] GC(984) Concurrent Mark Cycle 211,865ms
[2022-10-30T11:51:30.368+0300][29,517s][info ][gc] GC(994) Pause Young (Prepare Mixed) (G1 Preventive Collection) 487M->487M(512M) 8,053ms
[2022-10-30T11:51:30.376+0300][29,524s][info ][gc] GC(995) Pause Young (Mixed) (G1 Preventive Collection) 495M->487M(512M) 3,927ms
[2022-10-30T11:51:30.383+0300][29,532s][info ][gc] GC(996) Pause Young (Concurrent Start) (G1 Preventive Collection) 495M->496M(512M) 3,984ms
[2022-10-30T11:51:30.383+0300][29,532s][info ][gc] GC(997) Concurrent Mark Cycle
[2022-10-30T11:51:30.388+0300][29,537s][info ][gc] GC(998) Pause Young (Normal) (G1 Preventive Collection) 500M->501M(512M) 3,399ms
[2022-10-30T11:51:30.391+0300][29,540s][info ][gc] GC(999) Pause Young (Normal) (G1 Preventive Collection) 503M->503M(512M) 2,238ms
[2022-10-30T11:51:30.393+0300][29,541s][info ][gc] GC(1000) Pause Young (Normal) (G1 Preventive Collection) 504M->504M(512M) 1,253ms
[2022-10-30T11:51:30.395+0300][29,544s][info ][gc] GC(1001) Pause Young (Normal) (G1 Preventive Collection) 505M->505M(512M) 1,552ms
[2022-10-30T11:51:30.397+0300][29,545s][info ][gc] GC(1002) Pause Young (Normal) (G1 Preventive Collection) 506M->506M(512M) 1,452ms
[2022-10-30T11:51:30.404+0300][29,552s][info ][gc] GC(1003) Pause Young (Normal) (G1 Preventive Collection) (Evacuation Failure) 507M->508M(512M) 6,388ms
[2022-10-30T11:51:30.413+0300][29,562s][info ][gc] GC(1004) Pause Young (Normal) (G1 Evacuation Pause) (Evacuation Failure) 509M->509M(512M) 8,535ms
[2022-10-30T11:51:30.413+0300][29,562s][debug][gc] GC(1005) Clear Next Bitmap 0,246ms
[2022-10-30T11:51:30.440+0300][29,589s][info ][gc] GC(1005) Pause Full (G1 Compaction Pause) 509M->61M(512M) 26,868ms
[2022-10-30T11:51:30.440+0300][29,589s][info ][gc] GC(997) Concurrent Mark Cycle 57,110ms
[2022-10-30T11:51:30.532+0300][29,681s][info ][gc] GC(1006) Pause Young (Normal) (G1 Evacuation Pause) 205M->205M(512M) 33,498ms
[2022-10-30T11:51:30.589+0300][29,738s][info ][gc] GC(1007) Pause Young (Concurrent Start) (G1 Humongous Allocation) 273M->274M(512M) 21,580ms
[2022-10-30T11:51:30.589+0300][29,738s][info ][gc] GC(1008) Concurrent Mark Cycle
[2022-10-30T11:51:30.610+0300][29,759s][debug][gc] GC(1008) Reclaimed 176 empty regions
[2022-10-30T11:51:30.610+0300][29,759s][info ][gc] GC(1008) Pause Remark 340M->165M(512M) 1,550ms
[2022-10-30T11:51:30.632+0300][29,781s][info ][gc] GC(1009) Pause Young (Normal) (G1 Evacuation Pause) 175M->164M(512M) 17,615ms
[2022-10-30T11:51:30.656+0300][29,805s][info ][gc] GC(1008) Pause Cleanup 223M->223M(512M) 0,097ms
[2022-10-30T11:51:30.656+0300][29,805s][info ][gc] GC(1008) Concurrent Mark Cycle 67,008ms
[2022-10-30T11:51:30.705+0300][29,853s][info ][gc] GC(1010) Pause Young (Prepare Mixed) (G1 Evacuation Pause) 275M->277M(512M) 26,270ms
[2022-10-30T11:51:30.717+0300][29,865s][info ][gc] GC(1011) Pause Young (Mixed) (G1 Evacuation Pause) 289M->289M(512M) 7,352ms
[2022-10-30T11:51:30.752+0300][29,901s][info ][gc] GC(1012) Pause Young (Concurrent Start) (G1 Evacuation Pause) 341M->343M(512M) 15,741ms
[2022-10-30T11:51:30.752+0300][29,901s][info ][gc] GC(1013) Concurrent Mark Cycle
[2022-10-30T11:51:30.789+0300][29,938s][info ][gc] GC(1014) Pause Young (Normal) (G1 Evacuation Pause) 398M->399M(512M) 12,142ms
[2022-10-30T11:51:30.804+0300][29,953s][info ][gc] GC(1015) Pause Young (Normal) (G1 Evacuation Pause) 418M->419M(512M) 7,312ms
[2022-10-30T11:51:30.821+0300][29,970s][info ][gc] GC(1016) Pause Young (Normal) (G1 Evacuation Pause) 440M->441M(512M) 7,478ms
[2022-10-30T11:51:30.828+0300][29,977s][debug][gc] GC(1013) Reclaimed 179 empty regions
[2022-10-30T11:51:30.828+0300][29,977s][info ][gc] GC(1013) Pause Remark 457M->278M(512M) 1,187ms
[2022-10-30T11:51:30.838+0300][29,987s][info ][gc] GC(1017) Pause Young (Normal) (G1 Evacuation Pause) 283M->284M(512M) 7,889ms
[2022-10-30T11:51:30.888+0300][30,037s][info ][gc] GC(1018) Pause Young (Normal) (G1 Evacuation Pause) 357M->358M(512M) 18,437ms
[2022-10-30T11:51:30.911+0300][30,060s][info ][gc] GC(1019) Pause Young (Normal) (G1 Evacuation Pause) 388M->390M(512M) 11,420ms
[2022-10-30T11:51:30.927+0300][30,076s][info ][gc] GC(1020) Pause Young (Normal) (G1 Evacuation Pause) 410M->411M(512M) 7,647ms
[2022-10-30T11:51:30.933+0300][30,082s][info ][gc] GC(1013) Pause Cleanup 428M->428M(512M) 0,137ms
[2022-10-30T11:51:30.934+0300][30,082s][info ][gc] GC(1013) Concurrent Mark Cycle 181,288ms
[2022-10-30T11:51:30.944+0300][30,092s][info ][gc] GC(1021) Pause Young (Prepare Mixed) (G1 Evacuation Pause) 432M->433M(512M) 8,276ms
[2022-10-30T11:51:30.960+0300][30,109s][info ][gc] GC(1022) Pause Young (Mixed) (G1 Evacuation Pause) 454M->438M(512M) 8,683ms
[2022-10-30T11:51:30.977+0300][30,126s][info ][gc] GC(1023) Pause Young (Concurrent Start) (G1 Humongous Allocation) 445M->447M(512M) 3,678ms
[2022-10-30T11:51:30.977+0300][30,126s][info ][gc] GC(1024) Concurrent Mark Cycle
[2022-10-30T11:51:30.984+0300][30,133s][debug][gc] GC(1024) Reclaimed 420 empty regions
[2022-10-30T11:51:30.984+0300][30,133s][info ][gc] GC(1024) Pause Remark 479M->59M(512M) 1,145ms
[2022-10-30T11:51:30.995+0300][30,144s][info ][gc] GC(1025) Pause Young (Normal) (G1 Evacuation Pause) 68M->65M(512M) 7,557ms
[2022-10-30T11:51:31.000+0300][30,149s][info ][gc] GC(1024) Pause Cleanup 73M->73M(512M) 0,088ms
[2022-10-30T11:51:31.001+0300][30,149s][info ][gc] GC(1024) Concurrent Mark Cycle 23,546ms
[2022-10-30T11:51:31.089+0300][30,238s][info ][gc] GC(1026) Pause Young (Prepare Mixed) (G1 Evacuation Pause) 208M->209M(512M) 33,446ms
[2022-10-30T11:51:31.100+0300][30,248s][info ][gc] GC(1027) Pause Young (Mixed) (G1 Evacuation Pause) 218M->219M(512M) 7,225ms
[2022-10-30T11:51:31.147+0300][30,296s][info ][gc] GC(1028) Pause Young (Concurrent Start) (G1 Evacuation Pause) 293M->294M(512M) 19,526ms
[2022-10-30T11:51:31.147+0300][30,296s][info ][gc] GC(1029) Concurrent Mark Cycle
[2022-10-30T11:51:31.196+0300][30,345s][info ][gc] GC(1030) Pause Young (Normal) (G1 Evacuation Pause) 364M->365M(512M) 16,175ms
[2022-10-30T11:51:31.217+0300][30,365s][info ][gc] GC(1031) Pause Young (Normal) (G1 Evacuation Pause) 393M->395M(512M) 9,707ms
[2022-10-30T11:51:31.222+0300][30,371s][debug][gc] GC(1029) Reclaimed 118 empty regions
[2022-10-30T11:51:31.222+0300][30,371s][info ][gc] GC(1029) Pause Remark 404M->286M(512M) 1,679ms
[2022-10-30T11:51:31.234+0300][30,383s][info ][gc] GC(1032) Pause Young (Normal) (G1 Evacuation Pause) 297M->299M(512M) 7,262ms
[2022-10-30T11:51:31.279+0300][30,427s][info ][gc] GC(1033) Pause Young (Normal) (G1 Evacuation Pause) 368M->369M(512M) 14,775ms
[2022-10-30T11:51:31.298+0300][30,447s][info ][gc] GC(1034) Pause Young (Normal) (G1 Evacuation Pause) 396M->397M(512M) 9,203ms
[2022-10-30T11:51:31.313+0300][30,462s][info ][gc] GC(1035) Pause Young (Normal) (G1 Evacuation Pause) 417M->419M(512M) 6,978ms
[2022-10-30T11:51:31.323+0300][30,472s][info ][gc] GC(1029) Pause Cleanup 434M->434M(512M) 0,108ms
[2022-10-30T11:51:31.324+0300][30,472s][info ][gc] GC(1029) Concurrent Mark Cycle 176,140ms
[2022-10-30T11:51:31.332+0300][30,481s][info ][gc] GC(1036) Pause Young (Prepare Mixed) (G1 Evacuation Pause) 440M->441M(512M) 6,727ms
[2022-10-30T11:51:31.361+0300][30,509s][info ][gc] GC(1037) Pause Young (Mixed) (G1 Preventive Collection) 481M->469M(512M) 9,460ms
[2022-10-30T11:51:31.374+0300][30,523s][info ][gc] GC(1038) Pause Young (Concurrent Start) (G1 Preventive Collection) 486M->487M(512M) 6,694ms
[2022-10-30T11:51:31.374+0300][30,523s][info ][gc] GC(1039) Concurrent Mark Cycle
[2022-10-30T11:51:31.382+0300][30,531s][info ][gc] GC(1040) Pause Young (Normal) (G1 Preventive Collection) 495M->496M(512M) 5,268ms
[2022-10-30T11:51:31.387+0300][30,536s][info ][gc] GC(1041) Pause Young (Normal) (G1 Preventive Collection) 500M->502M(512M) 2,716ms
[2022-10-30T11:51:31.389+0300][30,538s][info ][gc] GC(1042) Pause Young (Normal) (G1 Preventive Collection) 503M->503M(512M) 1,799ms
[2022-10-30T11:51:31.392+0300][30,541s][info ][gc] GC(1043) Pause Young (Normal) (G1 Preventive Collection) 505M->505M(512M) 1,694ms
[2022-10-30T11:51:31.397+0300][30,546s][info ][gc] GC(1044) Pause Young (Normal) (G1 Preventive Collection) (Evacuation Failure) 506M->507M(512M) 4,670ms
[2022-10-30T11:51:31.403+0300][30,551s][info ][gc] GC(1045) Pause Young (Normal) (G1 Preventive Collection) (Evacuation Failure) 508M->510M(512M) 4,868ms
[2022-10-30T11:51:31.403+0300][30,552s][debug][gc] GC(1046) Clear Next Bitmap 0,202ms
[2022-10-30T11:51:31.424+0300][30,573s][info ][gc] GC(1046) Pause Full (G1 Compaction Pause) 510M->60M(512M) 21,221ms
[2022-10-30T11:51:31.424+0300][30,573s][info ][gc] GC(1039) Concurrent Mark Cycle 49,824ms
[2022-10-30T11:51:31.484+0300][30,633s][info ][gc] GC(1047) Pause Young (Concurrent Start) (G1 Humongous Allocation) 139M->138M(512M) 20,045ms
[2022-10-30T11:51:31.484+0300][30,633s][info ][gc] GC(1048) Concurrent Mark Cycle
[2022-10-30T11:51:31.503+0300][30,651s][debug][gc] GC(1048) Reclaimed 57 empty regions
[2022-10-30T11:51:31.503+0300][30,651s][info ][gc] GC(1048) Pause Remark 201M->146M(512M) 0,951ms
[2022-10-30T11:51:31.553+0300][30,702s][info ][gc] GC(1049) Pause Young (Normal) (G1 Evacuation Pause) 202M->188M(512M) 28,671ms
[2022-10-30T11:51:31.557+0300][30,706s][info ][gc] GC(1048) Pause Cleanup 198M->198M(512M) 0,047ms
[2022-10-30T11:51:31.557+0300][30,706s][info ][gc] GC(1048) Concurrent Mark Cycle 73,447ms
[2022-10-30T11:51:31.578+0300][30,726s][info ][gc] GC(1050) Pause Young (Concurrent Start) (G1 Humongous Allocation) 204M->206M(512M) 8,172ms
[2022-10-30T11:51:31.578+0300][30,726s][info ][gc] GC(1051) Concurrent Mark Cycle
[2022-10-30T11:51:31.588+0300][30,737s][debug][gc] GC(1051) Reclaimed 166 empty regions
[2022-10-30T11:51:31.588+0300][30,737s][info ][gc] GC(1051) Pause Remark 247M->81M(512M) 1,016ms
[2022-10-30T11:51:31.601+0300][30,750s][info ][gc] GC(1051) Pause Cleanup 114M->114M(512M) 0,061ms
[2022-10-30T11:51:31.601+0300][30,750s][info ][gc] GC(1051) Concurrent Mark Cycle 23,389ms
[2022-10-30T11:51:31.633+0300][30,782s][info ][gc] GC(1052) Pause Young (Normal) (G1 Evacuation Pause) 138M->126M(512M) 23,259ms
[2022-10-30T11:51:31.670+0300][30,818s][info ][gc] GC(1053) Pause Young (Concurrent Start) (G1 Humongous Allocation) 163M->164M(512M) 12,296ms
[2022-10-30T11:51:31.670+0300][30,819s][info ][gc] GC(1054) Concurrent Mark Cycle
[2022-10-30T11:51:31.683+0300][30,832s][debug][gc] GC(1054) Reclaimed 108 empty regions
[2022-10-30T11:51:31.683+0300][30,832s][info ][gc] GC(1054) Pause Remark 213M->105M(512M) 0,903ms
[2022-10-30T11:51:31.703+0300][30,852s][info ][gc] GC(1054) Pause Cleanup 153M->153M(512M) 0,054ms
[2022-10-30T11:51:31.703+0300][30,852s][info ][gc] GC(1054) Concurrent Mark Cycle 33,392ms
[2022-10-30T11:51:31.735+0300][30,883s][info ][gc] GC(1055) Pause Young (Normal) (G1 Evacuation Pause) 167M->153M(512M) 26,376ms
[2022-10-30T11:51:31.765+0300][30,913s][info ][gc] GC(1056) Pause Young (Concurrent Start) (G1 Humongous Allocation) 178M->179M(512M) 10,387ms
[2022-10-30T11:51:31.765+0300][30,914s][info ][gc] GC(1057) Concurrent Mark Cycle
[2022-10-30T11:51:31.777+0300][30,926s][debug][gc] GC(1057) Reclaimed 130 empty regions
[2022-10-30T11:51:31.777+0300][30,926s][info ][gc] GC(1057) Pause Remark 223M->93M(512M) 1,162ms
[2022-10-30T11:51:31.792+0300][30,941s][info ][gc] GC(1057) Pause Cleanup 132M->132M(512M) 0,053ms
[2022-10-30T11:51:31.792+0300][30,941s][info ][gc] GC(1057) Concurrent Mark Cycle 27,578ms
[2022-10-30T11:51:31.833+0300][30,982s][info ][gc] GC(1058) Pause Young (Normal) (G1 Evacuation Pause) 156M->144M(512M) 31,735ms
[2022-10-30T11:51:31.868+0300][31,017s][info ][gc] GC(1059) Pause Young (Concurrent Start) (G1 Humongous Allocation) 172M->173M(512M) 14,373ms
[2022-10-30T11:51:31.868+0300][31,017s][info ][gc] GC(1060) Concurrent Mark Cycle
[2022-10-30T11:51:31.881+0300][31,030s][debug][gc] GC(1060) Reclaimed 108 empty regions
[2022-10-30T11:51:31.881+0300][31,030s][info ][gc] GC(1060) Pause Remark 219M->111M(512M) 1,632ms
[2022-10-30T11:51:31.897+0300][31,046s][info ][gc] GC(1060) Pause Cleanup 153M->153M(512M) 0,081ms
[2022-10-30T11:51:31.898+0300][31,046s][info ][gc] GC(1060) Concurrent Mark Cycle 29,543ms
[2022-10-30T11:51:31.932+0300][31,081s][info ][gc] GC(1061) Pause Young (Prepare Mixed) (G1 Evacuation Pause) 174M->162M(512M) 26,708ms
[2022-10-30T11:51:31.949+0300][31,098s][info ][gc] GC(1062) Pause Young (Mixed) (G1 Evacuation Pause) 174M->173M(512M) 11,924ms
[2022-10-30T11:51:31.970+0300][31,119s][info ][gc] GC(1063) Pause Young (Concurrent Start) (G1 Humongous Allocation) 187M->189M(512M) 5,724ms
[2022-10-30T11:51:31.970+0300][31,119s][info ][gc] GC(1064) Concurrent Mark Cycle
[2022-10-30T11:51:31.979+0300][31,128s][debug][gc] GC(1064) Reclaimed 147 empty regions
[2022-10-30T11:51:31.979+0300][31,128s][info ][gc] GC(1064) Pause Remark 224M->77M(512M) 1,761ms
[2022-10-30T11:51:31.988+0300][31,137s][info ][gc] GC(1064) Pause Cleanup 101M->101M(512M) 0,068ms
[2022-10-30T11:51:31.989+0300][31,138s][info ][gc] GC(1064) Concurrent Mark Cycle 18,531ms
[2022-10-30T11:51:32.031+0300][31,180s][info ][gc] GC(1065) Pause Young (Prepare Mixed) (G1 Evacuation Pause) 145M->134M(512M) 25,962ms
[2022-10-30T11:51:32.047+0300][31,195s][info ][gc] GC(1066) Pause Young (Mixed) (G1 Evacuation Pause) 147M->146M(512M) 10,162ms
[2022-10-30T11:51:32.079+0300][31,228s][info ][gc] GC(1067) Pause Young (Concurrent Start) (G1 Humongous Allocation) 165M->166M(512M) 14,919ms
[2022-10-30T11:51:32.079+0300][31,228s][info ][gc] GC(1068) Concurrent Mark Cycle
[2022-10-30T11:51:32.090+0300][31,239s][debug][gc] GC(1068) Reclaimed 120 empty regions
[2022-10-30T11:51:32.090+0300][31,239s][info ][gc] GC(1068) Pause Remark 204M->84M(512M) 2,892ms
[2022-10-30T11:51:32.118+0300][31,267s][info ][gc] GC(1068) Pause Cleanup 156M->156M(512M) 0,072ms
[2022-10-30T11:51:32.164+0300][31,313s][info ][gc] GC(1069) Pause Young (Prepare Mixed) (G1 Evacuation Pause) 157M->145M(512M) 46,101ms
[2022-10-30T11:51:32.165+0300][31,313s][info ][gc] GC(1068) Concurrent Mark Cycle 85,745ms
[2022-10-30T11:51:32.182+0300][31,330s][info ][gc] GC(1070) Pause Young (Mixed) (G1 Evacuation Pause) 157M->157M(512M) 12,676ms
[2022-10-30T11:51:32.203+0300][31,352s][info ][gc] GC(1071) Pause Young (Concurrent Start) (G1 Humongous Allocation) 169M->170M(512M) 6,946ms
[2022-10-30T11:51:32.203+0300][31,352s][info ][gc] GC(1072) Concurrent Mark Cycle
[2022-10-30T11:51:32.214+0300][31,362s][debug][gc] GC(1072) Reclaimed 130 empty regions
[2022-10-30T11:51:32.214+0300][31,363s][info ][gc] GC(1072) Pause Remark 206M->76M(512M) 3,004ms
[2022-10-30T11:51:32.223+0300][31,372s][info ][gc] GC(1072) Pause Cleanup 99M->99M(512M) 0,101ms
[2022-10-30T11:51:32.223+0300][31,372s][info ][gc] GC(1072) Concurrent Mark Cycle 19,951ms
[2022-10-30T11:51:32.269+0300][31,418s][info ][gc] GC(1073) Pause Young (Prepare Mixed) (G1 Evacuation Pause) 150M->137M(512M) 26,686ms
[2022-10-30T11:51:32.284+0300][31,433s][info ][gc] GC(1074) Pause Young (Mixed) (G1 Evacuation Pause) 149M->149M(512M) 10,573ms
[2022-10-30T11:51:32.363+0300][31,512s][info ][gc] GC(1075) Pause Young (Normal) (G1 Evacuation Pause) 265M->266M(512M) 31,036ms
[2022-10-30T11:51:32.402+0300][31,550s][info ][gc] GC(1076) Pause Young (Concurrent Start) (G1 Humongous Allocation) 297M->298M(512M) 15,907ms
[2022-10-30T11:51:32.402+0300][31,550s][info ][gc] GC(1077) Concurrent Mark Cycle
[2022-10-30T11:51:32.415+0300][31,564s][debug][gc] GC(1077) Reclaimed 231 empty regions
[2022-10-30T11:51:32.415+0300][31,564s][info ][gc] GC(1077) Pause Remark 346M->115M(512M) 1,483ms
[2022-10-30T11:51:32.440+0300][31,589s][info ][gc] GC(1078) Pause Young (Normal) (G1 Evacuation Pause) 136M->129M(512M) 16,971ms
[2022-10-30T11:51:32.449+0300][31,598s][info ][gc] GC(1077) Pause Cleanup 150M->150M(512M) 0,061ms
[2022-10-30T11:51:32.449+0300][31,598s][info ][gc] GC(1077) Concurrent Mark Cycle 47,697ms
[2022-10-30T11:51:32.537+0300][31,685s][info ][gc] GC(1079) Pause Young (Prepare Mixed) (G1 Evacuation Pause) 251M->252M(512M) 45,624ms
[2022-10-30T11:51:32.550+0300][31,698s][info ][gc] GC(1080) Pause Young (Mixed) (G1 Evacuation Pause) 263M->263M(512M) 8,598ms
[2022-10-30T11:51:32.590+0300][31,739s][info ][gc] GC(1081) Pause Young (Concurrent Start) (G1 Evacuation Pause) 323M->325M(512M) 17,457ms
[2022-10-30T11:51:32.590+0300][31,739s][info ][gc] GC(1082) Concurrent Mark Cycle
[2022-10-30T11:51:32.632+0300][31,781s][info ][gc] GC(1083) Pause Young (Normal) (G1 Evacuation Pause) 385M->386M(512M) 15,105ms
[2022-10-30T11:51:32.649+0300][31,797s][info ][gc] GC(1084) Pause Young (Normal) (G1 Evacuation Pause) 407M->408M(512M) 8,321ms
[2022-10-30T11:51:32.665+0300][31,813s][info ][gc] GC(1085) Pause Young (Normal) (G1 Evacuation Pause) 429M->430M(512M) 7,689ms
[2022-10-30T11:51:32.680+0300][31,829s][info ][gc] GC(1086) Pause Young (Normal) (G1 Evacuation Pause) 451M->453M(512M) 7,455ms
[2022-10-30T11:51:32.682+0300][31,831s][debug][gc] GC(1082) Reclaimed 160 empty regions
[2022-10-30T11:51:32.682+0300][31,831s][info ][gc] GC(1082) Pause Remark 455M->295M(512M) 1,002ms
[2022-10-30T11:51:32.710+0300][31,859s][info ][gc] GC(1087) Pause Young (Normal) (G1 Evacuation Pause) 334M->336M(512M) 9,051ms
[2022-10-30T11:51:32.740+0300][31,889s][info ][gc] GC(1088) Pause Young (Normal) (G1 Evacuation Pause) 373M->374M(512M) 12,458ms
[2022-10-30T11:51:32.759+0300][31,908s][info ][gc] GC(1089) Pause Young (Normal) (G1 Evacuation Pause) 399M->400M(512M) 9,265ms
[2022-10-30T11:51:32.774+0300][31,923s][info ][gc] GC(1090) Pause Young (Normal) (G1 Evacuation Pause) 421M->422M(512M) 6,719ms
[2022-10-30T11:51:32.790+0300][31,938s][info ][gc] GC(1091) Pause Young (Normal) (G1 Evacuation Pause) 443M->444M(512M) 7,455ms
[2022-10-30T11:51:32.794+0300][31,943s][info ][gc] GC(1082) Pause Cleanup 454M->454M(512M) 0,121ms
[2022-10-30T11:51:32.794+0300][31,943s][info ][gc] GC(1082) Concurrent Mark Cycle 204,349ms
[2022-10-30T11:51:32.816+0300][31,965s][info ][gc] GC(1092) Pause Young (Prepare Mixed) (G1 Preventive Collection) 483M->486M(512M) 8,332ms
[2022-10-30T11:51:32.823+0300][31,972s][info ][gc] GC(1093) Pause Young (Mixed) (G1 Preventive Collection) 494M->488M(512M) 3,516ms
[2022-10-30T11:51:32.830+0300][31,979s][info ][gc] GC(1094) Pause Young (Concurrent Start) (G1 Preventive Collection) 496M->497M(512M) 3,744ms
[2022-10-30T11:51:32.830+0300][31,979s][info ][gc] GC(1095) Concurrent Mark Cycle
[2022-10-30T11:51:32.835+0300][31,984s][info ][gc] GC(1096) Pause Young (Normal) (G1 Preventive Collection) 501M->502M(512M) 3,239ms
[2022-10-30T11:51:32.840+0300][31,988s][info ][gc] GC(1097) Pause Young (Normal) (G1 Preventive Collection) 503M->504M(512M) 1,850ms
[2022-10-30T11:51:32.842+0300][31,990s][info ][gc] GC(1098) Pause Young (Normal) (G1 Preventive Collection) 506M->505M(512M) 1,088ms
[2022-10-30T11:51:32.844+0300][31,993s][info ][gc] GC(1099) Pause Young (Normal) (G1 Preventive Collection) 506M->506M(512M) 1,835ms
[2022-10-30T11:51:32.846+0300][31,994s][info ][gc] GC(1100) Pause Young (Normal) (G1 Preventive Collection) (Evacuation Failure) 507M->509M(512M) 1,237ms
[2022-10-30T11:51:32.859+0300][32,008s][info ][gc] GC(1101) Pause Young (Normal) (G1 Evacuation Pause) (Evacuation Failure) 510M->510M(512M) 13,336ms
[2022-10-30T11:51:32.860+0300][32,008s][debug][gc] GC(1102) Clear Next Bitmap 0,290ms
[2022-10-30T11:51:32.880+0300][32,029s][info ][gc] GC(1102) Pause Full (G1 Compaction Pause) 510M->59M(512M) 20,412ms
[2022-10-30T11:51:32.881+0300][32,029s][info ][gc] GC(1095) Concurrent Mark Cycle 50,550ms
[2022-10-30T11:51:32.972+0300][32,121s][info ][gc] GC(1103) Pause Young (Normal) (G1 Evacuation Pause) 203M->204M(512M) 34,025ms
[2022-10-30T11:51:33.030+0300][32,179s][info ][gc] GC(1104) Pause Young (Concurrent Start) (G1 Humongous Allocation) 274M->275M(512M) 21,370ms
[2022-10-30T11:51:33.030+0300][32,179s][info ][gc] GC(1105) Concurrent Mark Cycle
[2022-10-30T11:51:33.050+0300][32,199s][debug][gc] GC(1105) Reclaimed 180 empty regions
[2022-10-30T11:51:33.051+0300][32,199s][info ][gc] GC(1105) Pause Remark 342M->165M(512M) 1,258ms
[2022-10-30T11:51:33.071+0300][32,220s][info ][gc] GC(1106) Pause Young (Normal) (G1 Evacuation Pause) 173M->162M(512M) 17,272ms
[2022-10-30T11:51:33.096+0300][32,245s][info ][gc] GC(1105) Pause Cleanup 222M->222M(512M) 0,125ms
[2022-10-30T11:51:33.096+0300][32,245s][info ][gc] GC(1105) Concurrent Mark Cycle 66,238ms
[2022-10-30T11:51:33.143+0300][32,291s][info ][gc] GC(1107) Pause Young (Prepare Mixed) (G1 Evacuation Pause) 274M->276M(512M) 26,015ms
[2022-10-30T11:51:33.154+0300][32,303s][info ][gc] GC(1108) Pause Young (Mixed) (G1 Evacuation Pause) 288M->288M(512M) 6,751ms
[2022-10-30T11:51:33.189+0300][32,338s][info ][gc] GC(1109) Pause Young (Concurrent Start) (G1 Evacuation Pause) 340M->341M(512M) 15,200ms
[2022-10-30T11:51:33.189+0300][32,338s][info ][gc] GC(1110) Concurrent Mark Cycle
[2022-10-30T11:51:33.227+0300][32,375s][info ][gc] GC(1111) Pause Young (Normal) (G1 Evacuation Pause) 396M->397M(512M) 12,722ms
[2022-10-30T11:51:33.244+0300][32,392s][info ][gc] GC(1112) Pause Young (Normal) (G1 Evacuation Pause) 416M->418M(512M) 7,133ms
[2022-10-30T11:51:33.260+0300][32,408s][info ][gc] GC(1113) Pause Young (Normal) (G1 Evacuation Pause) 439M->440M(512M) 7,598ms
[2022-10-30T11:51:33.267+0300][32,416s][debug][gc] GC(1110) Reclaimed 193 empty regions
[2022-10-30T11:51:33.267+0300][32,416s][info ][gc] GC(1110) Pause Remark 457M->264M(512M) 1,158ms
[2022-10-30T11:51:33.276+0300][32,425s][info ][gc] GC(1114) Pause Young (Normal) (G1 Evacuation Pause) 268M->269M(512M) 7,162ms
[2022-10-30T11:51:33.330+0300][32,478s][info ][gc] GC(1115) Pause Young (Normal) (G1 Evacuation Pause) 347M->349M(512M) 19,740ms
[2022-10-30T11:51:33.357+0300][32,505s][info ][gc] GC(1116) Pause Young (Normal) (G1 Evacuation Pause) 382M->383M(512M) 11,044ms
[2022-10-30T11:51:33.363+0300][32,512s][info ][gc] GC(1110) Pause Cleanup 400M->400M(512M) 0,092ms
[2022-10-30T11:51:33.364+0300][32,512s][info ][gc] GC(1110) Concurrent Mark Cycle 174,372ms
[2022-10-30T11:51:33.374+0300][32,523s][info ][gc] GC(1117) Pause Young (Prepare Mixed) (G1 Evacuation Pause) 405M->407M(512M) 8,544ms
[2022-10-30T11:51:33.390+0300][32,539s][info ][gc] GC(1118) Pause Young (Mixed) (G1 Evacuation Pause) 428M->424M(512M) 7,853ms
[2022-10-30T11:51:33.414+0300][32,562s][info ][gc] GC(1119) Pause Young (Concurrent Start) (G1 Humongous Allocation) 442M->443M(512M) 6,450ms
[2022-10-30T11:51:33.414+0300][32,562s][info ][gc] GC(1120) Concurrent Mark Cycle
[2022-10-30T11:51:33.423+0300][32,572s][debug][gc] GC(1120) Reclaimed 408 empty regions
[2022-10-30T11:51:33.423+0300][32,572s][info ][gc] GC(1120) Pause Remark 481M->73M(512M) 1,478ms
[2022-10-30T11:51:33.433+0300][32,581s][info ][gc] GC(1121) Pause Young (Normal) (G1 Evacuation Pause) 76M->73M(512M) 7,961ms
[2022-10-30T11:51:33.443+0300][32,592s][info ][gc] GC(1120) Pause Cleanup 101M->101M(512M) 0,089ms
[2022-10-30T11:51:33.444+0300][32,592s][info ][gc] GC(1120) Concurrent Mark Cycle 29,883ms
[2022-10-30T11:51:33.522+0300][32,670s][info ][gc] GC(1122) Pause Young (Prepare Mixed) (G1 Evacuation Pause) 213M->214M(512M) 32,219ms
[2022-10-30T11:51:33.532+0300][32,681s][info ][gc] GC(1123) Pause Young (Mixed) (G1 Evacuation Pause) 223M->224M(512M) 6,745ms
[2022-10-30T11:51:33.579+0300][32,727s][info ][gc] GC(1124) Pause Young (Concurrent Start) (G1 Evacuation Pause) 296M->298M(512M) 19,406ms
[2022-10-30T11:51:33.579+0300][32,728s][info ][gc] GC(1125) Concurrent Mark Cycle
[2022-10-30T11:51:33.624+0300][32,773s][info ][gc] GC(1126) Pause Young (Normal) (G1 Evacuation Pause) 367M->368M(512M) 15,587ms
[2022-10-30T11:51:33.644+0300][32,793s][info ][gc] GC(1127) Pause Young (Normal) (G1 Evacuation Pause) 395M->396M(512M) 9,376ms
[2022-10-30T11:51:33.650+0300][32,798s][debug][gc] GC(1125) Reclaimed 131 empty regions
[2022-10-30T11:51:33.650+0300][32,799s][info ][gc] GC(1125) Pause Remark 408M->277M(512M) 1,146ms
[2022-10-30T11:51:33.660+0300][32,809s][info ][gc] GC(1128) Pause Young (Normal) (G1 Evacuation Pause) 285M->286M(512M) 7,032ms
[2022-10-30T11:51:33.708+0300][32,857s][info ][gc] GC(1129) Pause Young (Normal) (G1 Evacuation Pause) 359M->361M(512M) 15,608ms
[2022-10-30T11:51:33.730+0300][32,879s][info ][gc] GC(1130) Pause Young (Normal) (G1 Evacuation Pause) 390M->391M(512M) 10,850ms
[2022-10-30T11:51:33.746+0300][32,895s][info ][gc] GC(1131) Pause Young (Normal) (G1 Evacuation Pause) 411M->411M(512M) 6,827ms
[2022-10-30T11:51:33.751+0300][32,899s][info ][gc] GC(1125) Pause Cleanup 423M->423M(512M) 0,140ms
[2022-10-30T11:51:33.751+0300][32,900s][info ][gc] GC(1125) Concurrent Mark Cycle 172,314ms
[2022-10-30T11:51:33.762+0300][32,911s][info ][gc] GC(1132) Pause Young (Prepare Mixed) (G1 Evacuation Pause) 432M->434M(512M) 7,948ms
[2022-10-30T11:51:33.791+0300][32,940s][info ][gc] GC(1133) Pause Young (Mixed) (G1 Evacuation Pause) 475M->468M(512M) 9,722ms
[2022-10-30T11:51:33.804+0300][32,953s][info ][gc] GC(1134) Pause Young (Concurrent Start) (G1 Preventive Collection) 485M->486M(512M) 6,636ms
[2022-10-30T11:51:33.804+0300][32,953s][info ][gc] GC(1135) Concurrent Mark Cycle
[2022-10-30T11:51:33.814+0300][32,963s][info ][gc] GC(1136) Pause Young (Normal) (G1 Preventive Collection) 495M->496M(512M) 5,689ms
[2022-10-30T11:51:33.823+0300][32,971s][info ][gc] GC(1137) Pause Young (Normal) (G1 Preventive Collection) 500M->501M(512M) 3,643ms
[2022-10-30T11:51:33.827+0300][32,975s][info ][gc] GC(1138) Pause Young (Normal) (G1 Preventive Collection) 503M->504M(512M) 3,108ms
[2022-10-30T11:51:33.829+0300][32,977s][info ][gc] GC(1139) Pause Young (Normal) (G1 Preventive Collection) 505M->505M(512M) 1,344ms
[2022-10-30T11:51:33.831+0300][32,980s][info ][gc] GC(1140) Pause Young (Normal) (G1 Preventive Collection) 506M->506M(512M) 1,834ms
[2022-10-30T11:51:33.833+0300][32,982s][info ][gc] GC(1141) Pause Young (Normal) (G1 Preventive Collection) 507M->507M(512M) 1,412ms
[2022-10-30T11:51:33.839+0300][32,988s][info ][gc] GC(1142) Pause Young (Normal) (G1 Preventive Collection) (Evacuation Failure) 508M->510M(512M) 5,676ms
[2022-10-30T11:51:33.839+0300][32,988s][debug][gc] GC(1143) Clear Next Bitmap 0,193ms
[2022-10-30T11:51:33.870+0300][33,018s][info ][gc] GC(1143) Pause Full (G1 Compaction Pause) 510M->62M(512M) 30,394ms
[2022-10-30T11:51:33.870+0300][33,019s][info ][gc] GC(1135) Concurrent Mark Cycle 65,424ms
[2022-10-30T11:51:33.934+0300][33,083s][info ][gc] GC(1144) Pause Young (Concurrent Start) (G1 Humongous Allocation) 139M->139M(512M) 25,571ms
[2022-10-30T11:51:33.935+0300][33,083s][info ][gc] GC(1145) Concurrent Mark Cycle
[2022-10-30T11:51:33.970+0300][33,119s][debug][gc] GC(1145) Reclaimed 54 empty regions
[2022-10-30T11:51:33.971+0300][33,119s][info ][gc] GC(1145) Pause Remark 243M->190M(512M) 2,307ms
[2022-10-30T11:51:34.018+0300][33,167s][info ][gc] GC(1146) Pause Young (Normal) (G1 Evacuation Pause) 205M->190M(512M) 41,755ms
[2022-10-30T11:51:34.039+0300][33,188s][info ][gc] GC(1145) Pause Cleanup 234M->234M(512M) 0,067ms
[2022-10-30T11:51:34.040+0300][33,189s][info ][gc] GC(1145) Concurrent Mark Cycle 105,215ms
[2022-10-30T11:51:34.102+0300][33,251s][info ][gc] GC(1147) Pause Young (Normal) (G1 Evacuation Pause) 293M->294M(512M) 40,096ms
[2022-10-30T11:51:34.153+0300][33,302s][info ][gc] GC(1148) Pause Young (Concurrent Start) (G1 Humongous Allocation) 342M->343M(512M) 22,135ms
[2022-10-30T11:51:34.153+0300][33,302s][info ][gc] GC(1149) Concurrent Mark Cycle
[2022-10-30T11:51:34.186+0300][33,335s][info ][gc] GC(1150) Pause Young (Normal) (G1 Evacuation Pause) 398M->400M(512M) 17,340ms
[2022-10-30T11:51:34.188+0300][33,337s][debug][gc] GC(1149) Reclaimed 272 empty regions
[2022-10-30T11:51:34.188+0300][33,337s][info ][gc] GC(1149) Pause Remark 402M->130M(512M) 1,752ms
[2022-10-30T11:51:34.205+0300][33,354s][info ][gc] GC(1151) Pause Young (Normal) (G1 Evacuation Pause) 147M->148M(512M) 10,254ms
[2022-10-30T11:51:34.229+0300][33,378s][info ][gc] GC(1149) Pause Cleanup 209M->209M(512M) 0,098ms
[2022-10-30T11:51:34.230+0300][33,378s][info ][gc] GC(1149) Concurrent Mark Cycle 76,457ms
[2022-10-30T11:51:34.267+0300][33,415s][info ][gc] GC(1152) Pause Young (Concurrent Start) (G1 Humongous Allocation) 209M->211M(512M) 27,593ms
[2022-10-30T11:51:34.267+0300][33,415s][info ][gc] GC(1153) Concurrent Mark Cycle
[2022-10-30T11:51:34.284+0300][33,432s][debug][gc] GC(1153) Reclaimed 135 empty regions
[2022-10-30T11:51:34.284+0300][33,433s][info ][gc] GC(1153) Pause Remark 269M->134M(512M) 1,322ms
[2022-10-30T11:51:34.319+0300][33,468s][info ][gc] GC(1154) Pause Young (Normal) (G1 Evacuation Pause) 172M->160M(512M) 20,229ms
[2022-10-30T11:51:34.326+0300][33,475s][info ][gc] GC(1153) Pause Cleanup 178M->178M(512M) 0,087ms
[2022-10-30T11:51:34.326+0300][33,475s][info ][gc] GC(1153) Concurrent Mark Cycle 59,609ms
[2022-10-30T11:51:34.360+0300][33,509s][info ][gc] GC(1155) Pause Young (Concurrent Start) (G1 Humongous Allocation) 199M->201M(512M) 15,925ms
[2022-10-30T11:51:34.360+0300][33,509s][info ][gc] GC(1156) Concurrent Mark Cycle
[2022-10-30T11:51:34.378+0300][33,526s][debug][gc] GC(1156) Reclaimed 139 empty regions
[2022-10-30T11:51:34.378+0300][33,526s][info ][gc] GC(1156) Pause Remark 251M->112M(512M) 4,533ms
[2022-10-30T11:51:34.421+0300][33,569s][info ][gc] GC(1157) Pause Young (Normal) (G1 Evacuation Pause) 162M->150M(512M) 23,977ms
[2022-10-30T11:51:34.421+0300][33,570s][info ][gc] GC(1156) Pause Cleanup 152M->152M(512M) 0,056ms
[2022-10-30T11:51:34.422+0300][33,571s][info ][gc] GC(1156) Concurrent Mark Cycle 61,497ms
[2022-10-30T11:51:34.460+0300][33,609s][info ][gc] GC(1158) Pause Young (Concurrent Start) (G1 Humongous Allocation) 185M->186M(512M) 15,785ms
[2022-10-30T11:51:34.460+0300][33,609s][info ][gc] GC(1159) Concurrent Mark Cycle
[2022-10-30T11:51:34.473+0300][33,622s][debug][gc] GC(1159) Reclaimed 129 empty regions
[2022-10-30T11:51:34.474+0300][33,622s][info ][gc] GC(1159) Pause Remark 235M->106M(512M) 1,218ms
[2022-10-30T11:51:34.491+0300][33,640s][info ][gc] GC(1159) Pause Cleanup 152M->152M(512M) 0,061ms
[2022-10-30T11:51:34.492+0300][33,640s][info ][gc] GC(1159) Concurrent Mark Cycle 31,410ms
[2022-10-30T11:51:34.517+0300][33,666s][info ][gc] GC(1160) Pause Young (Normal) (G1 Evacuation Pause) 161M->148M(512M) 22,381ms
[2022-10-30T11:51:34.552+0300][33,701s][info ][gc] GC(1161) Pause Young (Concurrent Start) (G1 Humongous Allocation) 179M->180M(512M) 13,348ms
[2022-10-30T11:51:34.553+0300][33,701s][info ][gc] GC(1162) Concurrent Mark Cycle
[2022-10-30T11:51:34.565+0300][33,714s][debug][gc] GC(1162) Reclaimed 125 empty regions
[2022-10-30T11:51:34.565+0300][33,714s][info ][gc] GC(1162) Pause Remark 227M->102M(512M) 1,030ms
[2022-10-30T11:51:34.582+0300][33,731s][info ][gc] GC(1162) Pause Cleanup 146M->146M(512M) 0,086ms
[2022-10-30T11:51:34.582+0300][33,731s][info ][gc] GC(1162) Concurrent Mark Cycle 29,808ms
[2022-10-30T11:51:34.616+0300][33,764s][info ][gc] GC(1163) Pause Young (Normal) (G1 Evacuation Pause) 161M->149M(512M) 27,779ms
[2022-10-30T11:51:34.648+0300][33,797s][info ][gc] GC(1164) Pause Young (Concurrent Start) (G1 Humongous Allocation) 178M->179M(512M) 11,018ms
[2022-10-30T11:51:34.648+0300][33,797s][info ][gc] GC(1165) Concurrent Mark Cycle
[2022-10-30T11:51:34.660+0300][33,809s][debug][gc] GC(1165) Reclaimed 127 empty regions
[2022-10-30T11:51:34.660+0300][33,809s][info ][gc] GC(1165) Pause Remark 225M->98M(512M) 1,376ms
[2022-10-30T11:51:34.677+0300][33,826s][info ][gc] GC(1165) Pause Cleanup 140M->140M(512M) 0,112ms
[2022-10-30T11:51:34.677+0300][33,826s][info ][gc] GC(1165) Concurrent Mark Cycle 29,240ms
[2022-10-30T11:51:34.706+0300][33,855s][info ][gc] GC(1166) Pause Young (Normal) (G1 Evacuation Pause) 159M->146M(512M) 21,741ms
[2022-10-30T11:51:34.738+0300][33,887s][info ][gc] GC(1167) Pause Young (Concurrent Start) (G1 Humongous Allocation) 174M->175M(512M) 11,486ms
[2022-10-30T11:51:34.738+0300][33,887s][info ][gc] GC(1168) Concurrent Mark Cycle
[2022-10-30T11:51:34.753+0300][33,902s][debug][gc] GC(1168) Reclaimed 124 empty regions
[2022-10-30T11:51:34.754+0300][33,902s][info ][gc] GC(1168) Pause Remark 220M->96M(512M) 4,522ms
[2022-10-30T11:51:34.770+0300][33,918s][info ][gc] GC(1168) Pause Cleanup 137M->137M(512M) 0,059ms
[2022-10-30T11:51:34.770+0300][33,919s][info ][gc] GC(1168) Concurrent Mark Cycle 31,984ms
[2022-10-30T11:51:34.806+0300][33,954s][info ][gc] GC(1169) Pause Young (Normal) (G1 Evacuation Pause) 159M->147M(512M) 27,315ms
[2022-10-30T11:51:34.837+0300][33,986s][info ][gc] GC(1170) Pause Young (Concurrent Start) (G1 Humongous Allocation) 174M->175M(512M) 10,903ms
[2022-10-30T11:51:34.837+0300][33,986s][info ][gc] GC(1171) Concurrent Mark Cycle
[2022-10-30T11:51:34.849+0300][33,998s][debug][gc] GC(1171) Reclaimed 124 empty regions
[2022-10-30T11:51:34.849+0300][33,998s][info ][gc] GC(1171) Pause Remark 220M->96M(512M) 1,464ms
[2022-10-30T11:51:34.865+0300][34,014s][info ][gc] GC(1171) Pause Cleanup 137M->137M(512M) 0,081ms
[2022-10-30T11:51:34.865+0300][34,014s][info ][gc] GC(1171) Concurrent Mark Cycle 28,344ms
[2022-10-30T11:51:34.900+0300][34,049s][info ][gc] GC(1172) Pause Young (Normal) (G1 Evacuation Pause) 159M->146M(512M) 26,960ms
[2022-10-30T11:51:34.932+0300][34,080s][info ][gc] GC(1173) Pause Young (Concurrent Start) (G1 Humongous Allocation) 173M->174M(512M) 10,650ms
[2022-10-30T11:51:34.932+0300][34,080s][info ][gc] GC(1174) Concurrent Mark Cycle
[2022-10-30T11:51:34.944+0300][34,092s][debug][gc] GC(1174) Reclaimed 124 empty regions
[2022-10-30T11:51:34.944+0300][34,093s][info ][gc] GC(1174) Pause Remark 220M->96M(512M) 1,314ms
[2022-10-30T11:51:34.959+0300][34,108s][info ][gc] GC(1174) Pause Cleanup 137M->137M(512M) 0,055ms
[2022-10-30T11:51:34.960+0300][34,108s][info ][gc] GC(1174) Concurrent Mark Cycle 28,065ms
[2022-10-30T11:51:34.991+0300][34,139s][info ][gc] GC(1175) Pause Young (Normal) (G1 Evacuation Pause) 158M->145M(512M) 22,834ms
[2022-10-30T11:51:35.022+0300][34,170s][info ][gc] GC(1176) Pause Young (Concurrent Start) (G1 Humongous Allocation) 172M->173M(512M) 10,532ms
[2022-10-30T11:51:35.022+0300][34,170s][info ][gc] GC(1177) Concurrent Mark Cycle
[2022-10-30T11:51:35.033+0300][34,182s][debug][gc] GC(1177) Reclaimed 123 empty regions
[2022-10-30T11:51:35.034+0300][34,182s][info ][gc] GC(1177) Pause Remark 218M->95M(512M) 1,173ms
[2022-10-30T11:51:35.049+0300][34,198s][info ][gc] GC(1177) Pause Cleanup 136M->136M(512M) 0,071ms
[2022-10-30T11:51:35.050+0300][34,198s][info ][gc] GC(1177) Concurrent Mark Cycle 28,098ms
[2022-10-30T11:51:35.088+0300][34,237s][info ][gc] GC(1178) Pause Young (Normal) (G1 Evacuation Pause) 159M->147M(512M) 30,096ms
[2022-10-30T11:51:35.122+0300][34,270s][info ][gc] GC(1179) Pause Young (Concurrent Start) (G1 Humongous Allocation) 173M->174M(512M) 13,040ms
[2022-10-30T11:51:35.122+0300][34,270s][info ][gc] GC(1180) Concurrent Mark Cycle
[2022-10-30T11:51:35.134+0300][34,282s][debug][gc] GC(1180) Reclaimed 124 empty regions
[2022-10-30T11:51:35.134+0300][34,283s][info ][gc] GC(1180) Pause Remark 219M->95M(512M) 1,446ms
[2022-10-30T11:51:35.149+0300][34,298s][info ][gc] GC(1180) Pause Cleanup 135M->135M(512M) 0,067ms
[2022-10-30T11:51:35.150+0300][34,298s][info ][gc] GC(1180) Concurrent Mark Cycle 28,094ms
[2022-10-30T11:51:35.182+0300][34,331s][info ][gc] GC(1181) Pause Young (Normal) (G1 Evacuation Pause) 158M->146M(512M) 23,517ms
[2022-10-30T11:51:35.214+0300][34,363s][info ][gc] GC(1182) Pause Young (Concurrent Start) (G1 Humongous Allocation) 173M->174M(512M) 12,084ms
[2022-10-30T11:51:35.214+0300][34,363s][info ][gc] GC(1183) Concurrent Mark Cycle
[2022-10-30T11:51:35.226+0300][34,375s][debug][gc] GC(1183) Reclaimed 124 empty regions
[2022-10-30T11:51:35.226+0300][34,375s][info ][gc] GC(1183) Pause Remark 220M->96M(512M) 1,040ms
[2022-10-30T11:51:35.242+0300][34,391s][info ][gc] GC(1183) Pause Cleanup 136M->136M(512M) 0,084ms
[2022-10-30T11:51:35.242+0300][34,391s][info ][gc] GC(1183) Concurrent Mark Cycle 27,996ms
[2022-10-30T11:51:35.276+0300][34,425s][info ][gc] GC(1184) Pause Young (Normal) (G1 Evacuation Pause) 158M->146M(512M) 25,872ms
[2022-10-30T11:51:35.307+0300][34,456s][info ][gc] GC(1185) Pause Young (Concurrent Start) (G1 Humongous Allocation) 173M->175M(512M) 10,369ms
[2022-10-30T11:51:35.307+0300][34,456s][info ][gc] GC(1186) Concurrent Mark Cycle
[2022-10-30T11:51:35.319+0300][34,468s][debug][gc] GC(1186) Reclaimed 124 empty regions
[2022-10-30T11:51:35.320+0300][34,468s][info ][gc] GC(1186) Pause Remark 220M->96M(512M) 1,430ms
[2022-10-30T11:51:35.335+0300][34,484s][info ][gc] GC(1186) Pause Cleanup 137M->137M(512M) 0,054ms
[2022-10-30T11:51:35.336+0300][34,484s][info ][gc] GC(1186) Concurrent Mark Cycle 28,343ms
[2022-10-30T11:51:35.367+0300][34,516s][info ][gc] GC(1187) Pause Young (Normal) (G1 Evacuation Pause) 159M->146M(512M) 23,119ms
[2022-10-30T11:51:35.400+0300][34,548s][info ][gc] GC(1188) Pause Young (Concurrent Start) (G1 Humongous Allocation) 173M->174M(512M) 12,201ms
[2022-10-30T11:51:35.400+0300][34,548s][info ][gc] GC(1189) Concurrent Mark Cycle
[2022-10-30T11:51:35.412+0300][34,561s][debug][gc] GC(1189) Reclaimed 123 empty regions
[2022-10-30T11:51:35.412+0300][34,561s][info ][gc] GC(1189) Pause Remark 221M->98M(512M) 1,168ms
[2022-10-30T11:51:35.428+0300][34,577s][info ][gc] GC(1189) Pause Cleanup 139M->139M(512M) 0,085ms
[2022-10-30T11:51:35.429+0300][34,577s][info ][gc] GC(1189) Concurrent Mark Cycle 28,907ms
[2022-10-30T11:51:35.462+0300][34,611s][info ][gc] GC(1190) Pause Young (Normal) (G1 Evacuation Pause) 159M->146M(512M) 25,934ms
[2022-10-30T11:51:35.493+0300][34,642s][info ][gc] GC(1191) Pause Young (Concurrent Start) (G1 Humongous Allocation) 173M->175M(512M) 10,348ms
[2022-10-30T11:51:35.493+0300][34,642s][info ][gc] GC(1192) Concurrent Mark Cycle
[2022-10-30T11:51:35.505+0300][34,654s][debug][gc] GC(1192) Reclaimed 124 empty regions
[2022-10-30T11:51:35.505+0300][34,654s][info ][gc] GC(1192) Pause Remark 220M->96M(512M) 1,529ms
[2022-10-30T11:51:35.521+0300][34,670s][info ][gc] GC(1192) Pause Cleanup 137M->137M(512M) 0,054ms
[2022-10-30T11:51:35.521+0300][34,670s][info ][gc] GC(1192) Concurrent Mark Cycle 28,490ms
[2022-10-30T11:51:35.556+0300][34,705s][info ][gc] GC(1193) Pause Young (Normal) (G1 Evacuation Pause) 159M->146M(512M) 26,363ms
[2022-10-30T11:51:35.587+0300][34,735s][info ][gc] GC(1194) Pause Young (Concurrent Start) (G1 Humongous Allocation) 173M->175M(512M) 10,411ms
[2022-10-30T11:51:35.587+0300][34,735s][info ][gc] GC(1195) Concurrent Mark Cycle
[2022-10-30T11:51:35.599+0300][34,747s][debug][gc] GC(1195) Reclaimed 124 empty regions
[2022-10-30T11:51:35.599+0300][34,748s][info ][gc] GC(1195) Pause Remark 220M->96M(512M) 1,202ms
[2022-10-30T11:51:35.615+0300][34,763s][info ][gc] GC(1195) Pause Cleanup 137M->137M(512M) 0,069ms
[2022-10-30T11:51:35.615+0300][34,764s][info ][gc] GC(1195) Concurrent Mark Cycle 28,256ms
[2022-10-30T11:51:35.645+0300][34,794s][info ][gc] GC(1196) Pause Young (Normal) (G1 Evacuation Pause) 159M->147M(512M) 22,114ms
[2022-10-30T11:51:35.676+0300][34,824s][info ][gc] GC(1197) Pause Young (Concurrent Start) (G1 Humongous Allocation) 174M->175M(512M) 10,176ms
[2022-10-30T11:51:35.676+0300][34,824s][info ][gc] GC(1198) Concurrent Mark Cycle
[2022-10-30T11:51:35.687+0300][34,836s][debug][gc] GC(1198) Reclaimed 125 empty regions
[2022-10-30T11:51:35.688+0300][34,836s][info ][gc] GC(1198) Pause Remark 220M->95M(512M) 1,071ms
[2022-10-30T11:51:35.703+0300][34,852s][info ][gc] GC(1198) Pause Cleanup 136M->136M(512M) 0,092ms
[2022-10-30T11:51:35.704+0300][34,852s][info ][gc] GC(1198) Concurrent Mark Cycle 27,868ms
[2022-10-30T11:51:35.736+0300][34,885s][info ][gc] GC(1199) Pause Young (Normal) (G1 Evacuation Pause) 158M->145M(512M) 24,450ms
[2022-10-30T11:51:35.771+0300][34,920s][info ][gc] GC(1200) Pause Young (Concurrent Start) (G1 Humongous Allocation) 172M->173M(512M) 14,883ms
[2022-10-30T11:51:35.772+0300][34,920s][info ][gc] GC(1201) Concurrent Mark Cycle
[2022-10-30T11:51:35.784+0300][34,933s][debug][gc] GC(1201) Reclaimed 121 empty regions
[2022-10-30T11:51:35.784+0300][34,933s][info ][gc] GC(1201) Pause Remark 218M->97M(512M) 1,581ms
[2022-10-30T11:51:35.800+0300][34,948s][info ][gc] GC(1201) Pause Cleanup 138M->138M(512M) 0,060ms
[2022-10-30T11:51:35.800+0300][34,949s][info ][gc] GC(1201) Concurrent Mark Cycle 28,632ms
[2022-10-30T11:51:35.845+0300][34,994s][info ][gc] GC(1202) Pause Young (Prepare Mixed) (G1 Evacuation Pause) 161M->149M(512M) 36,171ms
[2022-10-30T11:51:35.860+0300][35,009s][info ][gc] GC(1203) Pause Young (Mixed) (G1 Evacuation Pause) 161M->161M(512M) 10,262ms
[2022-10-30T11:51:35.933+0300][35,082s][info ][gc] GC(1204) Pause Young (Normal) (G1 Evacuation Pause) 273M->274M(512M) 27,259ms
[2022-10-30T11:51:35.970+0300][35,119s][info ][gc] GC(1205) Pause Young (Concurrent Start) (G1 Humongous Allocation) 311M->312M(512M) 12,702ms
[2022-10-30T11:51:35.970+0300][35,119s][info ][gc] GC(1206) Concurrent Mark Cycle
[2022-10-30T11:51:35.984+0300][35,133s][debug][gc] GC(1206) Reclaimed 252 empty regions
[2022-10-30T11:51:35.984+0300][35,133s][info ][gc] GC(1206) Pause Remark 362M->110M(512M) 1,859ms
[2022-10-30T11:51:36.004+0300][35,153s][info ][gc] GC(1207) Pause Young (Normal) (G1 Evacuation Pause) 125M->117M(512M) 13,617ms
[2022-10-30T11:51:36.016+0300][35,165s][info ][gc] GC(1206) Pause Cleanup 148M->148M(512M) 0,092ms
[2022-10-30T11:51:36.016+0300][35,165s][info ][gc] GC(1206) Concurrent Mark Cycle 46,393ms
[2022-10-30T11:51:36.062+0300][35,211s][info ][gc] GC(1208) Pause Young (Concurrent Start) (G1 Humongous Allocation) 187M->188M(512M) 20,731ms
[2022-10-30T11:51:36.062+0300][35,211s][info ][gc] GC(1209) Concurrent Mark Cycle
[2022-10-30T11:51:36.080+0300][35,229s][debug][gc] GC(1209) Reclaimed 100 empty regions
[2022-10-30T11:51:36.081+0300][35,229s][info ][gc] GC(1209) Pause Remark 250M->150M(512M) 1,026ms
[2022-10-30T11:51:36.121+0300][35,270s][info ][gc] GC(1210) Pause Young (Normal) (G1 Evacuation Pause) 192M->178M(512M) 24,305ms
[2022-10-30T11:51:36.129+0300][35,278s][info ][gc] GC(1209) Pause Cleanup 198M->198M(512M) 0,091ms
[2022-10-30T11:51:36.129+0300][35,278s][info ][gc] GC(1209) Concurrent Mark Cycle 67,287ms
[2022-10-30T11:51:36.158+0300][35,306s][info ][gc] GC(1211) Pause Young (Concurrent Start) (G1 Humongous Allocation) 209M->210M(512M) 14,193ms
[2022-10-30T11:51:36.158+0300][35,306s][info ][gc] GC(1212) Concurrent Mark Cycle
[2022-10-30T11:51:36.172+0300][35,320s][debug][gc] GC(1212) Reclaimed 154 empty regions
[2022-10-30T11:51:36.172+0300][35,321s][info ][gc] GC(1212) Pause Remark 262M->108M(512M) 1,010ms
[2022-10-30T11:51:36.211+0300][35,360s][info ][gc] GC(1213) Pause Young (Normal) (G1 Evacuation Pause) 153M->141M(512M) 22,273ms
[2022-10-30T11:51:36.212+0300][35,361s][info ][gc] GC(1212) Pause Cleanup 142M->142M(512M) 0,092ms
[2022-10-30T11:51:36.212+0300][35,361s][info ][gc] GC(1212) Concurrent Mark Cycle 54,708ms
[2022-10-30T11:51:36.291+0300][35,439s][info ][gc] GC(1214) Pause Young (Prepare Mixed) (G1 Evacuation Pause) 259M->261M(512M) 30,083ms
[2022-10-30T11:51:36.302+0300][35,451s][info ][gc] GC(1215) Pause Young (Mixed) (G1 Evacuation Pause) 272M->273M(512M) 7,338ms
[2022-10-30T11:51:36.342+0300][35,490s][info ][gc] GC(1216) Pause Young (Concurrent Start) (G1 Humongous Allocation) 316M->318M(512M) 12,522ms
[2022-10-30T11:51:36.342+0300][35,490s][info ][gc] GC(1217) Concurrent Mark Cycle
[2022-10-30T11:51:36.355+0300][35,504s][debug][gc] GC(1217) Reclaimed 258 empty regions
[2022-10-30T11:51:36.355+0300][35,504s][info ][gc] GC(1217) Pause Remark 367M->109M(512M) 1,182ms
[2022-10-30T11:51:36.373+0300][35,522s][info ][gc] GC(1218) Pause Young (Normal) (G1 Evacuation Pause) 123M->117M(512M) 12,506ms
[2022-10-30T11:51:36.384+0300][35,533s][info ][gc] GC(1217) Pause Cleanup 135M->135M(512M) 0,084ms
[2022-10-30T11:51:36.385+0300][35,533s][info ][gc] GC(1217) Concurrent Mark Cycle 43,004ms
[2022-10-30T11:51:36.459+0300][35,608s][info ][gc] GC(1219) Pause Young (Prepare Mixed) (G1 Evacuation Pause) 243M->244M(512M) 30,657ms
[2022-10-30T11:51:36.470+0300][35,618s][info ][gc] GC(1220) Pause Young (Mixed) (G1 Evacuation Pause) 254M->255M(512M) 6,467ms
[2022-10-30T11:51:36.510+0300][35,659s][info ][gc] GC(1221) Pause Young (Concurrent Start) (G1 Evacuation Pause) 317M->318M(512M) 17,082ms
[2022-10-30T11:51:36.510+0300][35,659s][info ][gc] GC(1222) Concurrent Mark Cycle
[2022-10-30T11:51:36.527+0300][35,676s][info ][gc] GC(1222) Concurrent Mark Cycle 16,807ms
